sales_data.csv
sale_date,product_id,quantity,sales_price_tax,regular_price_tax,sales_price,regular_price,purchase_price
2021-01-02,110853,1,3990.0,8322.0,3325.0,6935.1852,2833.7
2021-01-04,110853,12,3990.0,8322.0,3325.0,6935.1852,2833.7
2021-01-05,110853,2,3990.0,8322.0,3325.0,6935.1852,2833.7
2021-01-06,110853,5,3990.0,8322.0,3325.0,6935.1852,2833.7
2021-01-08,110853,29,3990.0,8322.0,3325.0,6935.1852,2833.7
2021-01-11,110853,14,3990.0,8322.0,3325.0,6935.1852,2833.7
2021-01-12,110853,25,3990.0,8322.0,3325.0,6935.1852,2833.7
2021-01-13,110853,11,3990.0,8322.0,3325.0,6935.1852,2833.7
2021-01-14,110853,15,3990.0,8322.0,3325.0,6935.1852,2833.7
2021-01-15,110853,4,3990.0,8322.0,3325.0,6935.1852,2833.7
2021-01-18,110853,5,3990.0,8322.0,3325.0,6935.1852,2833.7
2021-01-19,110853,3,3990.0,8322.0,3325.0,6935.1852,2833.7
2021-01-21,110853,1,3990.0,8322.0,3325.0,6935.1852,2833.7
2021-01-22,110853,2,3990.0,8322.0,3325.0,6935.1852,2833.7
2021-01-25,110853,3,3990.0,8322.0,3325.0,6935.1852,2833.7
2021-01-26,110853,2,3990.0,8322.0,3325.0,6935.1852,2833.7
2021-01-27,110853,2,3990.0,8322.0,3325.0,6935.1852,2833.7
2021-01-28,110853,4,3990.0,8322.0,3325.0,6935.1852,2833.7
2021-01-29,110853,4,3990.0,8322.0,3325.0,6935.1852,2833.7
2021-01-30,110853,1,3990.0,8322.0,3325.0,6935.1852,2833.7
2021-02-01,110853,1,3990.0,8322.0,3325.0,6935.1852,2833.7
2021-02-02,110853,7,3990.0,8322.0,3325.0,6935.1852,2833.7
2021-02-03,110853,7,3990.0,8322.0,3325.0,6935.1852,2833.7
2021-02-04,110853,1,3990.0,8322.0,3325.0,6935.1852,2833.7
2021-02-05,110853,9,3990.0,8322.0,3325.0,6935.1852,2833.7
2021-02-06,110853,1,3990.0,8322.0,3325.0,6935.1852,2833.7
2021-02-08,110853,6,3990.0,8322.0,3325.0,6935.1852,2833.7
2021-02-09,110853,3,3990.0,8322.0,3325.0,6935.1852,2833.7
2021-02-10,110853,3,3768.0,8322.0,3140.0,6935.1852,2833.7
2021-02-11,110853,3,3990.0,8322.0,3325.0,6935.1852,2833.7
2021-02-12,110853,8,3990.0,8322.0,3325.0,6935.1852,2833.7
2021-02-13,110853,1,3990.0,8322.0,3325.0,6935.1852,2833.7
2021-02-15,110853,1,3990.0,8322.0,3325.0,6935.1852,2833.7
2021-02-16,110853,4,3768.0,8322.0,3140.0,6935.1852,2833.7
2021-02-17,110853,4,3990.0,8322.0,3325.0,6935.1852,2833.7
2021-02-18,110853,6,3768.0,8322.0,3140.0,6935.1852,2833.7
2021-02-19,110853,1,3990.0,8322.0,3325.0,6935.1852,2833.7
2021-02-20,110853,2,3326.0,8322.0,2772.0,6935.1852,2833.7
2021-02-23,110853,18,3879.0,8322.0,3232.5,6935.1852,2833.7
2021-02-24,110853,5,3990.0,8322.0,3325.0,6935.1852,2833.7
2021-02-25,110853,8,3657.5,8322.0,3048.0,6935.1852,2833.7
2021-02-26,110853,15,3326.0,8322.0,2772.0,6935.1852,2833.7
2021-02-27,110853,14,3326.0,8322.0,2772.0,6935.1852,2833.7
2021-03-01,110853,7,3547.0,8322.0,2956.0,6935.1852,2833.7
2021-03-02,110853,8,3768.0,8322.0,3140.0,6935.1852,2833.7
2021-03-03,110853,14,3768.0,8322.0,3140.0,6935.1852,2833.7
2021-03-04,110853,3,3879.0,8322.0,3232.5,6935.1852,2833.7
2021-03-05,110853,14,3990.0,8322.0,3325.0,6935.1852,2833.7
2021-03-08,110853,7,3325.0,8322.0,2771.0,6935.1852,2833.7
2021-03-09,110853,16,3325.0,8322.0,2771.0,6935.1852,2833.7
2021-03-10,110853,9,3325.0,8322.0,2771.0,6935.1852,2833.7
2021-03-11,110853,15,3325.0,8322.0,2771.0,6935.1852,2833.7
2021-03-12,110853,23,3325.0,8322.0,2771.0,6935.1852,2833.7
2021-03-13,110853,3,3325.0,8322.0,2771.0,6935.1852,2833.7
2021-03-15,110853,17,3325.0,8322.0,2771.0,6935.1852,2833.7
2021-03-16,110853,8,3325.0,8322.0,2771.0,6935.1852,2833.7
2021-03-17,110853,13,3768.0,8322.0,3140.0,6935.1852,2833.7
2021-03-18,110853,15,3990.0,8322.0,3325.0,6935.1852,2833.7
2021-03-19,110853,6,3990.0,8322.0,3325.0,6935.1852,2833.7
2021-03-20,110853,4,3990.0,8322.0,3325.0,6935.1852,2833.7
2021-03-22,110853,7,3990.0,8322.0,3325.0,6935.1852,2833.7
2021-03-23,110853,2,3768.5,8322.0,3140.5,6935.1852,2833.7
2021-03-24,110853,4,3990.0,8322.0,3325.0,6935.1852,2833.7
2021-03-25,110853,1,3547.0,8322.0,2956.0,6935.1852,2833.7
2021-03-26,110853,4,3990.0,8322.0,3325.0,6935.1852,2833.7
2021-03-27,110853,4,3990.0,8322.0,3325.0,6935.1852,2833.7
2021-03-29,110853,15,3990.0,8322.0,3325.0,6935.1852,2833.7
2021-03-30,110853,6,3990.0,8322.0,3325.0,6935.1852,2833.7
2021-03-31,110853,4,3547.0,8322.0,2956.0,6935.1852,2833.7
2021-04-01,110853,2,3990.0,8322.0,3325.0,6935.1852,3295.0
2021-04-02,110853,1,3990.0,8322.0,3325.0,6935.1852,2833.7
2021-04-05,110853,3,3990.0,8322.0,3325.0,6935.1852,2833.7
2021-04-07,110853,3,3990.0,8322.0,3325.0,6935.1852,2833.7
2021-04-12,110853,6,3990.0,8322.0,3325.0,6935.1852,2833.7
2021-04-13,110853,2,3990.0,8322.0,3325.0,6935.1852,3126.85
2021-04-14,110853,2,3990.0,8322.0,3325.0,6935.1852,2833.7
2021-04-15,110853,2,3990.0,8322.0,3325.0,6935.1852,2833.7
2021-04-16,110853,6,3990.0,8322.0,3325.0,6935.1852,2833.7
2021-04-19,110853,7,3990.0,8322.0,3325.0,6935.1852,2833.7
2021-04-20,110853,10,3990.0,8322.0,3325.0,6935.1852,2833.7
2021-04-21,110853,2,3990.0,8322.0,3325.0,6935.1852,2833.7
2021-04-22,110853,3,3990.0,8322.0,3325.0,6935.1852,2833.7
2021-04-23,110853,5,3990.0,8322.0,3325.0,6935.1852,2833.7
2021-04-25,110853,2,3990.0,8322.0,3325.0,6935.1852,2833.7
2021-04-26,110853,3,3990.0,8322.0,3325.0,6935.1852,2833.7
2021-04-27,110853,1,3990.0,8322.0,3325.0,6935.1852,2833.7
2021-04-28,110853,3,3990.0,8322.0,3325.0,6935.1852,2833.7
2021-04-29,110853,6,3990.0,8322.0,3325.0,6935.1852,2833.7
2021-05-03,110853,1,3990.0,8322.0,3325.0,6935.1852,2833.7
2021-05-04,110853,1,3990.0,8322.0,3325.0,6935.1852,2833.7
2021-05-05,110853,6,3990.0,8322.0,3325.0,6935.1852,2833.7
2021-05-06,110853,5,3990.0,8322.0,3325.0,6935.1852,2833.7
2021-05-07,110853,6,3990.0,8322.0,3325.0,6935.1852,2833.7
2021-05-09,110853,1,3990.0,8322.0,3325.0,6935.1852,2833.7
2021-05-10,110853,3,3990.0,8322.0,3325.0,6935.1852,2833.7
2021-05-11,110853,1,3990.0,8322.0,3325.0,6935.1852,2833.7
2021-05-12,110853,4,3990.0,8322.0,3325.0,6935.1852,2892.33
2021-05-13,110853,6,3990.0,8322.0,3325.0,6935.1852,2833.7
2021-05-14,110853,4,3990.0,8322.0,3325.0,6935.1852,2833.7
2021-05-15,110853,2,3990.0,8322.0,3325.0,6935.1852,2833.7
2021-05-17,110853,8,3990.0,8322.0,3325.0,6935.1852,2833.7
2021-05-18,110853,1,3990.0,8322.0,3325.0,6935.1852,2833.7
2021-05-19,110853,3,3990.0,8322.0,3325.0,6935.1852,2833.7
2021-05-20,110853,2,3990.0,8322.0,3325.0,6935.1852,2833.7
2021-05-21,110853,2,3990.0,8322.0,3325.0,6935.1852,2833.7
2021-05-22,110853,2,3990.0,8322.0,3325.0,6935.1852,2833.7
2021-05-24,110853,2,3990.0,8322.0,3325.0,6935.1852,2833.7
2021-05-27,110853,1,3990.0,8322.0,3325.0,6935.1852,2833.7
2021-05-28,110853,2,3990.0,8322.0,3325.0,6935.1852,2833.7
2021-05-31,110853,2,3990.0,8322.0,3325.0,6935.1852,2833.7
2021-06-01,110853,2,3990.0,8322.0,3325.0,6935.1852,3243.598
2021-06-17,110853,1,3547.0,8322.0,2956.0,6935.1852,2833.7
2021-06-19,110853,1,3990.0,8322.0,3325.0,6935.1852,2833.7
2021-08-09,110853,1,3990.0,8322.0,3325.0,6935.1852,2833.7
2021-08-20,110853,1,3325.0,8322.0,2771.0,6935.1852,2833.7
2021-09-20,110853,1,3688.0,4098.0,3073.0,3414.8148,2833.7
2021-09-22,110853,1,3483.0,4098.0,2902.0,3414.8148,2833.7
2021-12-07,110853,1,3990.0,4098.0,3325.0,3414.8148,2833.7
2021-12-10,110853,1,3990.0,4098.0,3325.0,3414.8148,2833.7
