sales_data.csv
sale_date,product_id,quantity,sales_price_tax,regular_price_tax,sales_price,regular_price,purchase_price
2021-01-03,157318,1,4590.0,12211.0,3825.0,10175.9259,3481.2
2021-01-04,157318,1,4590.0,12211.0,3825.0,10175.9259,3481.2
2021-01-06,157318,1,4590.0,12211.0,3825.0,10175.9259,3481.2
2021-01-08,157318,13,4590.0,12211.0,3825.0,10175.9259,3481.2
2021-01-11,157318,3,4590.0,12211.0,3825.0,10175.9259,3481.2
2021-01-12,157318,2,4590.0,12211.0,3825.0,10175.9259,3481.2
2021-01-13,157318,4,4590.0,12211.0,3825.0,10175.9259,3481.2
2021-01-14,157318,5,4590.0,12211.0,3825.0,10175.9259,3481.2
2021-01-16,157318,3,4990.0,12211.0,4158.0,10175.9259,3481.2
2021-01-18,157318,5,4990.0,12211.0,4158.0,10175.9259,3481.2
2021-01-19,157318,2,4990.0,12211.0,4158.0,10175.9259,3481.2
2021-01-20,157318,1,4990.0,12211.0,4158.0,10175.9259,3481.2
2021-01-21,157318,2,4990.0,12211.0,4158.0,10175.9259,3481.2
2021-01-22,157318,2,4990.0,12211.0,4158.0,10175.9259,3481.2
2021-01-25,157318,2,4990.0,12211.0,4158.0,10175.9259,3481.2
2021-01-26,157318,4,4990.0,12211.0,4158.0,10175.9259,3481.2
2021-01-27,157318,4,4990.0,12211.0,4158.0,10175.9259,3481.2
2021-01-28,157318,2,4990.0,12211.0,4158.0,10175.9259,3481.2
2021-02-02,157318,4,4990.0,12211.0,4158.0,10175.9259,3481.2
2021-02-03,157318,1,4990.0,12211.0,4158.0,10175.9259,3481.2
2021-02-04,157318,3,4990.0,12211.0,4158.0,10175.9259,3481.2
2021-02-05,157318,1,4990.0,12211.0,4158.0,10175.9259,3481.2
2021-02-08,157318,4,4990.0,12211.0,4158.0,10175.9259,3481.2
2021-02-09,157318,2,4990.0,12211.0,4158.0,10175.9259,3481.2
2021-02-11,157318,1,4990.0,12211.0,4158.0,10175.9259,3481.2
2021-02-12,157318,2,4651.5,12211.0,3876.5,10175.9259,3481.2
2021-02-17,157318,1,4990.0,12211.0,4158.0,10175.9259,3481.2
2021-02-18,157318,3,4713.0,12211.0,3928.0,10175.9259,3481.2
2021-02-19,157318,2,4574.5,12211.0,3812.0,10175.9259,3481.2
2021-02-25,157318,3,4713.0,12211.0,3928.0,10175.9259,3481.2
2021-02-27,157318,1,4159.0,12211.0,3466.0,10175.9259,3481.2
2021-03-03,157318,1,4713.0,12211.0,3928.0,10175.9259,3481.2
2021-03-04,157318,1,4713.0,12211.0,3928.0,10175.9259,3481.2
2021-03-05,157318,2,4990.0,12211.0,4158.0,10175.9259,3481.2
2021-03-08,157318,2,4158.0,12211.0,3465.0,10175.9259,3481.2
2021-03-09,157318,3,4158.0,12211.0,3465.0,10175.9259,3481.2
2021-03-10,157318,8,4158.0,12211.0,3465.0,10175.9259,3481.2
2021-03-11,157318,5,4158.0,12211.0,3465.0,10175.9259,3481.2
2021-03-12,157318,3,4158.0,12211.0,3465.0,10175.9259,3481.2
2021-03-13,157318,2,4435.5,12211.0,3696.5,10175.9259,3481.2
2021-03-15,157318,4,4158.0,12211.0,3465.0,10175.9259,3481.2
2021-03-16,157318,3,4158.0,12211.0,3465.0,10175.9259,3481.2
2021-03-17,157318,4,4713.0,12211.0,3928.0,10175.9259,3481.2
2021-03-18,157318,2,4851.5,12211.0,4043.0,10175.9259,3481.2
2021-03-20,157318,4,4990.0,12211.0,4158.0,10175.9259,3481.2
2021-03-23,157318,2,4713.0,12211.0,3927.5,10175.9259,3481.2
2021-03-24,157318,2,4990.0,12211.0,4158.0,10175.9259,3481.2
2021-03-25,157318,6,4990.0,12211.0,4158.0,10175.9259,3481.2000000000003
2021-03-26,157318,4,4990.0,12211.0,4158.0,10175.9259,3481.2
2021-03-27,157318,1,4990.0,12211.0,4158.0,10175.9259,3481.2
2021-03-29,157318,8,4713.0,12211.0,3927.5,10175.9259,3481.2
2021-03-30,157318,2,4713.0,12211.0,3927.5,10175.9259,3481.2
2021-03-31,157318,4,4436.0,12211.0,3697.0,10175.9259,3481.2
2021-04-02,157318,1,4990.0,12211.0,4158.0,10175.9259,3481.2
2021-04-05,157318,1,10990.0,12211.0,9158.0,10175.9259,3481.2
2021-04-08,157318,1,4990.0,12211.0,4158.0,10175.9259,3481.2
2021-04-09,157318,1,4990.0,12211.0,4158.0,10175.9259,3481.2
2021-04-12,157318,2,4990.0,12211.0,4158.0,10175.9259,3481.2
2021-04-13,157318,1,4990.0,12211.0,4158.0,10175.9259,3481.2
2021-04-14,157318,2,4990.0,12211.0,4158.0,10175.9259,3481.2
2021-04-16,157318,3,4990.0,12211.0,4158.0,10175.9259,3481.2
2021-04-17,157318,1,4990.0,12211.0,4158.0,10175.9259,3481.2
2021-04-18,157318,1,4990.0,12211.0,4158.0,10175.9259,3481.2
2021-04-19,157318,2,4990.0,12211.0,4158.0,10175.9259,3481.2
2021-04-20,157318,1,4990.0,12211.0,4158.0,10175.9259,3481.2
2021-04-21,157318,2,4990.0,12211.0,4158.0,10175.9259,3481.2
2021-04-22,157318,6,4990.0,12211.0,4158.0,10175.9259,3481.2
2021-04-23,157318,2,4990.0,12211.0,4158.0,10175.9259,3481.2
2021-04-26,157318,5,4990.0,12211.0,4158.0,10175.9259,3481.2
2021-04-27,157318,6,4990.0,12211.0,4158.0,10175.9259,3481.2
2021-04-28,157318,3,4990.0,12211.0,4158.0,10175.9259,3481.2
2021-04-29,157318,2,4841.0,12211.0,4034.0,10175.9259,3481.2
2021-04-30,157318,1,4990.0,12211.0,4158.0,10175.9259,3481.2
2021-05-03,157318,1,4990.0,12211.0,4158.0,10175.9259,3481.2
2021-05-04,157318,1,5190.0,12211.0,4325.0,10175.9259,3481.2
2021-05-05,157318,6,4795.0,12211.0,3995.5,10175.9259,3481.2
2021-05-06,157318,1,4990.0,12211.0,4158.0,10175.9259,3481.2
2021-05-07,157318,1,4990.0,12211.0,4158.0,10175.9259,3481.2
2021-05-10,157318,1,5190.0,12211.0,4325.0,10175.9259,3481.2
2021-05-11,157318,1,4990.0,12211.0,4158.0,10175.9259,3481.2
2021-05-13,157318,5,5190.0,12211.0,4325.0,10175.9259,3481.2
2021-05-14,157318,1,5190.0,12211.0,4325.0,10175.9259,3481.2
2021-05-20,157318,2,5190.0,12211.0,4325.0,10175.9259,3481.2
2021-05-21,157318,1,5190.0,12211.0,4325.0,10175.9259,3481.2
2021-05-22,157318,1,5190.0,12211.0,4325.0,10175.9259,3481.2
2021-05-24,157318,1,5190.0,12211.0,4325.0,10175.9259,3481.2
2021-05-26,157318,1,5190.0,12211.0,4325.0,10175.9259,3481.2
2021-05-27,157318,2,5190.0,12211.0,4325.0,10175.9259,3481.2
2021-05-28,157318,1,5190.0,12211.0,4325.0,10175.9259,3481.2
2021-06-01,157318,1,5190.0,12211.0,4325.0,10175.9259,3481.2
2021-06-02,157318,1,5190.0,12211.0,4325.0,10175.9259,3481.2
2021-06-03,157318,1,3742.0,12211.0,3118.0,10175.9259,3481.2
2021-06-08,157318,2,4574.0,12211.0,3811.5,10175.9259,3481.2
2021-06-14,157318,3,4674.0,12211.0,3895.0,10175.9259,3481.2
2021-06-16,157318,2,4990.0,12211.0,4158.0,10175.9259,3481.2
2021-06-24,157318,1,4990.0,12211.0,4158.0,10175.9259,3481.2
2021-07-12,157318,2,4990.0,12211.0,4158.0,10175.9259,3481.2
2021-07-13,157318,2,4990.0,12211.0,4158.0,10175.9259,3481.2
2021-07-14,157318,1,4990.0,12211.0,4158.0,10175.9259,3481.2
2021-07-17,157318,1,4990.0,12211.0,4158.0,10175.9259,3481.2
2021-07-19,157318,3,4990.0,12211.0,4158.0,10175.9259,3481.2
2021-07-21,157318,1,4990.0,12211.0,4158.0,10175.9259,3481.2
2021-07-22,157318,5,4990.0,12211.0,4158.0,10175.9259,3481.2
2021-07-23,157318,7,4990.0,12211.0,4158.0,10175.9259,3481.2
2021-07-25,157318,1,4990.0,12211.0,4158.0,10175.9259,3481.2
2021-07-27,157318,2,4990.0,12211.0,4158.0,10175.9259,3481.2
2021-07-28,157318,1,4990.0,12211.0,4158.0,10175.9259,3481.2
2021-07-29,157318,2,4990.0,12211.0,4158.0,10175.9259,3481.2
2021-07-30,157318,9,4990.0,12211.0,4158.0,10175.9259,3481.2
2021-08-01,157318,1,4990.0,12211.0,4158.0,10175.9259,3481.2
2021-08-02,157318,1,4990.0,12211.0,4158.0,10175.9259,3481.2
2021-08-04,157318,2,4990.0,12211.0,4158.0,10175.9259,3481.2
2021-08-05,157318,3,4990.0,12211.0,4158.0,10175.9259,3481.2
2021-08-06,157318,4,4990.0,12211.0,4158.0,10175.9259,3481.2
2021-08-09,157318,6,4990.0,12211.0,4158.0,10175.9259,3481.2
2021-08-10,157318,2,4990.0,12211.0,4158.0,10175.9259,3481.2
2021-08-11,157318,4,4990.0,12211.0,4158.0,10175.9259,3481.2
2021-08-13,157318,5,4990.0,12211.0,4158.0,10175.9259,3481.2
2021-08-16,157318,1,4990.0,12211.0,4158.0,10175.9259,3481.2
2021-08-17,157318,2,4990.0,12211.0,4158.0,10175.9259,3481.2
2021-08-18,157318,2,4990.0,12211.0,4158.0,10175.9259,3481.2
2021-08-19,157318,1,4990.0,12211.0,4158.0,10175.9259,3481.2
2021-08-20,157318,6,4990.0,12211.0,4158.0,10175.9259,3481.2
2021-08-23,157318,6,4990.0,12211.0,4158.0,10175.9259,3481.2
2021-08-24,157318,2,4990.0,12211.0,4158.0,10175.9259,3481.2
2021-08-25,157318,8,4990.0,12211.0,4158.0,10175.9259,3481.2
2021-08-26,157318,5,4990.0,12211.0,4158.0,10175.9259,3481.2
2021-08-27,157318,1,4990.0,12211.0,4158.0,10175.9259,3481.2
2021-08-28,157318,1,4990.0,12211.0,4158.0,10175.9259,3481.2
2021-08-31,157318,1,4990.0,12211.0,4158.0,10175.9259,3481.2
2021-09-01,157318,1,4990.0,12211.0,4158.0,10175.9259,3481.2
2021-09-02,157318,1,4990.0,12211.0,4158.0,10175.9259,3481.2
2021-09-03,157318,4,4990.0,12211.0,4158.0,10175.9259,3481.2
2021-09-05,157318,1,4990.0,12211.0,4158.0,10175.9259,3481.2
2021-09-07,157318,3,4990.0,12211.0,4158.0,10175.9259,3481.2
2021-09-08,157318,2,4990.0,12211.0,4158.0,10175.9259,3481.2
2021-09-10,157318,3,4990.0,12211.0,4158.0,10175.9259,3481.2
2021-09-11,157318,3,4990.0,12211.0,4158.0,10175.9259,3481.2
2021-09-13,157318,10,4990.0,12211.0,4158.0,10175.9259,3481.2
2021-09-14,157318,2,4990.0,12211.0,4158.0,10175.9259,3481.2
2021-09-15,157318,1,4990.0,12211.0,4158.0,10175.9259,3481.2
2021-09-16,157318,1,4990.0,12211.0,4158.0,10175.9259,3481.2
2021-09-17,157318,5,4990.0,12211.0,4158.0,10175.9259,3481.2
2021-09-18,157318,1,4990.0,12211.0,4158.0,10175.9259,3481.2
2021-09-19,157318,1,4990.0,12211.0,4158.0,10175.9259,3481.2
2021-09-20,157318,2,4990.0,12211.0,4158.0,10175.9259,3481.2
2021-09-21,157318,2,4990.0,12211.0,4158.0,10175.9259,3481.2
2021-09-22,157318,1,4990.0,12211.0,4158.0,10175.9259,3481.2
2021-09-23,157318,1,4990.0,12211.0,4158.0,10175.9259,3481.2
2021-09-24,157318,4,4990.0,12211.0,4158.0,10175.9259,3481.2
2021-09-27,157318,3,4990.0,12211.0,4158.0,10175.9259,3481.2
2021-09-28,157318,2,4990.0,12211.0,4158.0,10175.9259,3481.2
2021-09-29,157318,2,4990.0,12211.0,4158.0,10175.9259,3481.2
2021-09-30,157318,1,4990.0,12211.0,4158.0,10175.9259,3481.2
2021-10-04,157318,1,4990.0,12211.0,4158.0,10175.9259,3481.2
2021-10-05,157318,5,4990.0,12211.0,4158.0,10175.9259,3481.2
2021-10-06,157318,1,4990.0,12211.0,4158.0,10175.9259,3481.2
2021-10-09,157318,1,4990.0,12211.0,4158.0,10175.9259,3481.2
2021-10-11,157318,1,4990.0,12211.0,4158.0,10175.9259,3481.2
2021-10-12,157318,2,4990.0,12211.0,4158.0,10175.9259,3481.2
2021-10-13,157318,2,4990.0,12211.0,4158.0,10175.9259,3481.2
2021-10-14,157318,1,4990.0,12211.0,4158.0,10175.9259,3481.2
2021-10-15,157318,2,4990.0,12211.0,4158.0,10175.9259,3481.2
2021-10-16,157318,1,4990.0,12211.0,4158.0,10175.9259,3481.2
2021-10-20,157318,2,4990.0,12211.0,4158.0,10175.9259,3481.2
2021-10-21,157318,5,4990.0,12211.0,4158.0,10175.9259,3481.2
2021-10-22,157318,1,4990.0,12211.0,4158.0,10175.9259,3481.2
2021-10-23,157318,1,4990.0,12211.0,4158.0,10175.9259,3481.2
2021-10-25,157318,2,4990.0,12211.0,4158.0,10175.9259,3481.2
2021-10-26,157318,6,4990.0,12211.0,4158.0,10175.9259,3481.2
2021-10-27,157318,1,4990.0,12211.0,4158.0,10175.9259,3481.2
2021-10-28,157318,2,4990.0,12211.0,4158.0,10175.9259,3481.2
2021-10-30,157318,1,4990.0,12211.0,4158.0,10175.9259,3481.2
2021-10-31,157318,1,4990.0,12211.0,4158.0,10175.9259,3481.2
2021-11-01,157318,4,4990.0,12211.0,4158.0,10175.9259,3481.2
2021-11-02,157318,1,4990.0,12211.0,4158.0,10175.9259,3481.2
2021-11-03,157318,1,4990.0,12211.0,4158.0,10175.9259,3481.2
2021-11-04,157318,2,4990.0,12211.0,4158.0,10175.9259,3481.2
2021-11-05,157318,1,4990.0,12211.0,4158.0,10175.9259,3481.2
2021-11-12,157318,2,4990.0,12211.0,4158.0,10175.9259,3481.2
2021-11-15,157318,4,4990.0,12211.0,4158.0,10175.9259,3481.2
2021-11-17,157318,3,4990.0,12211.0,4158.0,10175.9259,3481.2
2021-11-22,157318,5,4990.0,12211.0,4158.0,10175.9259,3481.2
2021-11-24,157318,2,4990.0,12211.0,4158.0,10175.9259,3481.2
2021-11-25,157318,5,4990.0,12211.0,4158.0,10175.9259,3481.2
2021-11-26,157318,1,4990.0,12211.0,4158.0,10175.9259,3481.2
2021-11-27,157318,10,4990.0,12211.0,4158.0,10175.9259,3481.2
2021-11-29,157318,3,4990.0,12211.0,4158.0,10175.9259,3481.2
2021-12-01,157318,6,4990.0,12211.0,4158.0,10175.9259,3481.2
2021-12-02,157318,1,4990.0,12211.0,4158.0,10175.9259,3481.2
2021-12-03,157318,2,4990.0,12211.0,4158.0,10175.9259,3481.2
2021-12-06,157318,1,4990.0,12211.0,4158.0,10175.9259,3481.2
2021-12-07,157318,2,4990.0,12211.0,4158.0,10175.9259,3481.2
2021-12-08,157318,7,4990.0,12211.0,4158.0,10175.9259,3481.2
2021-12-09,157318,1,4990.0,12211.0,4158.0,10175.9259,3481.2
2021-12-13,157318,5,4990.0,12211.0,4158.0,10175.9259,3481.2
2021-12-15,157318,5,4990.0,12211.0,4158.0,10175.9259,3481.2
2021-12-16,157318,2,4990.0,12211.0,4158.0,10175.9259,3481.2
2021-12-17,157318,4,4990.0,12211.0,4158.0,10175.9259,3481.2
2021-12-18,157318,2,4990.0,12211.0,4158.0,10175.9259,3481.2
2021-12-20,157318,3,4990.0,12211.0,4158.0,10175.9259,3481.2
2021-12-21,157318,1,4990.0,12211.0,4158.0,10175.9259,3481.2
2021-12-22,157318,1,4990.0,12211.0,4158.0,10175.9259,3481.2
2021-12-23,157318,5,4990.0,12211.0,4158.0,10175.9259,3481.2
2021-12-24,157318,1,4990.0,12211.0,4158.0,10175.9259,3481.2
2021-12-27,157318,3,4990.0,12211.0,4158.0,10175.9259,3481.2
2021-12-28,157318,2,4990.0,12211.0,4158.0,10175.9259,3481.2
2021-12-29,157318,1,4990.0,12211.0,4158.0,10175.9259,3481.2
2021-12-30,157318,1,4990.0,12211.0,4158.0,10175.9259,3481.2
2021-12-31,157318,4,4990.0,12211.0,4158.0,10175.9259,3481.2
