sales_data.csv
sale_date,product_id,quantity,sales_price_tax,regular_price_tax,sales_price,regular_price,purchase_price
2021-01-04,107645,3,1990.0,4433.0,1658.0,3694.4444,1369.29
2021-01-06,107645,1,1879.0,4433.0,1566.0,3694.4444,1369.29
2021-01-08,107645,3,1990.0,4433.0,1658.0,3694.4444,1369.29
2021-01-10,107645,1,1990.0,4433.0,1658.0,3694.4444,1369.29
2021-01-13,107645,2,1990.0,4433.0,1658.0,3694.4444,1369.29
2021-01-15,107645,1,1990.0,4433.0,1658.0,3694.4444,1369.29
2021-01-16,107645,2,1990.0,4433.0,1658.0,3694.4444,1369.29
2021-01-18,107645,3,1990.0,4433.0,1658.0,3694.4444,1369.29
2021-01-20,107645,2,1990.0,4433.0,1658.0,3694.4444,1369.29
2021-01-21,107645,3,1990.0,4433.0,1658.0,3694.4444,1369.29
2021-01-22,107645,4,1990.0,4433.0,1658.0,3694.4444,1369.29
2021-01-25,107645,4,1990.0,4433.0,1658.0,3694.4444,1369.29
2021-01-29,107645,3,1990.0,4433.0,1658.0,3694.4444,1369.29
2021-02-01,107645,1,1990.0,4433.0,1658.0,3694.4444,1369.29
2021-02-02,107645,2,1990.0,4433.0,1658.0,3694.4444,1369.29
2021-02-03,107645,3,1990.0,4433.0,1658.0,3694.4444,1369.29
2021-02-04,107645,1,1769.0,4433.0,1474.0,3694.4444,1369.29
2021-02-05,107645,2,1990.0,4433.0,1658.0,3694.4444,1369.29
2021-02-06,107645,1,1990.0,4433.0,1658.0,3694.4444,1369.29
2021-02-08,107645,1,1990.0,4433.0,1658.0,3694.4444,1369.29
2021-02-13,107645,1,1990.0,4433.0,1658.0,3694.4444,1369.29
2021-02-17,107645,2,1990.0,4433.0,1658.0,3694.4444,1369.29
2021-02-18,107645,2,1879.0,4433.0,1566.0,3694.4444,1369.29
2021-02-19,107645,2,1714.0,4433.0,1428.0,3694.4444,1369.29
2021-02-20,107645,1,1659.0,4433.0,1382.0,3694.4444,1369.29
2021-02-22,107645,2,1659.0,4433.0,1382.0,3694.4444,1369.29
2021-02-23,107645,7,1659.0,4433.0,1382.0,3694.4444,1369.29
2021-02-24,107645,5,1990.0,4433.0,1658.0,3694.4444,1369.29
2021-02-25,107645,2,1879.5,4433.0,1566.0,3694.4444,1369.29
2021-02-26,107645,1,1659.0,4433.0,1382.0,3694.4444,1369.29
2021-02-27,107645,2,1769.0,4433.0,1474.0,3694.4444,1369.29
2021-03-01,107645,4,1990.0,4433.0,1658.0,3694.4444,1369.29
2021-03-02,107645,3,1990.0,4433.0,1658.0,3694.4444,1369.29
2021-03-03,107645,1,1879.0,4433.0,1566.0,3694.4444,1369.29
2021-03-05,107645,2,1990.0,4433.0,1658.0,3694.4444,1369.29
2021-03-08,107645,2,1658.0,4433.0,1382.0,3694.4444,1369.29
2021-03-09,107645,3,1658.0,4433.0,1382.0,3694.4444,1369.29
2021-03-10,107645,2,1658.0,4433.0,1382.0,3694.4444,1369.29
2021-03-11,107645,11,1658.0,4433.0,1382.0,3694.4444,1369.29
2021-03-13,107645,4,1658.0,4433.0,1382.0,3694.4444,1369.29
2021-03-15,107645,9,1658.0,4433.0,1382.0,3694.4444,1369.29
2021-03-16,107645,5,1658.0,4433.0,1382.0,3694.4444,1369.29
2021-03-17,107645,5,1890.0,4433.0,1575.0,3694.4444,1369.29
2021-03-18,107645,6,1890.0,4433.0,1575.0,3694.4444,1369.29
2021-03-19,107645,6,1890.0,4433.0,1575.0,3694.4444,1369.29
2021-03-20,107645,4,1890.0,4433.0,1575.0,3694.4444,1369.29
2021-03-22,107645,2,1890.0,4433.0,1575.0,3694.4444,1369.29
2021-03-23,107645,5,1890.0,4433.0,1575.0,3694.4444,1369.29
2021-03-24,107645,4,1879.5,4433.0,1566.0,3694.4444,1369.29
2021-03-25,107645,3,1769.0,4433.0,1474.0,3694.4444,1369.29
2021-03-26,107645,4,1990.0,4433.0,1658.0,3694.4444,1369.29
2021-03-27,107645,5,1890.0,4433.0,1575.0,3694.4444,1369.29
2021-03-28,107645,1,1990.0,4433.0,1658.0,3694.4417,1369.29
2021-03-29,107645,5,1990.0,4433.0,1658.0,3694.4444,1369.29
2021-03-30,107645,5,1990.0,4433.0,1658.0,3694.4444,1369.29
2021-03-31,107645,7,1769.0,4433.0,1474.0,3694.4444,1369.29
2021-04-01,107645,5,1990.0,4433.0,1658.0,3694.4444,1369.29
2021-04-02,107645,3,1990.0,4433.0,1658.0,3694.4444,1369.29
2021-04-05,107645,5,1990.0,4433.0,1658.0,3694.4444,1369.29
2021-04-07,107645,4,1990.0,4433.0,1658.0,3694.4444,1369.29
2021-04-09,107645,1,1990.0,4433.0,1658.0,3694.4444,1369.29
2021-04-10,107645,1,1990.0,4433.0,1658.0,3694.4444,1369.29
2021-04-12,107645,1,1990.0,4433.0,1658.0,3694.4444,1369.29
2021-04-13,107645,3,1990.0,4433.0,1658.0,3694.4444,1369.29
2021-04-14,107645,3,1990.0,4433.0,1658.0,3694.4444,1369.29
2021-04-15,107645,1,1792.0,4433.0,1493.0,3694.4444,1369.29
2021-04-16,107645,3,1990.0,4433.0,1658.0,3694.4444,1369.29
2021-04-19,107645,5,1990.0,4433.0,1658.0,3694.4444,1369.29
2021-04-20,107645,3,1990.0,4433.0,1658.0,3694.4444,1369.29
2021-04-21,107645,2,1990.0,4433.0,1658.0,3694.4444,1369.29
2021-04-22,107645,8,1990.0,4433.0,1658.0,3694.4444,1369.29
2021-04-23,107645,1,1990.0,4433.0,1658.0,3694.4444,1369.29
2021-04-27,107645,2,1990.0,4433.0,1658.0,3694.4444,1369.29
2021-04-28,107645,4,1990.0,4433.0,1658.0,3694.4444,1369.29
2021-04-30,107645,1,1990.0,4433.0,1658.0,3694.4444,1369.29
2021-05-04,107645,2,1990.0,4433.0,1658.0,3694.4444,1369.29
2021-05-05,107645,2,1990.0,4433.0,1658.0,3694.4444,1369.29
2021-05-06,107645,3,1990.0,4433.0,1658.0,3694.4444,1369.29
2021-05-10,107645,4,1990.0,4433.0,1658.0,3694.4444,1369.29
2021-05-11,107645,2,1990.0,4433.0,1658.0,3694.4444,1369.29
2021-05-12,107645,1,1990.0,4433.0,1658.0,3694.4444,1369.29
2021-05-13,107645,1,1990.0,4433.0,1658.0,3694.4444,1369.29
2021-05-14,107645,2,1990.0,4433.0,1658.0,3694.4444,1369.29
2021-05-17,107645,1,1990.0,4433.0,1658.0,3694.4444,1369.29
2021-05-19,107645,2,1990.0,4433.0,1658.0,3694.4444,1369.29
2021-05-20,107645,1,1990.0,4433.0,1658.0,3694.4444,1369.29
2021-05-21,107645,3,1990.0,4433.0,1658.0,3694.4444,1369.29
2021-05-22,107645,2,1990.0,4433.0,1658.0,3694.4444,1369.29
2021-05-24,107645,2,1990.0,4433.0,1658.0,3694.4444,1369.29
2021-05-25,107645,2,1990.0,4433.0,1658.0,3694.4444,1369.29
2021-05-28,107645,7,1990.0,4433.0,1658.0,3694.4444,1369.29
2021-06-02,107645,1,1990.0,4433.0,1658.0,3694.4444,1369.29
2021-06-03,107645,3,1658.0,4433.0,1382.0,3694.4444,1369.29
2021-06-04,107645,2,1990.0,4433.0,1658.0,3694.4444,1369.29
2021-06-09,107645,1,3325.0,4433.0,2771.0,3694.4444,1369.29
2021-06-10,107645,4,1658.0,4433.0,1382.0,3694.4444,1369.29
2021-06-11,107645,1,1990.0,4433.0,1658.0,3694.4444,1369.29
2021-06-14,107645,2,1990.0,4433.0,1658.0,3694.4444,1369.29
2021-06-17,107645,2,1990.0,4433.0,1658.0,3694.4444,1369.29
2021-06-21,107645,1,1990.0,4433.0,1658.0,3694.4444,1369.29
2021-06-22,107645,3,1990.0,4433.0,1658.0,3694.4444,1369.29
2021-06-23,107645,2,1990.0,4433.0,1658.0,3694.4444,1369.29
2021-06-28,107645,1,1990.0,4433.0,1658.0,3694.4444,1369.29
2021-06-29,107645,1,1990.0,4433.0,1658.0,3694.4444,1369.29
2021-06-30,107645,1,1990.0,4433.0,1658.0,3694.4444,1369.29
2021-07-02,107645,1,1990.0,4433.0,1658.0,3694.4444,1369.29
2021-07-05,107645,1,1990.0,4433.0,1658.0,3694.4444,1369.29
2021-07-08,107645,1,1990.0,4433.0,1658.0,3694.4444,1369.29
2021-07-14,107645,1,1990.0,4433.0,1658.0,3694.4444,1369.29
2021-07-15,107645,1,1990.0,4433.0,1658.0,3694.4444,1369.29
2021-07-17,107645,1,1990.0,4433.0,1658.0,3694.4444,1369.29
2021-07-19,107645,2,1990.0,4433.0,1658.0,3694.4444,1369.29
2021-07-23,107645,1,1990.0,4433.0,1658.0,3694.4444,1369.29
2021-07-29,107645,2,1990.0,4433.0,1658.0,3694.4444,1369.29
2021-07-30,107645,1,1990.0,4433.0,1658.0,3694.4444,1369.29
2021-08-02,107645,1,1990.0,4433.0,1658.0,3694.4444,1369.29
2021-08-03,107645,1,1990.0,4433.0,1658.0,3694.4444,1369.29
2021-08-05,107645,1,1990.0,4433.0,1658.0,3694.4444,1369.29
2021-08-12,107645,1,1990.0,4433.0,1658.0,3694.4444,1369.29
2021-08-16,107645,1,1990.0,4433.0,1658.0,3694.4444,1369.29
2021-08-17,107645,1,1990.0,4433.0,1658.0,3694.4444,1369.29
2021-08-20,107645,3,1990.0,4433.0,1658.0,3694.4444,1369.29
2021-08-24,107645,1,1990.0,4433.0,1658.0,3694.4444,1369.29
2021-08-25,107645,3,1990.0,4433.0,1658.0,3694.4444,1369.29
2021-08-26,107645,1,1990.0,4433.0,1658.0,3694.4444,1369.29
2021-08-27,107645,2,1990.0,4433.0,1658.0,3694.4444,1369.29
2021-08-31,107645,1,1990.0,4433.0,1658.0,3694.4444,1369.29
2021-09-02,107645,1,1990.0,4433.0,1658.0,3694.4444,1369.29
2021-09-06,107645,1,1990.0,4433.0,1658.0,3694.4417,1369.29
2021-09-07,107645,1,1990.0,4433.0,1658.0,3694.4444,1369.29
2021-09-10,107645,3,1990.0,4433.0,1658.0,3694.4444,1369.29
2021-09-17,107645,3,1990.0,4433.0,1658.0,3694.4444,1369.29
2021-09-20,107645,2,1990.0,4433.0,1658.0,3694.4444,1369.29
2021-09-21,107645,2,1990.0,4433.0,1658.0,3694.4444,1369.29
2021-09-24,107645,5,1990.0,4433.0,1658.0,3694.4444,1369.29
2021-09-28,107645,2,1990.0,4433.0,1658.0,3694.4444,1369.29
2021-09-29,107645,1,1990.0,4433.0,1658.0,3694.4444,1369.29
2021-09-30,107645,3,1990.0,4433.0,1658.0,3694.4444,1369.29
2021-10-04,107645,2,1990.0,4433.0,1658.0,3694.4444,1369.29
2021-10-08,107645,1,1990.0,4433.0,1658.0,3694.4444,1369.29
2021-10-12,107645,2,1825.0,4433.0,1520.5,3694.4444,1369.29
2021-10-16,107645,1,1990.0,4433.0,1658.0,3694.4444,1369.29
2021-10-18,107645,1,1990.0,4433.0,1658.0,3694.4444,1369.29
2021-10-19,107645,1,1990.0,4433.0,1658.0,3694.4444,1369.29
2021-10-20,107645,1,1990.0,4433.0,1658.0,3694.4444,1369.29
2021-10-21,107645,1,1990.0,4433.0,1658.0,3694.4444,1369.29
2021-10-22,107645,1,1990.0,4433.0,1658.0,3694.4444,1369.29
2021-10-26,107645,4,1990.0,4433.0,1658.0,3694.4444,1369.29
2021-10-27,107645,2,1990.0,4433.0,1658.0,3694.4444,1369.29
2021-10-29,107645,2,1990.0,4433.0,1658.0,3694.4444,1369.29
2021-11-02,107645,1,1990.0,4433.0,1658.0,3694.4444,1369.29
2021-11-03,107645,1,1990.0,4433.0,1658.0,3694.4444,1369.29
2021-11-05,107645,2,1990.0,4433.0,1658.0,3694.4444,1369.29
2021-11-12,107645,1,1990.0,4433.0,1658.0,3694.4444,1369.29
2021-11-14,107645,1,1990.0,4433.0,1658.0,3694.4444,1369.29
2021-11-15,107645,1,1990.0,4433.0,1658.0,3694.4444,1369.29
2021-11-16,107645,2,1990.0,4433.0,1658.0,3694.4444,1369.29
2021-11-17,107645,2,1990.0,4433.0,1658.0,3694.4444,1374.02985
2021-11-22,107645,1,1990.0,4433.0,1658.0,3694.4444,1369.29
2021-11-23,107645,2,1990.0,4433.0,1658.0,3694.4444,1369.29
2021-11-25,107645,6,1990.0,4433.0,1658.0,3694.4444,1369.29
2021-11-26,107645,1,1990.0,4433.0,1658.0,3694.4444,1369.29
2021-11-27,107645,3,1990.0,4433.0,1658.0,3694.4444,1369.29
2021-11-28,107645,1,1990.0,4433.0,1658.0,3694.4444,1369.29
2021-11-29,107645,4,1990.0,4433.0,1658.0,3694.4444,1369.29
2021-11-30,107645,2,1990.0,4433.0,1658.0,3694.4444,1369.29
2021-12-01,107645,7,1990.0,4433.0,1658.0,3694.4444,1369.29
2021-12-02,107645,3,1990.0,4433.0,1658.0,3694.4444,1369.29
2021-12-03,107645,1,1990.0,4433.0,1658.0,3694.4444,1369.29
2021-12-04,107645,1,1990.0,4433.0,1658.0,3694.4444,1369.29
2021-12-06,107645,2,1990.0,4433.0,1658.0,3694.4444,1369.29
2021-12-07,107645,5,1990.0,4433.0,1658.0,3694.4444,1369.29
2021-12-11,107645,1,1990.0,4433.0,1658.0,3694.4444,1369.29
2021-12-13,107645,1,1990.0,4433.0,1658.0,3694.4444,1369.29
2021-12-14,107645,1,1990.0,4433.0,1658.0,3694.4444,1369.29
2021-12-15,107645,1,1990.0,4433.0,1658.0,3694.4444,1369.29
2021-12-16,107645,1,1990.0,4433.0,1658.0,3694.4444,1369.29
2021-12-20,107645,2,1990.0,4433.0,1658.0,3694.4444,1369.29
2021-12-21,107645,3,2211.0,4433.0,1843.0,3694.4444,1369.29
2021-12-23,107645,6,1990.0,4433.0,1658.0,3694.4444,1369.29
2021-12-24,107645,3,1990.0,4433.0,1658.0,3694.4444,1369.29
2021-12-28,107645,1,1990.0,4433.0,1658.0,3694.4444,1369.29
2021-12-29,107645,1,1990.0,4433.0,1658.0,3694.4444,1369.29
2021-12-30,107645,1,1990.0,4433.0,1658.0,3694.4444,1369.29
2021-12-31,107645,1,1990.0,4433.0,1658.0,3694.4444,1369.29
