sales_data.csv
sale_date,product_id,quantity,sales_price_tax,regular_price_tax,sales_price,regular_price,purchase_price
2021-01-04,110908,1,4490.0,7767.0,3742.0,6472.2222,3722.0
2021-01-06,110908,6,4490.0,7767.0,3742.0,6472.2222,3722.0
2021-01-08,110908,8,4490.0,7767.0,3742.0,6472.2222,3722.0
2021-01-11,110908,3,4490.0,7767.0,3742.0,6472.2222,3722.0
2021-01-12,110908,1,4490.0,7767.0,3742.0,6472.2222,3722.0
2021-01-13,110908,2,4979.0,7767.0,4149.5,6472.2222,3722.0
2021-01-14,110908,3,4490.0,7767.0,3742.0,6472.2222,3722.0
2021-01-22,110908,1,4490.0,7767.0,3742.0,6472.2222,3722.0
2021-01-25,110908,3,5790.0,7767.0,4825.0,6472.2222,3722.0
2021-01-26,110908,3,5790.0,7767.0,4825.0,6472.2222,3722.0
2021-01-27,110908,1,5790.0,7767.0,4825.0,6472.2222,3860.0
2021-01-28,110908,1,5790.0,7767.0,4825.0,6472.2222,3722.0
2021-01-30,110908,1,4490.0,7767.0,3742.0,6472.2222,3860.0
2021-02-01,110908,2,5790.0,7767.0,4825.0,6472.2222,3722.0
2021-02-02,110908,1,4990.0,7767.0,4158.0,6472.2222,3722.0
2021-02-12,110908,1,6890.0,7656.0,5742.0,6379.6333,3722.0
2021-02-19,110908,1,6890.0,7656.0,5742.0,6379.6333,3722.0
2021-02-22,110908,2,5240.0,7656.0,4367.0,6379.6333,3791.0
2021-02-23,110908,2,5240.0,7656.0,4367.0,6379.6333,3860.0
2021-02-24,110908,3,4490.0,7656.0,3742.0,6379.6333,3722.0
2021-02-27,110908,1,5657.0,7656.0,4714.0,6379.6333,3722.0
2021-03-02,110908,2,4823.5,7656.0,4019.5,6379.6333,3523.5
2021-03-04,110908,1,4991.0,7656.0,4159.0,6379.6333,3722.0
2021-03-05,110908,2,4991.0,7656.0,4159.0,6379.6333,3722.0
2021-03-09,110908,2,4991.0,7656.0,4159.0,6379.6333,3722.0
2021-03-10,110908,2,5933.0,7656.0,4944.0,6379.6333,3722.0
2021-03-11,110908,2,5933.0,7656.0,4944.0,6379.6333,3791.0
2021-03-15,110908,1,5741.0,7656.0,4784.0,6379.6333,3722.0
2021-03-17,110908,1,4991.0,7656.0,4159.0,6379.6333,3722.0
2021-03-18,110908,1,5741.0,7656.0,4784.0,6379.6333,3722.0
2021-03-19,110908,3,4991.0,7656.0,4159.0,6379.6333,3860.0
2021-03-23,110908,2,4991.0,7656.0,4159.0,6379.6333,3860.0
2021-03-24,110908,2,5990.0,7656.0,4992.0,6379.6333,3857.5
2021-03-25,110908,1,5990.0,7656.0,4992.0,6379.6333,3722.0
2021-03-29,110908,2,5990.0,7656.0,4992.0,6379.6333,3722.0
2021-03-30,110908,2,5657.5,7656.0,4715.0,6379.6333,3857.5
2021-03-31,110908,2,5657.5,7656.0,4715.0,6379.6333,3722.0
2021-04-06,110908,1,3990.0,7656.0,3325.0,6379.6333,3722.0
2021-04-14,110908,1,5741.0,7656.0,4784.0,6379.6333,3722.0
2021-04-15,110908,1,6507.0,7656.0,5422.0,6379.6333,3722.0
2021-04-16,110908,1,6890.0,7656.0,5742.0,6379.6333,3993.0
2021-04-22,110908,2,5741.0,7656.0,4784.0,6379.6333,3993.0
2021-04-23,110908,1,5741.0,7656.0,4784.0,6379.6333,3993.0
2021-04-26,110908,1,6890.0,7656.0,5742.0,6379.6333,3993.0
2021-05-13,110908,2,6440.0,7656.0,5367.0,6379.6333,3857.5
2021-05-17,110908,1,6890.0,7656.0,5742.0,6379.6333,3993.0
2021-05-19,110908,1,6890.0,7656.0,5742.0,6379.6333,3993.0
2021-05-21,110908,1,5990.0,7656.0,4992.0,6379.6333,3993.0
2021-05-22,110908,1,3990.0,7656.0,3325.0,6379.6333,3993.0
2021-05-24,110908,1,4490.0,7656.0,3742.0,6379.6333,3993.0
2021-05-27,110908,2,6890.0,7656.0,5742.0,6379.6333,3993.0
2021-06-01,110908,1,5741.0,7656.0,4784.0,6379.6333,3993.0
2021-06-04,110908,1,6890.0,7656.0,5742.0,6379.6333,3993.0
2021-06-06,110908,1,5741.0,7656.0,4784.0,6379.6333,3993.0
2021-06-09,110908,3,5741.0,7656.0,4784.0,6379.6333,3722.0
2021-06-10,110908,2,5741.0,7656.0,4784.0,6379.6333,3993.0
2021-06-11,110908,1,5741.0,7656.0,4784.0,6379.6333,3993.0
2021-06-14,110908,1,6890.0,6656.0,5742.0,5546.2963,3993.0
2021-06-15,110908,1,5741.0,6656.0,4784.0,5546.2963,3993.0
2021-06-17,110908,1,4622.0,6656.0,3852.0,5546.2963,3993.0
2021-06-18,110908,1,4622.0,6656.0,3852.0,5546.2963,3993.0
2021-06-21,110908,1,5546.0,6656.0,4622.0,5546.2963,3993.0
2021-06-22,110908,1,4991.0,6656.0,4159.0,5546.2963,3993.0
2021-06-23,110908,1,4991.0,6656.0,4159.0,5546.2963,3993.0
2021-06-24,110908,3,4991.0,6656.0,4159.0,5546.2963,3993.0
2021-06-29,110908,5,5546.0,6656.0,4622.0,5546.2963,3993.0
2021-07-01,110908,1,5546.0,6656.0,4622.0,5546.2963,3993.0
2021-07-02,110908,1,5546.0,6656.0,4622.0,5546.2963,3993.0
2021-07-05,110908,2,5546.0,6656.0,4622.0,5546.2963,3993.0
2021-07-12,110908,5,5990.0,6656.0,4992.0,5546.2963,3993.0
2021-07-13,110908,1,5990.0,6656.0,4992.0,5546.2963,3993.0
2021-07-14,110908,3,5657.0,6656.0,4714.0,5546.2963,3993.0
2021-07-15,110908,1,5290.0,6656.0,4408.0,5546.2963,3783.0
2021-07-18,110908,1,5290.0,6656.0,4408.0,5546.2963,3993.0
2021-07-20,110908,1,5990.0,6656.0,4992.0,5546.2963,3993.0
2021-07-21,110908,1,5290.0,6656.0,4408.0,5546.2963,3993.0
2021-07-23,110908,2,5290.0,6656.0,4408.0,5546.2963,3993.0
2021-07-26,110908,3,5290.0,6656.0,4408.0,5546.2963,3993.0
2021-07-27,110908,2,5290.0,6656.0,4408.0,5546.2963,3993.0
2021-07-28,110908,4,5290.0,6656.0,4408.0,5546.2963,3993.0
2021-07-29,110908,1,5290.0,6656.0,4408.0,5546.2963,3993.0
2021-07-30,110908,3,5290.0,6656.0,4408.0,5546.2963,3993.0
2021-07-31,110908,1,5990.0,6656.0,4992.0,5546.2963,3993.0
2021-08-02,110908,1,5290.0,6656.0,4408.0,5546.2963,3993.0
2021-08-03,110908,2,4991.0,6656.0,4159.0,5546.2963,3857.5
2021-08-06,110908,3,4991.0,6656.0,4159.0,5546.2963,3993.0
2021-08-07,110908,1,4490.0,6656.0,3742.0,5546.2963,3993.0
2021-08-09,110908,1,5990.0,6656.0,4992.0,5546.2963,3993.0
2021-08-10,110908,1,4991.0,6656.0,4159.0,5546.2963,3993.0
2021-08-11,110908,2,5324.0,6656.0,4436.5,5546.2963,3993.0
2021-08-12,110908,1,4991.0,6656.0,4159.0,5546.2963,3993.0
2021-08-13,110908,2,4991.0,6656.0,4159.0,5546.2963,3993.0
2021-08-14,110908,1,4991.0,6656.0,4159.0,5546.2963,3993.0
2021-08-16,110908,4,4991.0,6656.0,4159.0,5546.2963,3993.3333
2021-08-18,110908,3,4991.0,6656.0,4159.0,5546.2963,3993.0
2021-08-19,110908,4,4991.0,6656.0,4159.0,5546.2963,3993.0
2021-08-20,110908,1,4991.0,6656.0,4159.0,5546.2963,3993.0
2021-08-21,110908,1,5990.0,6656.0,4992.0,5546.2963,3993.0
2021-08-23,110908,3,4991.0,6656.0,4159.0,5546.2963,3993.0
2021-08-24,110908,1,5990.0,6656.0,4992.0,5546.2963,3993.0
2021-08-25,110908,3,3990.0,6656.0,3325.0,5546.2963,3993.0
2021-08-26,110908,3,3990.0,6656.0,3325.0,5546.2963,3993.0
2021-08-27,110908,4,3990.0,6656.0,3325.0,5546.2963,3993.0
2021-08-28,110908,2,4240.0,6656.0,3533.5,5546.2963,3993.0
2021-08-30,110908,1,3990.0,6656.0,3325.0,5546.2963,3993.0
2021-08-31,110908,7,3990.0,6656.0,3325.0,5546.2963,3993.0
2021-09-01,110908,5,3990.0,6656.0,3325.0,5546.2963,3993.3333
2021-09-02,110908,2,4990.0,6656.0,4158.5,5546.2963,3993.3333
2021-09-03,110908,1,3990.0,6656.0,3325.0,5546.2963,3993.3333
2021-09-06,110908,2,3990.0,6656.0,3325.0,5546.2963,3926.66665
2021-09-07,110908,1,3990.0,6656.0,3325.0,5546.2963,3993.3333
2021-09-08,110908,1,3990.0,6656.0,3325.0,5546.2963,3722.0
2021-09-09,110908,1,3990.0,6656.0,3325.0,5546.2963,3993.3333
2021-09-13,110908,1,3990.0,6656.0,3325.0,5546.2963,3993.3333
2021-09-14,110908,4,4991.0,6656.0,4159.0,5546.2963,3993.16665
2021-09-15,110908,2,4991.0,6656.0,4159.0,5546.2963,3993.3333
2021-09-16,110908,2,4991.0,6656.0,4159.0,5546.2963,3993.16665
2021-09-17,110908,4,4991.0,6656.0,4159.0,5546.2963,3993.3333
2021-09-18,110908,3,4991.0,6656.0,4159.0,5546.2963,3993.3333
2021-09-20,110908,1,3990.0,6656.0,3325.0,5546.2963,3993.0
2021-09-21,110908,4,4490.5,6656.0,3742.0,5546.2963,3993.0
2021-09-23,110908,8,3990.0,6656.0,3325.0,5546.2963,3993.0
2021-09-24,110908,6,3990.0,6656.0,3325.0,5546.2963,3993.165
2021-09-27,110908,1,3990.0,6656.0,3325.0,5546.2963,3993.3333
2021-09-28,110908,2,4490.5,6656.0,3742.0,5546.2963,3993.3333
2021-09-29,110908,1,3990.0,6656.0,3325.0,5546.2963,3993.3333
2021-09-30,110908,1,5990.0,6656.0,4992.0,5546.2963,3993.3333
2021-10-04,110908,1,5990.0,6656.0,4992.0,5546.2963,3993.3333
2021-10-05,110908,1,5657.0,6656.0,4714.0,5546.2963,3993.3333
2021-10-06,110908,1,5990.0,6656.0,4992.0,5546.2963,3993.3333
2021-10-07,110908,1,5990.0,6656.0,4992.0,5546.2963,3993.3333
2021-10-08,110908,1,5990.0,6656.0,4992.0,5546.2963,3993.3333
2021-10-10,110908,1,5990.0,6656.0,4992.0,5546.2963,3993.3333
2021-10-11,110908,2,5490.5,6656.0,4575.5,5546.2963,3993.3333
2021-10-14,110908,3,4991.0,6656.0,4159.0,5546.2963,3993.3333
2021-10-15,110908,1,3075.0,6656.0,2562.0,5546.2963,3993.3333
2021-10-19,110908,1,5990.0,6656.0,4992.0,5546.2963,3993.3333
2021-10-20,110908,2,4990.0,6656.0,4158.5,5546.2963,3993.3333
2021-10-21,110908,4,4991.0,6656.0,4159.0,5546.2963,3993.3333
2021-10-22,110908,1,4490.0,6656.0,3742.0,5546.2963,3993.3333
2021-10-25,110908,1,4991.0,6656.0,4159.0,5546.2963,3993.3333
2021-10-26,110908,1,5990.0,6656.0,4992.0,5546.2963,3993.0
2021-10-28,110908,2,4990.0,6656.0,4158.5,5546.2963,3828.0
2021-10-30,110908,3,4991.0,6656.0,4159.0,5546.2963,3993.3333
2021-11-01,110908,2,4991.0,6656.0,4159.0,5546.2963,3993.3333
2021-11-02,110908,1,4991.0,6656.0,4159.0,5546.2963,3993.3333
2021-11-04,110908,2,4991.0,6656.0,4159.0,5546.2963,3993.3333
2021-11-05,110908,1,4991.0,6656.0,4159.0,5546.2963,3873.0
2021-11-08,110908,1,4991.0,6656.0,4159.0,5546.2963,3873.0
2021-11-09,110908,1,4991.0,6656.0,4159.0,5546.2963,3873.0
2021-11-18,110908,2,4991.0,6656.0,4159.0,5546.2963,3933.16665
2021-11-22,110908,1,5990.0,6656.0,4992.0,5546.2963,3873.0
2021-11-25,110908,1,5990.0,6656.0,4992.0,5546.2963,3873.0
2021-11-29,110908,1,4991.0,6656.0,4159.0,5546.2963,3993.3333
2021-01-04,112376,3,379.0,544.0,316.0,453.7037,168.97
2021-01-06,112376,1,368.0,544.0,307.0,453.7037,168.97
2021-01-22,112376,1,490.0,544.0,408.0,453.7037,168.97
2021-01-29,112376,3,390.0,544.0,325.0,453.7037,168.97
2021-02-22,112376,4,360.0,433.0,300.0,361.1111,225.29875
2021-02-23,112376,7,390.0,433.0,325.0,361.1111,244.075
2021-02-24,112376,3,390.0,433.0,325.0,361.1111,194.005
2021-02-25,112376,2,390.0,433.0,325.0,361.1111,168.97
2021-03-03,112376,1,390.0,433.0,325.0,361.1111,168.97
2021-03-09,112376,3,390.0,433.0,325.0,361.1111,244.075
2021-03-12,112376,2,325.0,433.0,271.0,361.1111,244.075
2021-03-26,112376,9,336.0,433.0,280.0,361.1111,244.075
2021-03-29,112376,17,325.0,433.0,271.0,361.1111,244.075
2021-03-31,112376,1,347.0,433.0,289.0,361.1111,244.075
2021-04-07,112376,1,386.0,433.0,322.0,361.1111,244.075
2021-04-15,112376,4,390.0,433.0,325.0,361.1111,244.075
2021-04-20,112376,3,325.0,433.0,271.0,361.1111,244.075
2021-04-26,112376,3,347.0,433.0,289.0,361.1111,244.075
2021-04-29,112376,7,336.0,433.0,280.0,361.1111,244.075
2021-05-06,112376,1,390.0,433.0,325.0,361.1111,244.075
2021-05-07,112376,2,390.0,433.0,325.0,361.1111,244.075
2021-05-10,112376,2,390.0,433.0,325.0,361.1111,244.075
2021-05-12,112376,5,390.0,433.0,325.0,361.1111,244.075
2021-05-13,112376,3,390.0,433.0,325.0,361.1111,234.68625
2021-05-18,112376,3,379.0,433.0,316.0,361.1111,206.52
2021-05-21,112376,3,390.0,433.0,325.0,361.1111,206.52
2021-05-25,112376,6,368.0,433.0,307.0,361.1111,206.52
2021-05-26,112376,4,390.0,433.0,325.0,361.1111,206.52
2021-05-27,112376,6,390.0,433.0,325.0,361.1111,206.52
2021-05-28,112376,5,368.0,433.0,307.0,361.1111,206.52
2021-05-31,112376,1,390.0,433.0,325.0,361.1111,206.52
2021-06-03,112376,6,379.0,433.0,316.0,361.1111,206.52
2021-06-08,112376,4,390.0,433.0,325.0,361.1111,215.90875
2021-06-09,112376,13,390.0,433.0,325.0,361.1111,206.52
2021-06-10,112376,4,390.0,433.0,325.0,361.1111,206.52
2021-06-16,112376,1,390.0,433.0,325.0,361.1111,244.075
2021-06-29,112376,3,390.0,433.0,325.0,361.1111,206.526666
2021-07-12,112376,6,390.0,433.0,325.0,361.1111,206.53
2021-07-14,112376,2,390.0,433.0,325.0,361.1111,206.53
2021-07-15,112376,1,390.0,433.0,325.0,361.1111,206.53
2021-07-20,112376,1,368.0,433.0,307.0,361.1111,206.53
2021-07-21,112376,1,390.0,433.0,325.0,361.1111,206.53
2021-07-26,112376,1,390.0,433.0,325.0,361.1111,375.5
2021-07-29,112376,1,390.0,433.0,325.0,361.1111,206.53
2021-08-18,112376,7,325.0,433.0,271.0,361.1111,206.521428
2021-08-24,112376,2,390.0,433.0,325.0,361.1111,221.545
2021-09-09,112376,2,339.0,433.0,282.0,361.1111,206.52
2021-09-23,112376,1,339.0,433.0,282.0,361.1111,236.57
2021-09-28,112376,2,339.0,433.0,282.0,361.1111,206.52
2021-10-07,112376,1,398.0,443.0,332.0,368.8244,206.53
2021-10-08,112376,2,390.0,443.0,325.0,368.8244,206.52
2021-10-15,112376,2,376.0,443.0,313.0,368.8244,244.075
2021-10-18,112376,3,376.0,443.0,313.0,368.8244,219.038333
2021-10-26,112376,2,354.0,443.0,295.0,368.8244,206.52
2021-10-31,112376,1,332.0,443.0,277.0,368.8244,206.52
2021-11-02,112376,1,332.0,443.0,277.0,368.8244,206.52
2021-11-05,112376,3,332.0,443.0,277.0,368.8244,244.075
2021-11-10,112376,1,398.0,443.0,332.0,368.8244,244.075
2021-11-17,112376,8,332.0,443.0,277.0,368.8244,234.063
2021-11-18,112376,5,332.0,443.0,277.0,368.8244,244.075
2021-11-25,112376,1,398.0,443.0,332.0,368.8244,244.075
2021-11-26,112376,1,398.0,443.0,332.0,368.8244,244.075
2021-11-30,112376,1,398.0,443.0,332.0,368.8244,244.075
2021-12-05,112376,1,349.0,443.0,291.0,368.8244,206.53
2021-12-07,112376,1,398.0,443.0,332.0,368.8244,244.075
2021-12-09,112376,2,369.5,443.0,308.0,368.8244,244.075
2021-12-16,112376,1,349.0,443.0,291.0,368.8244,206.52
2021-12-27,112376,2,349.0,443.0,291.0,368.8244,206.52
2021-12-31,112376,1,349.0,443.0,291.0,368.8244,244.075
