sales_data.csv
sale_date,product_id,quantity,sales_price_tax,regular_price_tax,sales_price,regular_price,purchase_price
2021-01-04,112377,1,849.0,1322.0,708.0,1101.8519,545.611
2021-01-06,112377,2,874.0,1322.0,728.5,1101.8519,545.611
2021-01-08,112377,6,1190.0,1322.0,992.0,1101.8519,545.611
2021-01-09,112377,1,992.0,1322.0,827.0,1101.8519,545.91
2021-01-12,112377,1,899.0,1322.0,749.0,1101.8519,545.91
2021-01-13,112377,1,1190.0,1322.0,992.0,1101.8519,545.91
2021-01-15,112377,1,992.0,1322.0,827.0,1101.8519,545.91
2021-01-16,112377,3,1190.0,1322.0,992.0,1101.8519,545.83525
2021-01-18,112377,3,1124.0,1322.0,937.0,1101.8519,545.611
2021-01-19,112377,6,1124.0,1322.0,937.0,1101.8519,545.611
2021-01-21,112377,3,1124.0,1322.0,937.0,1101.8519,545.611
2021-01-22,112377,2,1190.0,1322.0,992.0,1101.8519,545.611
2021-01-26,112377,2,1190.0,1322.0,992.0,1101.8519,545.6105
2021-01-28,112377,1,1124.0,1322.0,937.0,1101.8519,545.611
2021-02-04,112377,1,1190.0,1322.0,992.0,1101.8519,545.611
2021-02-05,112377,2,1190.0,1322.0,992.0,1101.8519,545.7605
2021-02-12,112377,1,1190.0,1322.0,992.0,1101.8519,545.611
2021-02-13,112377,1,1124.0,1322.0,937.0,1101.8519,545.611
2021-02-23,112377,3,1190.0,1322.0,992.0,1101.8519,545.611
2021-02-24,112377,1,1190.0,1322.0,992.0,1101.8519,545.611
2021-02-25,112377,4,1124.0,1322.0,937.0,1101.8519,545.611
2021-03-01,112377,4,992.0,1322.0,827.0,1101.8519,545.611
2021-03-03,112377,1,1190.0,1322.0,992.0,1101.8519,545.91
2021-03-04,112377,3,992.0,1322.0,827.0,1101.8519,545.91
2021-03-05,112377,3,992.0,1322.0,827.0,1101.8519,545.91
2021-03-08,112377,1,1190.0,1322.0,992.0,1101.8519,545.91
2021-03-09,112377,4,1091.0,1322.0,909.5,1101.8519,545.91
2021-03-10,112377,5,1058.0,1322.0,882.0,1101.8519,545.76025
2021-03-12,112377,2,992.0,1322.0,827.0,1101.8519,595.2115
2021-03-15,112377,1,992.0,1322.0,827.0,1101.8519,644.813
2021-03-16,112377,1,1058.0,1322.0,882.0,1101.8519,644.813
2021-03-19,112377,1,1190.0,1322.0,992.0,1101.8519,644.813
2021-03-23,112377,1,1190.0,1322.0,992.0,1101.8519,644.813
2021-03-24,112377,1,992.0,1322.0,827.0,1101.8519,545.61
2021-03-26,112377,1,992.0,1322.0,827.0,1101.8519,545.61
2021-03-27,112377,2,1091.0,1322.0,909.5,1101.8519,644.813
2021-03-29,112377,1,992.0,1322.0,827.0,1101.8519,545.611
2021-03-30,112377,3,992.0,1322.0,827.0,1101.8519,644.813
2021-03-31,112377,5,1058.0,1322.0,882.0,1101.8519,620.01225
2021-04-01,112377,2,1190.0,1322.0,992.0,1101.8519,545.61
2021-04-02,112377,2,1091.0,1322.0,909.5,1101.8519,644.813
2021-04-06,112377,2,992.0,1322.0,827.0,1101.8519,644.813
2021-04-08,112377,3,1190.0,1322.0,992.0,1101.8519,644.813
2021-04-12,112377,2,1190.0,1322.0,992.0,1101.8519,644.813
2021-04-13,112377,1,1190.0,1322.0,992.0,1101.8519,545.61
2021-04-14,112377,2,1157.0,1322.0,964.5,1101.8519,545.61
2021-04-15,112377,2,1190.0,1322.0,992.0,1101.8519,644.813
2021-04-19,112377,1,1124.0,1322.0,937.0,1101.8519,644.813
2021-04-20,112377,3,992.0,1322.0,827.0,1101.8519,545.61
2021-04-22,112377,1,992.0,1322.0,827.0,1101.8519,545.61
2021-04-23,112377,1,992.0,1322.0,827.0,1101.8519,644.813
2021-04-26,112377,1,992.0,1322.0,827.0,1101.8519,644.813
2021-04-30,112377,1,1190.0,1322.0,992.0,1101.8519,644.813
2021-05-04,112377,1,992.0,1322.0,827.0,1101.8519,644.813
2021-05-08,112377,1,870.0,1322.0,725.0,1101.8519,545.61
2021-05-17,112377,1,870.0,1322.0,725.0,1101.8519,545.61
2021-05-20,112377,1,870.0,1322.0,725.0,1101.8519,644.813
2021-05-26,112377,1,870.0,1322.0,725.0,1101.8519,644.813
2021-06-01,112377,1,870.0,1167.0,725.0,972.2222,644.813
2021-06-07,112377,2,1050.0,1167.0,875.0,972.2222,547.6
2021-06-14,112377,1,992.0,1167.0,827.0,972.2222,644.813
2021-06-17,112377,2,1050.0,1167.0,875.0,972.2222,644.813
2021-06-18,112377,2,1050.0,1167.0,875.0,972.2222,644.813
2021-06-21,112377,2,1050.0,1167.0,875.0,972.2222,644.8115
2021-06-23,112377,1,933.0,1167.0,778.0,972.2222,644.813
2021-06-28,112377,2,933.0,1167.0,778.0,972.2222,644.813
2021-06-29,112377,3,1050.0,1167.0,875.0,972.2222,644.813
2021-06-30,112377,1,1050.0,1167.0,875.0,972.2222,644.813
2021-07-01,112377,3,1050.0,1167.0,875.0,972.2222,644.813
2021-07-02,112377,2,1050.0,1167.0,875.0,972.2222,644.813
2021-07-03,112377,1,1050.0,1167.0,875.0,972.2222,644.813
2021-07-04,112377,1,1050.0,1167.0,875.0,972.2222,644.813
2021-07-05,112377,2,1050.0,1167.0,875.0,972.2222,644.813
2021-07-09,112377,1,1050.0,1167.0,875.0,972.2222,644.813
2021-07-17,112377,1,1050.0,1167.0,875.0,972.2222,644.813
2021-07-23,112377,3,1021.0,1167.0,851.0,972.2222,644.813
2021-07-26,112377,1,1050.0,1167.0,875.0,972.2222,644.813
2021-07-27,112377,2,1050.0,1167.0,875.0,972.2222,644.813
2021-07-28,112377,5,992.0,1167.0,827.0,972.2222,644.813
2021-07-29,112377,1,1050.0,1167.0,875.0,972.2222,644.813
2021-07-31,112377,1,1050.0,1167.0,875.0,972.2222,644.813
2021-08-02,112377,2,1050.0,1167.0,875.0,972.2222,644.813
2021-08-04,112377,2,1050.0,1167.0,875.0,972.2222,644.813
2021-08-06,112377,1,1050.0,1167.0,875.0,972.2222,644.813
2021-08-10,112377,1,992.0,1167.0,827.0,972.2222,644.813
2021-08-13,112377,2,875.0,1167.0,729.0,972.2222,644.813
2021-08-14,112377,1,1050.0,1167.0,875.0,972.2222,644.813
2021-08-17,112377,1,875.0,1167.0,729.0,972.2222,644.813
2021-08-20,112377,4,962.5,1167.0,802.0,972.2222,644.813
2021-08-21,112377,1,1050.0,1167.0,875.0,972.2222,644.813
2021-08-23,112377,2,875.0,1167.0,729.0,972.2222,644.813
2021-08-24,112377,2,962.5,1167.0,802.0,972.2222,644.813
2021-08-25,112377,1,1050.0,1167.0,875.0,972.2222,644.813
2021-08-26,112377,1,1050.0,1167.0,875.0,972.2222,644.813
2021-08-27,112377,3,1050.0,1167.0,875.0,972.2222,644.813
2021-08-31,112377,1,1050.0,1167.0,875.0,972.2222,644.813
2021-09-03,112377,1,908.0,1211.0,757.0,1009.2593,644.813
2021-09-04,112377,1,908.0,1211.0,757.0,1009.2593,545.6
2021-09-08,112377,3,908.0,1211.0,757.0,1009.2593,644.813
2021-09-10,112377,3,908.0,1211.0,757.0,1009.2593,644.813
2021-09-11,112377,2,1090.0,1211.0,908.0,1009.2593,644.813
2021-09-14,112377,2,999.0,1211.0,832.5,1009.2593,545.6
2021-09-15,112377,1,1029.0,1211.0,858.0,1009.2593,644.813
2021-09-16,112377,4,1090.0,1211.0,908.0,1009.2593,644.813
2021-09-17,112377,1,1090.0,1211.0,908.0,1009.2593,644.813
2021-09-18,112377,1,1090.0,1211.0,908.0,1009.2593,644.813
2021-09-22,112377,1,1090.0,1211.0,908.0,1009.2593,644.813
2021-09-23,112377,3,1090.0,1211.0,908.0,1009.2593,644.813
2021-09-24,112377,1,1029.0,1211.0,858.0,1009.2593,644.813
2021-09-25,112377,2,1090.0,1211.0,908.0,1009.2593,644.813
2021-09-28,112377,1,1029.0,1211.0,858.0,1009.2593,644.813
2021-09-29,112377,1,1090.0,1211.0,908.0,1009.2593,644.813
2021-09-30,112377,2,1090.0,1211.0,908.0,1009.2593,644.813
2021-10-02,112377,1,1029.0,1211.0,858.0,1009.2593,644.813
2021-10-06,112377,2,1090.0,1211.0,908.0,1009.2593,644.813
2021-10-07,112377,1,1090.0,1211.0,908.0,1009.2593,644.813
2021-10-13,112377,1,899.0,1211.0,749.0,1009.2593,644.813
2021-10-14,112377,1,899.0,1211.0,749.0,1009.2593,644.813
2021-10-17,112377,2,899.0,1211.0,749.0,1009.2593,545.6
2021-10-19,112377,1,899.0,1211.0,749.0,1009.2593,644.813
2021-10-21,112377,1,899.0,1211.0,749.0,1009.2593,644.813
2021-10-25,112377,1,899.0,1211.0,749.0,1009.2593,545.6
2021-10-26,112377,3,899.0,1211.0,749.0,1009.2593,644.813
2021-10-27,112377,2,899.0,1211.0,749.0,1009.2593,644.813
2021-10-28,112377,1,899.0,1211.0,749.0,1009.2593,644.813
2021-11-01,112377,1,899.0,1211.0,749.0,1009.2593,644.813
2021-11-02,112377,3,899.0,1211.0,749.0,1009.2593,644.813
2021-11-03,112377,1,899.0,1211.0,749.0,1009.2593,644.813
2021-11-06,112377,2,1090.0,1211.0,908.0,1009.2593,595.2065
2021-11-08,112377,1,1090.0,1211.0,908.0,1009.2593,545.6
2021-11-11,112377,1,908.0,1211.0,757.0,1009.2593,545.6
2021-11-12,112377,3,899.0,1211.0,749.0,1009.2593,545.6
2021-11-15,112377,1,1090.0,1211.0,908.0,1009.2593,545.6
2021-11-16,112377,1,908.0,1211.0,757.0,1009.2593,545.6
2021-11-17,112377,1,908.0,1211.0,757.0,1009.2593,545.6
2021-11-19,112377,1,1029.0,1211.0,858.0,1009.2593,545.6
2021-11-22,112377,5,1090.0,1211.0,908.0,1009.2593,620.0097499999999
2021-11-23,112377,2,1029.0,1211.0,858.0,1009.2593,595.2065
2021-11-24,112377,1,1029.0,1211.0,858.0,1009.2593,545.6
2021-11-25,112377,1,1090.0,1211.0,908.0,1009.2593,545.6
2021-11-26,112377,2,999.0,1211.0,832.5,1009.2593,644.813
2021-11-27,112377,1,1090.0,1211.0,908.0,1009.2593,644.813
2021-11-29,112377,2,1090.0,1211.0,908.0,1009.2593,644.813
2021-11-30,112377,2,1090.0,1211.0,908.0,1009.2593,644.813
2021-12-01,112377,2,1090.0,1211.0,908.0,1009.2593,644.813
2021-12-02,112377,3,1090.0,1100.0,908.0,916.6667,644.813
2021-12-06,112377,1,1090.0,1100.0,908.0,916.6667,644.813
2021-12-07,112377,3,1090.0,1100.0,908.0,916.6667,644.813
2021-12-08,112377,2,990.0,1100.0,825.0,916.6667,644.813
2021-12-09,112377,1,899.0,1100.0,749.0,916.6667,644.813
2021-12-10,112377,4,962.5,1100.0,802.0,916.6667,644.813
2021-12-11,112377,2,825.0,1100.0,688.0,916.6667,595.2065
2021-12-14,112377,2,825.0,1100.0,688.0,916.6667,644.813
2021-12-20,112377,1,1090.0,1100.0,908.0,916.6667,644.813
2021-12-23,112377,3,690.0,1100.0,575.0,916.6667,644.813
2021-12-24,112377,2,690.0,1100.0,575.0,916.6667,644.813
2021-12-26,112377,1,690.0,1100.0,575.0,916.6667,644.813
2021-12-27,112377,1,690.0,1100.0,575.0,916.6667,644.813
2021-12-28,112377,3,690.0,1100.0,575.0,916.6667,644.813
2021-12-29,112377,1,690.0,1100.0,575.0,916.6667,644.813
2021-12-30,112377,2,690.0,1100.0,575.0,916.6667,644.813
2021-12-31,112377,1,690.0,1100.0,575.0,916.6667,644.813
2021-01-04,112437,1,6999.0,9443.0,5832.0,7869.4444,5086.0648
2021-01-06,112437,1,6999.0,9443.0,5832.0,7869.4444,5086.0648
2021-01-08,112437,1,8499.0,9443.0,7082.0,7869.4444,5086.0648
2021-01-11,112437,1,7999.0,9443.0,6666.0,7869.4444,5086.0648
2021-01-12,112437,1,6999.0,9443.0,5832.0,7869.4444,5086.0648
2021-01-14,112437,3,7999.0,9443.0,6666.0,7869.4444,5086.0648
2021-01-15,112437,2,7999.0,9443.0,6666.0,7869.4444,5086.0648
2021-01-19,112437,1,7999.0,9443.0,6666.0,7869.4444,5086.0648
2021-01-20,112437,1,7999.0,9443.0,6666.0,7869.4444,5086.0648
2021-01-22,112437,1,7999.0,9443.0,6666.0,7869.4444,5086.0648
2021-01-28,112437,3,6644.0,9443.0,5537.0,7869.4444,5086.0648
2021-01-29,112437,3,6999.0,9443.0,5832.0,7869.4444,5086.0648
2021-01-30,112437,1,6644.0,9443.0,5537.0,7869.4444,5086.0648
2021-02-01,112437,6,6821.5,9443.0,5684.5,7869.4444,5086.0648
2021-02-02,112437,5,6644.0,9443.0,5537.0,7869.4444,5086.0648
2021-02-03,112437,4,6644.0,9443.0,5537.0,7869.4444,5086.0648
2021-02-04,112437,1,6644.0,9443.0,5537.0,7869.4444,5086.0648
2021-02-05,112437,10,6644.0,9443.0,5537.0,7869.4444,5086.0648
2021-02-06,112437,3,6644.0,9443.0,5537.0,7869.4444,5086.0648
2021-02-09,112437,4,6644.0,9443.0,5537.0,7869.4444,5086.0648
2021-02-10,112437,4,7999.0,9443.0,6666.0,7869.4444,5086.0648
2021-02-12,112437,1,6644.0,9443.0,5537.0,7869.4444,5086.0648
2021-02-18,112437,1,7999.0,9443.0,6666.0,7869.4444,5086.0648
2021-02-25,112437,1,6990.0,9443.0,5825.0,7869.4444,5086.0648
2021-02-26,112437,2,7494.5,9443.0,6245.5,7869.4444,5086.0648
2021-02-27,112437,1,6990.0,9443.0,5825.0,7869.4444,5086.0648
2021-03-01,112437,1,6990.0,9443.0,5825.0,7869.4444,5086.0648
2021-03-02,112437,1,6990.0,9443.0,5825.0,7869.4444,5086.0648
2021-03-03,112437,3,6990.0,9443.0,5825.0,7869.4444,5086.0648
2021-03-04,112437,1,6990.0,9443.0,5825.0,7869.4444,5086.0648
2021-03-05,112437,2,6990.0,9443.0,5825.0,7869.4444,5088.81725
2021-03-09,112437,2,8249.0,9443.0,6874.0,7869.4444,5091.5697
2021-03-11,112437,3,7555.0,9443.0,6296.0,7869.4444,5091.5697
2021-03-12,112437,1,6990.0,9443.0,5825.0,7869.4444,5089.0155
2021-03-13,112437,4,6990.0,9443.0,5825.0,7869.4444,5091.5697
2021-03-16,112437,4,6990.0,9443.0,5825.0,7869.4444,5091.5697
2021-03-17,112437,2,6990.0,9443.0,5825.0,7869.4444,5091.5697
2021-03-18,112437,2,6990.0,9443.0,5825.0,7869.4444,5091.5697
2021-03-19,112437,3,7494.5,9443.0,6245.5,7869.4444,5091.5697
2021-03-22,112437,1,6990.0,9443.0,5825.0,7869.4444,5091.5697
2021-03-25,112437,2,7999.0,9443.0,6666.0,7869.4444,5091.5697
2021-03-27,112437,1,7999.0,9443.0,6666.0,7869.4444,5091.5697
2021-04-02,112437,2,7999.0,9443.0,6666.0,7869.4444,5091.5697
2021-04-14,112437,1,7999.0,9443.0,6666.0,7869.4444,5089.0155
2021-04-16,112437,1,7999.0,9443.0,6666.0,7869.4444,5091.5697
2021-04-19,112437,1,6644.0,9443.0,5537.0,7869.4444,5091.5697
2021-04-22,112437,1,7999.0,9443.0,6666.0,7869.4444,5091.5697
2021-04-23,112437,2,7499.0,9443.0,6249.0,7869.4444,5091.5697
2021-05-06,112437,1,7999.0,9443.0,6666.0,7869.4444,5088.9881
2021-05-10,112437,2,8499.0,9443.0,7082.0,7869.4444,5089.0018
2021-05-11,112437,1,8499.0,9443.0,7082.0,7869.4444,5088.9881
2021-05-15,112437,1,7999.0,9443.0,6666.0,7869.4444,5226.0539
2021-05-18,112437,1,7999.0,9443.0,6666.0,7869.4444,5088.9881
2021-05-19,112437,2,7999.0,9443.0,6666.0,7869.4444,5088.9881
2021-06-04,112437,1,7999.0,9443.0,6666.0,7869.4444,5076.5754
2021-06-05,112437,1,7999.0,9443.0,6666.0,7869.4444,5091.5697
2021-06-23,112437,1,7999.0,9443.0,6666.0,7869.4444,5088.9881
2021-06-24,112437,1,7999.0,9443.0,6666.0,7869.4444,5076.5754
2021-07-02,112437,1,7999.0,9443.0,6666.0,7869.4444,5076.5754
2021-07-05,112437,1,7999.0,9443.0,6666.0,7869.4444,5086.2962
2021-07-12,112437,1,7999.0,9443.0,6666.0,7869.4444,5086.2962
2021-07-15,112437,1,7999.0,9443.0,6666.0,7869.4444,5076.5754
2021-07-20,112437,1,7999.0,9443.0,6666.0,7869.4444,5079.1464
2021-07-26,112437,1,7999.0,9443.0,6666.0,7869.4444,5076.5754
2021-07-28,112437,1,7999.0,9443.0,6666.0,7869.4444,5076.5754
2021-07-30,112437,1,7999.0,9443.0,6666.0,7869.4444,5079.1464
2021-08-02,112437,1,7999.0,9443.0,6666.0,7869.4444,5079.1464
2021-08-04,112437,1,7999.0,9443.0,6666.0,7869.4444,5079.1464
2021-08-20,112437,1,8499.0,9443.0,7082.0,7869.4444,5089.0155
2021-08-21,112437,1,8499.0,9443.0,7082.0,7869.4444,5080.5424
2021-08-24,112437,1,8499.0,9443.0,7082.0,7869.4444,5457.0
2021-08-25,112437,1,8499.0,9443.0,7082.0,7869.4444,5081.9384
2021-09-03,112437,1,8026.0,9443.0,6688.0,7869.4444,5457.0
2021-09-09,112437,2,8499.0,9443.0,7082.0,7869.4444,5269.4692
2021-09-13,112437,2,8499.0,9443.0,7082.0,7869.4444,5269.4692
2021-09-15,112437,2,8026.0,9443.0,6688.0,7869.4444,5081.9384
2021-09-20,112437,1,8026.0,9443.0,6688.0,7869.4444,5457.0
2021-09-22,112437,1,8499.0,9443.0,7082.0,7869.4444,5457.0
2021-09-23,112437,1,8499.0,9443.0,7082.0,7869.4444,5081.9384
2021-09-27,112437,1,8499.0,9443.0,7082.0,7869.4444,5081.9384
2021-09-30,112437,1,8026.0,9443.0,6688.0,7869.4444,5457.0
2021-10-01,112437,1,8026.0,9443.0,6688.0,7869.4444,5457.0
2021-10-04,112437,2,8262.5,9443.0,6885.0,7869.4444,5266.7877
2021-10-11,112437,1,8499.0,9554.0,7082.0,7962.037,5457.0
2021-10-20,112437,1,8499.0,8989.0,7082.0,7490.7407,5457.0
2021-10-21,112437,1,8090.0,8989.0,6742.0,7490.7407,5457.0
2021-10-28,112437,1,8090.0,8989.0,6742.0,7490.7407,5079.1464
2021-10-29,112437,2,7191.0,8989.0,5992.0,7490.7407,5269.4692
2021-11-03,112437,1,8090.0,8989.0,6742.0,7490.7407,5081.9384
2021-11-07,112437,1,6890.0,8989.0,5742.0,7490.7407,5081.9384
2021-11-16,112437,1,6890.0,8989.0,5742.0,7490.7407,5081.9384
2021-11-18,112437,2,6890.0,8989.0,5742.0,7490.7407,5081.9384
2021-11-22,112437,3,6890.0,8989.0,5742.0,7490.7407,5457.0
2021-11-23,112437,1,6890.0,8989.0,5742.0,7490.7407,5457.0
2021-11-24,112437,3,6890.0,8989.0,5742.0,7490.7407,5457.0
2021-11-25,112437,2,6890.0,8989.0,5742.0,7490.7407,5457.0
2021-11-26,112437,2,6890.0,8989.0,5742.0,7490.7407,5457.0
2021-11-27,112437,6,6890.0,8989.0,5742.0,7490.7407,5457.0
2021-11-29,112437,2,6890.0,8989.0,5742.0,7490.7407,5457.0
2021-11-30,112437,8,6890.0,8989.0,5742.0,7490.7407,5457.0
2021-12-01,112437,8,6890.0,8989.0,5742.0,7490.7407,5457.0
2021-12-02,112437,2,6890.0,8989.0,5742.0,7490.7407,5457.0
2021-12-03,112437,1,6890.0,8989.0,5742.0,7490.7407,5457.0
2021-12-04,112437,1,6890.0,8989.0,5742.0,7490.7407,5457.0
2021-12-07,112437,1,6890.0,8989.0,5742.0,7490.7407,5457.0
2021-12-08,112437,1,6890.0,8989.0,5742.0,7490.7407,5457.0
2021-12-09,112437,4,6990.0,8989.0,5825.0,7490.7407,5457.0
2021-12-11,112437,1,6990.0,8989.0,5825.0,7490.7407,5457.0
2021-12-13,112437,1,6990.0,8989.0,5825.0,7490.7407,5457.0
2021-12-14,112437,3,6990.0,8989.0,5825.0,7490.7407,5457.0
2021-12-16,112437,2,6990.0,8989.0,5825.0,7490.7407,5266.7877
2021-12-17,112437,1,6990.0,8989.0,5825.0,7490.7407,5457.0
