sales_data.csv
sale_date,product_id,quantity,sales_price_tax,regular_price_tax,sales_price,regular_price,purchase_price
2021-01-04,122363,3,6990.0,15544.0,5825.0,12953.7037,4924.0
2021-01-06,122363,2,6601.0,15544.0,5501.0,12953.7037,4924.0
2021-01-09,122363,1,7990.0,15544.0,6658.0,12953.7037,4924.0
2021-01-12,122363,1,7546.0,15544.0,6288.0,12953.7037,4924.0
2021-01-13,122363,2,7073.5,15544.0,5894.5,12953.7037,4924.0
2021-01-15,122363,1,5770.0,15544.0,4808.0,12953.7037,4924.0
2021-01-16,122363,1,6658.0,15544.0,5548.0,12953.7037,4924.0
2021-01-18,122363,3,6658.0,15544.0,5548.0,12953.7037,4924.0
2021-01-19,122363,1,5990.0,15544.0,4992.0,12953.7037,4924.0
2021-01-20,122363,1,7990.0,15544.0,6658.0,12953.7037,4924.0
2021-01-21,122363,1,6658.0,15544.0,5548.0,12953.7037,4924.0
2021-01-22,122363,7,6658.0,15544.0,5548.0,12953.7037,4924.0
2021-01-27,122363,2,7324.0,15544.0,6103.0,12953.7037,5170.2
2021-01-30,122363,1,5990.0,15544.0,4992.0,12953.7037,4924.0
2021-02-02,122363,2,7768.0,15544.0,6473.0,12953.7037,4924.0
2021-02-03,122363,1,7546.0,15544.0,6288.0,12953.7037,4924.0
2021-02-09,122363,2,10768.0,15544.0,8973.0,12953.7037,4924.0
2021-02-12,122363,1,7990.0,15544.0,6658.0,12953.7037,4924.0
2021-02-16,122363,1,7546.0,15544.0,6288.0,12953.7037,4677.8
2021-02-17,122363,1,7990.0,15544.0,6658.0,12953.7037,4924.0
2021-02-18,122363,1,7990.0,15544.0,6658.0,12953.7037,4924.0
2021-02-23,122363,2,6660.0,15544.0,5550.0,12953.7037,5170.2
2021-02-24,122363,1,6990.0,15544.0,5825.0,12953.7037,5416.4
2021-02-25,122363,1,7546.0,15544.0,6288.0,12953.7037,4924.0
2021-02-26,122363,2,6660.0,15544.0,5550.0,12953.7037,5416.4
2021-02-27,122363,3,6660.0,15544.0,5550.0,12953.7037,5416.4
2021-03-03,122363,2,7546.0,15544.0,6288.0,12953.7037,5416.4
2021-03-08,122363,2,7990.0,15544.0,6658.0,12953.7037,5416.4
2021-03-09,122363,1,6658.0,15544.0,5548.0,12953.7037,5416.4
2021-03-10,122363,5,6590.0,15544.0,5492.0,12953.7037,5416.4
2021-03-12,122363,2,6658.0,15544.0,5548.0,12953.7037,5416.4
2021-03-15,122363,6,6624.0,15544.0,5520.0,12953.7037,5416.4
2021-03-16,122363,1,6658.0,15544.0,5548.0,12953.7037,5416.4
2021-03-17,122363,3,6590.0,15544.0,5492.0,12953.7037,5416.4
2021-03-18,122363,4,6590.0,15544.0,5492.0,12953.7037,5416.4
2021-03-19,122363,6,6590.0,15544.0,5492.0,12953.7037,5416.4
2021-03-20,122363,5,6590.0,15544.0,5492.0,12953.7037,5416.4
2021-03-22,122363,1,6590.0,15544.0,5492.0,12953.7037,5416.4
2021-03-23,122363,4,6590.0,15544.0,5492.0,12953.7037,5416.4
2021-03-26,122363,3,7102.0,15544.0,5918.0,12953.7037,5416.4
2021-03-27,122363,2,7546.0,15544.0,6288.0,12953.7037,5416.4
2021-03-29,122363,2,7990.0,15544.0,6658.0,12953.7037,5416.4
2021-03-30,122363,1,7990.0,15544.0,6658.0,12953.7037,5416.4
2021-03-31,122363,2,7102.0,15544.0,5918.0,12953.7037,5416.4
2021-04-01,122363,2,7546.0,15544.0,6288.0,12953.7037,5416.4
2021-04-05,122363,2,7990.0,15544.0,6658.0,12953.7037,5416.4
2021-04-20,122363,2,7768.0,8878.0,6473.0,7398.1481,5416.4
2021-04-22,122363,1,7990.0,8878.0,6658.0,7398.1481,5416.4
2021-04-23,122363,1,6658.0,8878.0,5548.0,7398.1481,5416.4
2021-04-26,122363,1,6658.0,8878.0,5548.0,7398.1481,5416.4
2021-04-27,122363,1,7990.0,8878.0,6658.0,7398.1481,5416.4
2021-04-29,122363,2,6658.0,8878.0,5548.0,7398.1481,5416.4
2021-05-05,122363,2,6658.0,15544.0,5548.0,12953.7037,5416.4
2021-05-07,122363,1,7990.0,15544.0,6658.0,12953.7037,5416.4
2021-05-18,122363,1,7102.0,8878.0,5918.0,7398.1481,5416.4
2021-05-27,122363,1,7990.0,8878.0,6658.0,7398.1481,5416.4
2021-05-28,122363,1,7546.0,8878.0,6288.0,7398.1481,5416.4
2021-05-31,122363,2,6658.0,8878.0,5548.0,7398.1481,5416.4
2021-06-01,122363,1,6658.0,8878.0,5548.0,7398.1481,4924.0
2021-06-04,122363,2,6658.0,8878.0,5548.0,7398.1481,5047.1
2021-06-09,122363,3,6658.0,8878.0,5548.0,7398.1481,5416.4
2021-06-10,122363,2,6658.0,8878.0,5548.0,7398.1481,5416.4
2021-06-11,122363,2,7546.0,8878.0,6288.0,7398.1481,4985.55
2021-06-16,122363,1,7990.0,8878.0,6658.0,7398.1481,5416.4
2021-06-23,122363,1,5992.0,8878.0,4993.0,7398.1481,5416.4
2021-06-24,122363,1,5992.0,8878.0,4993.0,7398.1481,5416.4
2021-06-25,122363,1,7191.0,8878.0,5992.0,7398.1481,5416.4
2021-06-26,122363,1,6658.0,8878.0,5548.0,7398.1481,5416.4
2021-06-28,122363,2,6658.0,8878.0,5548.0,7398.1481,5416.4
2021-06-29,122363,2,6341.0,8878.0,5284.0,7398.1481,5170.2
2021-06-30,122363,2,6690.0,8878.0,5575.0,7398.1481,5416.4
2021-07-01,122363,1,6690.0,8878.0,5575.0,7398.1481,4924.0
2021-07-02,122363,2,6690.0,8878.0,5575.0,7398.1481,5170.2
2021-07-03,122363,1,7990.0,8878.0,6658.0,7398.1481,5416.4
2021-07-05,122363,1,6690.0,8878.0,5575.0,7398.1481,5416.4
2021-07-07,122363,1,6690.0,8878.0,5575.0,7398.1481,5416.4
2021-07-08,122363,1,6690.0,8878.0,5575.0,7398.1481,5416.4
2021-07-10,122363,1,6658.0,8878.0,5548.0,7398.1481,5416.4
2021-07-12,122363,1,6658.0,8878.0,5548.0,7398.1481,5416.4
2021-07-17,122363,2,6658.0,8878.0,5548.0,7398.1481,5416.4
2021-07-19,122363,2,6658.0,8878.0,5548.0,7398.1481,5416.4
2021-07-22,122363,1,6658.0,8878.0,5548.0,7398.1481,5416.4
2021-07-23,122363,1,6658.0,8878.0,5548.0,7398.1481,5416.4
2021-07-24,122363,1,5992.0,8878.0,4993.0,7398.1481,5416.4
2021-07-27,122363,1,6658.0,8878.0,5548.0,7398.1481,5416.4
2021-07-28,122363,2,7546.0,8878.0,6288.0,7398.1481,5416.4
2021-08-07,122363,1,6658.0,8878.0,5548.0,7398.1481,5416.4
2021-08-09,122363,1,6658.0,8878.0,5548.0,7398.1481,5416.4
2021-08-10,122363,4,6601.0,8878.0,5501.0,7398.1481,5416.4
2021-08-20,122363,1,7546.0,8878.0,6288.0,7398.1481,5416.4
2021-08-23,122363,2,6658.0,8878.0,5548.0,7398.1481,5416.4
2021-08-26,122363,2,6658.0,8878.0,5548.0,7398.1481,5416.4
2021-08-27,122363,1,6658.0,8878.0,5548.0,7398.1481,5416.4
2021-08-28,122363,1,6658.0,8878.0,5548.0,7398.1481,5416.4
2021-08-30,122363,1,6658.0,8878.0,5548.0,7398.1481,5416.4
2021-08-31,122363,2,6658.0,8878.0,5548.0,7398.1481,5416.4
2021-09-01,122363,1,6658.0,8878.0,5548.0,7398.1481,5416.4
2021-09-02,122363,1,6658.0,8878.0,5548.0,7398.1481,5416.4
2021-09-03,122363,3,6658.0,8878.0,5548.0,7398.1481,5416.4
2021-09-04,122363,1,6658.0,8878.0,5548.0,7398.1481,5416.4
2021-10-05,122363,1,7546.0,8878.0,6288.0,7398.1481,5416.4
2021-10-08,122363,2,7590.5,8878.0,6325.0,7398.1481,5416.4
2021-10-13,122363,1,7990.0,8878.0,6658.0,7398.1481,5416.4
2021-10-18,122363,1,7102.0,8878.0,5918.0,7398.1481,5416.4
2021-10-21,122363,1,7102.0,8878.0,5918.0,7398.1481,5416.4
2021-11-03,122363,1,7102.0,8878.0,5918.0,7398.1481,5416.4
2021-11-05,122363,1,6658.0,8878.0,5548.0,7398.15,5416.4
2021-11-06,122363,1,6658.0,8878.0,5548.0,7398.15,5416.4
2021-11-14,122363,1,7990.0,8878.0,6658.0,7398.1481,5416.4
2021-11-15,122363,1,6658.0,8878.0,5548.0,7398.1481,5416.4
2021-11-29,122363,1,6215.0,8878.0,5179.0,7398.1481,5416.4
2021-11-30,122363,1,6215.0,8878.0,5179.0,7398.15,5416.4
2021-12-01,122363,2,7102.5,8878.0,5918.5,7398.1481,5416.4
2021-12-02,122363,1,7990.0,8878.0,6658.0,7398.1481,5416.4
2021-12-06,122363,1,6215.0,8878.0,5179.0,7398.1481,5497.646
2021-12-08,122363,1,6215.0,8878.0,5179.0,7398.1481,5416.4
2021-12-10,122363,3,7546.0,8878.0,6288.0,7398.1481,5416.4
2021-12-23,122363,1,7546.0,8878.0,6288.0,7398.1481,5416.4
2021-12-31,122363,1,7990.0,9433.0,6658.0,7861.1111,5416.4
2021-01-04,124329,2,2915.5,3332.0,2429.5,2776.8519,1600.0
2021-01-08,124329,1,2999.0,3332.0,2499.0,2776.8519,1600.0
2021-01-11,124329,1,2999.0,3332.0,2499.0,2776.8519,1600.0
2021-01-13,124329,2,2999.0,3332.0,2499.0,2776.8519,1600.0
2021-01-20,124329,1,2499.0,3332.0,2082.0,2776.8519,1800.0
2021-01-21,124329,1,2499.0,3332.0,2082.0,2776.8519,1800.0
2021-01-22,124329,2,2999.0,3332.0,2499.0,2776.8519,1600.0
2021-01-27,124329,1,2499.0,3332.0,2082.0,2776.8519,1600.0
2021-01-28,124329,7,2499.0,3332.0,2082.0,2776.8519,1800.0
2021-01-29,124329,7,2499.0,3332.0,2082.0,2776.8519,1600.0
2021-02-01,124329,3,2499.0,3332.0,2082.0,2776.8519,1800.0
2021-02-02,124329,1,2832.0,3332.0,2360.0,2776.8519,1800.0
2021-02-05,124329,5,2999.0,3332.0,2499.0,2776.8519,1800.0
2021-02-07,124329,1,2690.0,3332.0,2242.0,2776.8519,1800.0
2021-02-08,124329,1,2999.0,3332.0,2499.0,2776.8519,1800.0
2021-02-09,124329,3,2832.0,3332.0,2360.0,2776.8519,1800.0
2021-02-10,124329,3,2690.0,3332.0,2242.0,2776.8519,1800.0
2021-02-13,124329,2,2690.0,3332.0,2242.0,2776.8519,1800.0
2021-02-16,124329,1,2690.0,3332.0,2242.0,2776.8519,1600.0
2021-02-17,124329,1,2690.0,3332.0,2242.0,2776.8519,1800.0
2021-02-19,124329,2,2690.0,3656.0,2242.0,3046.2963,1800.0
2021-02-22,124329,2,2690.0,3656.0,2242.0,3046.2963,1800.0
2021-02-23,124329,2,2690.0,3656.0,2242.0,3046.2963,1800.0
2021-02-24,124329,1,2999.0,3656.0,2499.0,3046.2963,1800.0
2021-02-25,124329,1,2690.0,3656.0,2242.0,3046.2963,1800.0
2021-03-08,124329,1,2690.0,3656.0,2242.0,3046.2963,1800.0
2021-03-09,124329,1,2742.0,3656.0,2285.0,3046.2963,1800.0
2021-03-13,124329,1,3290.0,3656.0,2742.0,3046.2963,1800.0
2021-03-15,124329,2,3016.0,3656.0,2513.5,3046.2963,1800.0
2021-03-16,124329,5,3290.0,4100.0,2742.0,3416.6667,1800.0
2021-03-17,124329,2,2924.5,4100.0,2437.0,3416.6667,1800.0
2021-03-18,124329,3,3290.0,4100.0,2742.0,3416.6667,1800.0
2021-03-19,124329,3,2990.0,4100.0,2492.0,3416.6667,1950.0
2021-03-22,124329,1,2990.0,4100.0,2492.0,3416.6667,1950.0
2021-03-24,124329,4,2990.0,4100.0,2492.0,3416.6667,1950.0
2021-03-25,124329,2,2824.0,4100.0,2353.5,3416.6667,1875.0
2021-03-26,124329,1,2658.0,4100.0,2215.0,3416.6667,1950.0
2021-03-27,124329,1,2658.0,4100.0,2215.0,3416.6667,1950.0
2021-03-29,124329,1,2658.0,4100.0,2215.0,3416.6667,1950.0
2021-03-30,124329,5,2658.0,4100.0,2215.0,3416.6667,1950.0
2021-03-31,124329,5,2658.0,4100.0,2215.0,3416.6667,1950.0
2021-04-05,124329,2,3140.0,4100.0,2617.0,3416.6667,1950.0
2021-04-07,124329,2,2990.0,3322.0,2492.0,2768.5185,1950.0
2021-04-09,124329,1,2990.0,3322.0,2492.0,2768.5185,1950.0
2021-04-12,124329,1,2990.0,3322.0,2492.0,2768.5185,1950.0
2021-04-15,124329,1,2990.0,3322.0,2492.0,2768.5185,1950.0
2021-04-16,124329,2,2990.0,3322.0,2492.0,2768.5185,1800.0
2021-04-19,124329,3,2990.0,3322.0,2492.0,2768.5185,1800.0
2021-04-23,124329,1,2990.0,3322.0,2492.0,2768.5185,1800.0
2021-05-05,124329,1,2492.0,3322.0,2077.0,2768.5185,1800.0
2021-05-10,124329,1,2990.0,3322.0,2492.0,2768.5185,1800.0
2021-05-13,124329,1,2990.0,3322.0,2492.0,2768.5185,1950.0
2021-05-17,124329,4,2824.0,3322.0,2353.0,2768.5185,1950.0
2021-05-19,124329,2,2990.0,3322.0,2492.0,2768.5185,1950.0
2021-05-20,124329,2,2990.0,3322.0,2492.0,2768.5185,1950.0
2021-06-10,124329,1,2990.0,3322.0,2492.0,2768.5185,1800.0
2021-06-28,124329,1,2590.0,3322.0,2158.0,2768.5185,1950.0
2021-06-29,124329,4,2590.0,3322.0,2158.0,2768.5185,1950.0
2021-07-01,124329,2,2590.0,3322.0,2158.0,2768.5185,1950.0
2021-07-02,124329,5,2590.0,3322.0,2158.0,2768.5185,1950.0
2021-07-03,124329,1,2590.0,3322.0,2158.0,2768.5185,1800.0
2021-07-05,124329,1,2590.0,3322.0,2158.0,2768.5185,1950.0
2021-07-12,124329,1,2990.0,3322.0,2492.0,2768.5185,1950.0
2021-07-13,124329,1,2590.0,3322.0,2158.0,2768.5185,1950.0
2021-07-21,124329,2,2492.0,3322.0,2077.0,2768.5185,1950.0
2021-07-23,124329,1,2492.0,3322.0,2077.0,2768.5185,1950.0
2021-07-25,124329,1,2492.0,3322.0,2077.0,2768.5185,1950.0
2021-07-27,124329,1,2492.0,3322.0,2077.0,2768.5185,1950.0
2021-07-28,124329,3,2492.0,3322.0,2077.0,2768.5185,1950.0
2021-07-29,124329,2,2492.0,3322.0,2077.0,2768.5185,1950.0
2021-07-30,124329,1,2492.0,3322.0,2077.0,2768.5185,1950.0
2021-08-12,124329,2,2990.0,3322.0,2492.0,2768.5185,1800.0
2021-08-19,124329,1,2990.0,3322.0,2492.0,2768.5185,1950.0
2021-08-20,124329,1,2990.0,3322.0,2492.0,2768.5185,1950.0
2021-08-23,124329,1,2990.0,3322.0,2492.0,2768.5185,1950.0
2021-08-25,124329,1,2492.0,3322.0,2077.0,2768.5185,1950.0
2021-08-26,124329,2,2741.0,3322.0,2284.5,2768.5185,1950.0
2021-08-27,124329,1,2990.0,3322.0,2492.0,2768.5185,1950.0
2021-08-28,124329,1,2492.0,3322.0,2077.0,2768.5185,1950.0
2021-08-30,124329,2,2492.0,3322.0,2077.0,2768.5185,1950.0
2021-08-31,124329,1,2492.0,3322.0,2077.0,2768.5185,1600.0
2021-09-14,124329,1,2990.0,3322.0,2492.0,2768.5185,1950.0
2021-09-20,124329,1,2990.0,3322.0,2492.0,2768.5185,1950.0
2021-09-27,124329,1,2990.0,3322.0,2492.0,2768.5185,1950.0
2021-10-01,124329,1,2499.0,3322.0,2082.0,2768.5185,1950.0
2021-10-08,124329,1,2990.0,3322.0,2492.0,2768.5185,1950.0
2021-10-12,124329,1,2492.0,3322.0,2077.0,2768.5185,1950.0
2021-10-13,124329,3,2492.0,3322.0,2077.0,2768.5185,1950.0
2021-10-14,124329,1,2492.0,3322.0,2077.0,2768.5185,1950.0
2021-10-19,124329,4,2492.0,3322.0,2077.0,2768.5185,1950.0
2021-10-20,124329,1,2492.0,3322.0,2077.0,2768.5185,1800.0
2021-10-21,124329,1,2492.0,3322.0,2077.0,2768.5185,1950.0
2021-10-24,124329,1,2990.0,3322.0,2492.0,2768.5185,1950.0
2021-11-02,124329,1,2990.0,3322.0,2492.0,2768.5185,1950.0
2021-11-04,124329,1,2658.0,3322.0,2215.0,2768.5185,1950.0
2021-11-08,124329,1,2990.0,3322.0,2492.0,2768.5185,1800.0
2021-11-20,124329,1,2990.0,3989.0,2492.0,3324.0741,1950.0
2021-11-22,124329,1,3390.0,3989.0,2825.0,3324.0741,1950.0
2021-11-29,124329,1,3390.0,3989.0,2825.0,3324.0741,1950.0
2021-12-03,124329,1,2690.0,3989.0,2242.0,3324.075,1950.0
2021-12-06,124329,1,3590.0,3989.0,2992.0,3324.0741,1950.0
2021-12-07,124329,2,3590.0,3989.0,2992.0,3324.0741,1950.0
2021-12-09,124329,3,2999.0,3989.0,2499.0,3324.0741,1950.0
2021-12-10,124329,3,2690.0,3989.0,2242.0,3324.0741,1950.0
2021-12-13,124329,2,2690.0,3989.0,2242.0,3324.0741,1950.0
2021-12-14,124329,2,2690.0,3989.0,2242.0,3324.0741,1950.0
2021-12-16,124329,2,2690.0,3989.0,2242.0,3324.0741,1950.0
2021-12-17,124329,1,2690.0,3989.0,2242.0,3324.0741,1950.0
2021-12-18,124329,1,2690.0,3989.0,2242.0,3324.0741,1950.0
2021-12-20,124329,8,2690.0,3989.0,2242.0,3324.0741,1950.0
2021-12-21,124329,1,2690.0,3989.0,2242.0,3324.0741,1950.0
2021-12-22,124329,1,2690.0,3989.0,2242.0,3324.0741,1950.0
2021-12-23,124329,7,2690.0,3989.0,2242.0,3324.0741,1950.0
2021-12-24,124329,3,2690.0,3989.0,2242.0,3324.0741,1950.0
2021-12-27,124329,4,2690.0,3989.0,2242.0,3324.0741,1950.0
2021-12-28,124329,4,2690.0,3989.0,2242.0,3324.0741,1950.0
2021-12-29,124329,2,2761.0,3989.0,2301.0,3324.0741,1775.0
2021-12-30,124329,3,2690.0,3989.0,2242.0,3324.0741,1950.0
2021-12-31,124329,4,2690.0,3989.0,2242.0,3324.0741,1950.0
