sales_data.csv
sale_date,product_id,quantity,sales_price_tax,regular_price_tax,sales_price,regular_price,purchase_price
2021-01-04,124455,4,19990.0,28332.0,16658.0,23610.1852,16101.3291
2021-01-06,124455,2,19990.0,28332.0,16658.0,23610.1852,16101.3291
2021-01-08,124455,4,19990.0,28332.0,16658.0,23610.1852,16101.3291
2021-01-12,124455,3,19990.0,28332.0,16658.0,23610.1852,16101.3291
2021-01-13,124455,4,19990.0,28332.0,16658.0,23610.1852,16101.3291
2021-01-14,124455,1,19990.0,28332.0,16658.0,23610.1852,16101.3291
2021-01-15,124455,1,19990.0,28332.0,16658.0,23610.1852,16101.3291
2021-01-18,124455,1,19990.0,28332.0,16658.0,23610.1852,16101.3291
2021-01-19,124455,3,22665.0,28332.0,18888.0,23610.1852,16101.3291
2021-01-22,124455,1,21333.0,28332.0,17778.0,23610.1852,16101.3291
2021-01-25,124455,1,19990.0,28332.0,16658.0,23610.1852,16101.3291
2021-01-26,124455,2,23999.0,28332.0,19999.0,23610.1852,16101.3291
2021-01-29,124455,1,19990.0,28332.0,16658.0,23610.1852,16101.3291
2021-01-30,124455,1,19990.0,28332.0,16658.0,23610.1852,16101.3291
2021-02-01,124455,1,21333.0,29443.0,17778.0,24536.1111,16101.3291
2021-02-08,124455,2,23166.0,29443.0,19305.0,24536.1111,16350.3187
2021-02-09,124455,1,23609.0,29443.0,19674.0,24536.1111,16101.3291
2021-02-10,124455,2,23166.0,29443.0,19305.0,24536.1111,16350.3187
2021-02-11,124455,1,21333.0,29443.0,17778.0,24536.1111,16599.3083
2021-02-13,124455,2,22222.0,29443.0,18518.0,24536.1111,16599.3083
2021-02-23,124455,3,22222.0,29443.0,18518.0,24536.1111,16599.3083
2021-02-24,124455,1,19990.0,29443.0,16658.0,24536.1111,16101.3291
2021-02-25,124455,2,23110.5,29443.0,19258.5,24536.1111,16599.3083
2021-03-02,124455,1,26499.0,29443.0,22082.0,24536.1111,16599.3083
2021-03-05,124455,1,24999.0,29443.0,20832.0,24536.1111,16599.3083
2021-03-08,124455,1,24999.0,29443.0,20832.0,24536.1111,16599.3083
2021-03-09,124455,1,24999.0,29443.0,20832.0,24536.1111,16599.3083
2021-03-10,124455,1,24999.0,29443.0,20832.0,24536.1111,16101.3291
2021-03-12,124455,1,24999.0,29443.0,20832.0,24536.1111,16599.3083
2021-03-16,124455,1,24999.0,29443.0,20832.0,24536.1111,16599.3083
2021-03-22,124455,1,20795.0,29443.0,17329.0,24536.1111,16101.3291
2021-03-23,124455,1,20795.0,29443.0,17329.0,24536.1111,17290.975
2021-03-24,124455,3,20795.0,29443.0,17329.0,24536.1111,17290.975
2021-03-25,124455,1,20795.0,29443.0,17329.0,24536.1111,17290.975
2021-03-26,124455,2,20795.0,29443.0,17329.0,24536.1111,17290.975
2021-03-27,124455,3,20795.0,29443.0,17329.0,24536.1111,17290.975
2021-03-30,124455,2,20795.0,29443.0,17329.0,24536.1111,17290.975
2021-03-31,124455,2,24999.0,29443.0,20832.0,24536.1111,17290.975
2021-04-02,124455,1,22222.0,27777.0,18518.0,23147.2222,17290.975
2021-04-03,124455,1,22222.0,27777.0,18518.0,23147.2222,17290.975
2021-04-05,124455,1,22222.0,27777.0,18518.0,23147.2222,17290.975
2021-04-07,124455,1,22222.0,27777.0,18518.0,23147.2222,16599.3083
2021-04-12,124455,1,24999.0,27777.0,20832.0,23147.2222,16599.3083
2021-04-19,124455,1,23609.0,27777.0,19674.0,23147.2222,16599.3083
2021-04-21,124455,1,23609.0,27777.0,19674.0,23147.2222,16599.3083
2021-04-22,124455,2,24304.0,27777.0,20253.0,23147.2222,16350.3187
2021-04-23,124455,1,23609.0,27777.0,19674.0,23147.2222,16101.3291
2021-04-28,124455,1,24999.0,27777.0,20832.0,23147.2222,16599.3083
2021-05-05,124455,1,23609.0,28888.0,19674.0,24073.1481,16599.3083
2021-05-13,124455,2,24553.0,28888.0,20461.0,24073.1481,16772.2458
2021-05-17,124455,1,25999.0,28888.0,21666.0,24073.1481,16772.2458
2021-05-22,124455,1,24553.0,28888.0,20461.0,24073.1481,16772.2458
2021-06-01,124455,1,19990.0,28888.0,16658.0,24073.1481,16772.2458
2021-06-02,124455,2,22994.5,28888.0,19162.0,24073.1481,16101.32905
2021-06-03,124455,4,19990.0,28888.0,16658.0,24073.1481,16772.2458
2021-06-05,124455,3,19990.0,28888.0,16658.0,24073.1481,16772.2458
2021-06-07,124455,3,19990.0,28888.0,16658.0,24073.1481,16772.2458
2021-06-08,124455,13,19990.0,28888.0,16658.0,24073.1481,16772.2458
2021-06-09,124455,5,19990.0,28888.0,16658.0,24073.1481,16772.2458
2021-06-10,124455,8,19990.0,28888.0,16658.0,24073.1481,16772.2458
2021-06-11,124455,10,19990.0,28888.0,16658.0,24073.1481,16772.2458
2021-06-12,124455,1,19990.0,28888.0,16658.0,24073.1481,16772.2458
2021-06-14,124455,7,19990.0,28888.0,16658.0,24073.1481,16772.2458
2021-06-15,124455,10,19990.0,28888.0,16658.0,24073.1481,16772.2458
2021-06-16,124455,3,19990.0,28888.0,16658.0,24073.1481,16772.2458
2021-06-17,124455,4,19990.0,28888.0,16658.0,24073.1481,16772.2458
2021-06-18,124455,5,19990.0,28888.0,16658.0,24073.1481,16772.2458
2021-06-19,124455,1,19990.0,28888.0,16658.0,24073.1481,16772.2458
2021-06-21,124455,1,19990.0,28888.0,16658.0,24073.1481,16772.2458
2021-06-22,124455,7,19990.0,28888.0,16658.0,24073.1481,16772.2458
2021-06-23,124455,2,21550.5,28888.0,17958.5,24073.1481,16772.2458
2021-06-24,124455,1,19990.0,28888.0,16658.0,24073.1481,16772.2458
2021-06-25,124455,1,23111.0,28888.0,19259.0,24073.1481,16772.2458
2021-06-26,124455,1,23111.0,28888.0,19259.0,24073.1481,16772.2458
2021-06-28,124455,2,21550.5,28888.0,17958.5,24073.1481,16772.2458
2021-06-29,124455,4,23111.0,28888.0,19259.0,24073.1481,16772.2458
2021-06-30,124455,1,23111.0,28888.0,19259.0,24073.1481,16772.2458
2021-07-01,124455,2,21550.5,27777.0,17958.5,23147.225,17031.610399999998
2021-07-02,124455,1,23111.0,27777.0,19259.0,23147.225,16772.2458
2021-07-03,124455,1,23111.0,27777.0,19259.0,23147.225,17290.975
2021-07-07,124455,2,24055.0,27777.0,20045.5,23147.225,17290.975
2021-07-09,124455,1,23111.0,27777.0,19259.0,23147.225,17290.975
2021-07-13,124455,2,24055.0,27777.0,20045.5,23147.225,17031.610399999998
2021-07-14,124455,1,24999.0,27777.0,20832.0,23147.225,16772.2458
2021-07-15,124455,1,23609.0,27777.0,19674.0,23147.225,16772.2458
2021-07-16,124455,1,23111.0,27777.0,19259.0,23147.225,16772.2458
2021-07-17,124455,2,24304.0,27777.0,20253.0,23147.225,16772.2458
2021-07-19,124455,1,23111.0,27777.0,19259.0,23147.225,16772.2458
2021-07-20,124455,3,23111.0,27777.0,19259.0,23147.225,16772.2458
2021-07-22,124455,1,22222.0,27777.0,18518.0,23147.225,16772.2458
2021-07-24,124455,1,22222.0,27777.0,18518.0,23147.225,16772.2458
2021-07-27,124455,2,22222.0,27777.0,18518.0,23147.225,16772.2458
2021-07-28,124455,3,22222.0,27777.0,18518.0,23147.225,16772.2458
2021-07-29,124455,5,22222.0,27777.0,18518.0,23147.225,17290.975
2021-07-30,124455,2,22222.0,27777.0,18518.0,23147.225,17290.975
2021-08-03,124455,2,22222.0,27777.0,18518.0,23147.225,16696.15205
2021-08-05,124455,1,22222.0,27777.0,18518.0,23147.225,17290.975
2021-08-07,124455,1,22222.0,27777.0,18518.0,23147.225,16772.2458
2021-08-09,124455,1,22222.0,27777.0,18518.0,23147.225,16772.2458
2021-08-18,124455,1,22222.0,27777.0,18518.0,23147.225,16101.3291
2021-08-20,124455,1,22222.0,27777.0,18518.0,23147.225,16772.2458
2021-09-16,124455,1,20877.0,27777.0,17398.0,23147.225,17290.975
2021-12-20,124455,1,19990.0,27777.0,16658.0,23147.225,17290.975
2021-01-04,125506,1,1132.0,1656.0,943.0,1379.6296,718.07
2021-01-08,125506,4,1311.0,1656.0,1092.5,1379.6296,815.9926250000001
2021-01-12,125506,1,1132.0,1656.0,943.0,1379.6296,848.6335
2021-01-13,125506,3,1448.5,1656.0,1207.0,1379.6296,848.6335
2021-01-14,125506,1,1242.0,1656.0,1035.0,1379.6296,718.07
2021-01-15,125506,2,1324.5,1656.0,1103.5,1379.6296,848.6335
2021-01-16,125506,1,1407.0,1656.0,1172.0,1379.6296,848.6335
2021-01-18,125506,2,1407.0,1656.0,1172.0,1379.6296,718.07
2021-01-19,125506,2,1407.0,1656.0,1172.0,1379.6296,718.07
2021-01-20,125506,3,1490.0,1656.0,1242.0,1379.6296,718.07
2021-01-21,125506,7,1324.0,1656.0,1103.0,1379.6296,848.6335
2021-01-22,125506,10,1490.0,1656.0,1242.0,1379.6296,848.6335
2021-01-25,125506,1,1490.0,1656.0,1242.0,1379.6296,848.6335
2021-01-26,125506,4,1490.0,1656.0,1242.0,1379.6296,848.6335
2021-01-27,125506,2,1490.0,1656.0,1242.0,1379.6296,848.6335
2021-01-28,125506,3,1490.0,1656.0,1242.0,1379.6296,848.6335
2021-01-29,125506,1,1490.0,1656.0,1242.0,1379.6296,848.6335
2021-02-01,125506,2,1490.0,1656.0,1242.0,1379.6296,848.6335
2021-02-04,125506,1,1242.0,1656.0,1035.0,1379.6296,848.6335
2021-02-05,125506,1,1490.0,1656.0,1242.0,1379.6296,848.6335
2021-02-06,125506,2,1407.0,1656.0,1172.0,1379.6296,783.35175
2021-02-08,125506,2,1242.0,1656.0,1035.0,1379.6296,848.6335
2021-02-09,125506,3,1490.0,1656.0,1242.0,1379.6296,848.6335
2021-02-12,125506,1,1490.0,1656.0,1242.0,1379.6296,848.6335
2021-02-17,125506,1,1490.0,1656.0,1242.0,1379.6296,848.6335
2021-02-19,125506,1,1407.0,1656.0,1172.0,1379.6296,848.6335
2021-02-22,125506,1,1199.0,1656.0,999.0,1379.6296,848.6335
2021-02-23,125506,2,1132.0,1656.0,943.0,1379.6296,848.6335
2021-03-03,125506,1,1490.0,1656.0,1242.0,1379.6296,718.07
2021-03-04,125506,1,1324.0,1656.0,1103.0,1379.6296,848.6335
2021-03-09,125506,4,1324.0,1656.0,1103.0,1379.6296,848.6335
2021-03-10,125506,4,1324.0,1656.0,1103.0,1379.6296,718.07
2021-03-11,125506,2,1490.0,1656.0,1242.0,1379.6296,718.07
2021-03-12,125506,2,1366.0,1656.0,1138.5,1379.6296,718.07
2021-03-15,125506,11,1242.0,1656.0,1035.0,1379.6296,718.07
2021-03-16,125506,2,1242.0,1656.0,1035.0,1379.6296,718.07
2021-03-18,125506,1,1490.0,1656.0,1242.0,1379.6296,718.07
2021-03-19,125506,4,1490.0,1656.0,1242.0,1379.6296,718.07
2021-03-20,125506,1,1490.0,1656.0,1242.0,1379.6296,718.07
2021-03-22,125506,6,1242.0,1656.0,1035.0,1379.6296,718.07
2021-03-23,125506,2,1490.0,1656.0,1242.0,1379.6296,718.07
2021-03-24,125506,2,1242.0,1656.0,1035.0,1379.6296,718.07
2021-03-26,125506,3,1242.0,1656.0,1035.0,1379.6296,718.07
2021-03-27,125506,3,1407.0,1656.0,1172.5,1379.6296,718.07
2021-03-29,125506,4,1242.0,1656.0,1035.0,1379.6296,718.07
2021-03-30,125506,3,1242.0,1656.0,1035.0,1379.6296,718.07
2021-03-31,125506,1,1324.0,1656.0,1103.0,1379.6296,718.07
2021-04-02,125506,2,1366.0,1656.0,1138.5,1379.6296,718.07
2021-04-05,125506,2,1366.0,1656.0,1138.5,1379.6296,718.07
2021-04-06,125506,4,1242.0,1656.0,1035.0,1379.6296,718.07
2021-04-07,125506,2,1490.0,1656.0,1242.0,1379.6296,848.63
2021-04-08,125506,5,1490.0,1656.0,1242.0,1379.6296,718.07
2021-04-09,125506,1,1490.0,1656.0,1242.0,1379.6296,718.07
2021-04-10,125506,2,1242.0,1656.0,1035.0,1379.6296,718.07
2021-04-12,125506,1,1490.0,1656.0,1242.0,1379.6296,718.07
2021-04-13,125506,2,1448.5,1656.0,1207.0,1379.6296,718.07
2021-04-14,125506,5,1490.0,1656.0,1242.0,1379.6296,718.07
2021-04-15,125506,5,1490.0,1656.0,1242.0,1379.6296,718.07
2021-04-19,125506,2,1407.0,1656.0,1172.0,1379.6296,848.63
2021-04-20,125506,4,1407.0,1656.0,1172.0,1379.6296,783.35
2021-04-21,125506,3,1242.0,1656.0,1035.0,1379.6296,750.710875
2021-04-22,125506,3,1242.0,1656.0,1035.0,1379.6296,718.07
2021-04-23,125506,1,1242.0,1656.0,1035.0,1379.6296,718.07
2021-04-26,125506,1,1324.0,1656.0,1103.0,1379.6296,718.07
2021-04-27,125506,2,1365.5,1656.0,1137.5,1379.6296,718.07
2021-04-28,125506,2,1490.0,1656.0,1242.0,1379.6296,718.07
2021-04-29,125506,3,1490.0,1656.0,1242.0,1379.6296,718.07
2021-05-01,125506,2,1242.0,1500.0,1035.0,1250.0,718.07
2021-05-03,125506,2,1350.0,1500.0,1125.0,1250.0,718.07
2021-05-04,125506,1,1407.0,1500.0,1172.0,1250.0,718.07
2021-05-05,125506,2,1490.0,1500.0,1242.0,1250.0,718.07
2021-05-06,125506,3,1242.0,1500.0,1035.0,1250.0,718.07
2021-05-08,125506,1,1324.0,1500.0,1103.0,1250.0,718.07
2021-05-20,125506,1,1407.0,1500.0,1172.0,1250.0,718.07
2021-05-21,125506,1,1350.0,1500.0,1125.0,1250.0,718.07
2021-05-26,125506,1,1350.0,1500.0,1125.0,1250.0,718.07
2021-05-27,125506,1,1275.0,1500.0,1062.0,1250.0,718.07
2021-05-28,125506,1,1275.0,1500.0,1062.0,1250.0,718.07
2021-06-03,125506,1,1390.0,1544.0,1158.0,1287.037,718.07
2021-06-05,125506,1,1390.0,1544.0,1158.0,1287.037,718.07
2021-06-07,125506,4,1251.0,1544.0,1042.0,1287.037,718.07
2021-06-15,125506,3,1313.0,1544.0,1094.0,1287.037,718.07
2021-06-16,125506,1,1390.0,1544.0,1158.0,1287.037,718.07
2021-06-23,125506,1,1236.0,1544.0,1030.0,1287.037,848.6335
2021-06-28,125506,2,1390.0,1544.0,1158.0,1287.037,783.35175
2021-07-03,125506,1,1390.0,1544.0,1158.0,1287.037,848.6335
2021-07-07,125506,6,1390.0,1544.0,1158.0,1287.037,799.6721875000001
2021-07-15,125506,1,1313.0,1544.0,1094.0,1287.037,848.6335
2021-07-17,125506,2,1390.0,1544.0,1158.0,1287.037,848.6335
2021-07-20,125506,1,1313.0,1544.0,1094.0,1287.037,848.6335
2021-07-22,125506,2,1351.5,1544.0,1126.0,1287.037,848.6335
2021-07-23,125506,1,1313.0,1544.0,1094.0,1287.037,848.6335
2021-07-26,125506,3,1390.0,1544.0,1158.0,1287.037,848.6335
2021-07-28,125506,1,1390.0,1544.0,1158.0,1287.037,848.6335
2021-07-29,125506,6,1390.0,1544.0,1158.0,1287.037,848.6335
2021-08-04,125506,1,1690.0,1878.0,1408.0,1564.8148,848.6335
2021-08-18,125506,1,1408.0,1878.0,1173.0,1564.8148,848.6335
2021-08-19,125506,1,1690.0,1878.0,1408.0,1564.8148,848.6335
2021-09-02,125506,1,1596.0,1656.0,1330.0,1379.6296,718.06
2021-09-03,125506,2,1242.0,1656.0,1035.0,1379.6296,718.06
2021-09-05,125506,2,1242.0,1656.0,1035.0,1379.6296,718.06
2021-09-06,125506,1,1690.0,1656.0,1408.0,1379.6296,848.6335
2021-09-07,125506,2,1242.0,1656.0,1035.0,1379.6296,718.06
2021-09-09,125506,1,1242.0,1656.0,1035.0,1379.6296,848.6335
2021-09-11,125506,2,1490.0,1656.0,1242.0,1379.6296,848.6335
2021-09-13,125506,1,1490.0,1656.0,1242.0,1379.6296,848.6335
2021-09-16,125506,1,1490.0,1656.0,1242.0,1379.6296,718.07
2021-09-17,125506,1,1490.0,1656.0,1242.0,1379.6296,718.06
2021-09-20,125506,1,1490.0,1656.0,1242.0,1379.6296,718.06
2021-09-23,125506,3,1340.0,1656.0,1117.0,1379.6296,718.06
2021-09-24,125506,1,1490.0,1656.0,1242.0,1379.6296,848.6335
2021-09-25,125506,2,1190.0,1656.0,992.0,1379.6296,848.6335
2021-09-27,125506,4,1490.0,1656.0,1242.0,1379.6296,848.6335
2021-09-28,125506,2,1490.0,1656.0,1242.0,1379.6296,848.6335
2021-09-29,125506,3,1190.0,1656.0,992.0,1379.6296,848.6335
2021-09-30,125506,2,1190.0,1656.0,992.0,1379.6296,848.6335
2021-10-01,125506,9,1190.0,1656.0,992.0,1379.6296,848.6335
2021-10-04,125506,4,1190.0,1656.0,992.0,1379.6296,848.6335
2021-10-05,125506,2,1340.0,1656.0,1117.0,1379.6296,848.6335
2021-10-07,125506,2,1340.0,1539.0,1117.0,1282.3795,848.6335
2021-10-11,125506,1,1385.0,1539.0,1154.0,1282.3795,848.6335
2021-10-12,125506,3,1190.0,1539.0,992.0,1282.3795,848.6335
2021-10-20,125506,1,1154.0,1539.0,962.0,1282.3795,848.6335
2021-10-22,125506,1,1385.0,1539.0,1154.0,1282.3795,848.6335
2021-10-24,125506,1,1154.0,1539.0,962.0,1282.3795,848.6335
2021-10-26,125506,2,1154.0,1539.0,962.0,1282.3795,848.6335
2021-10-27,125506,5,1154.0,1539.0,962.0,1282.3795,848.6335
2021-10-28,125506,4,1154.0,1539.0,962.0,1282.3795,848.6335
2021-10-29,125506,7,1154.0,1539.0,962.0,1282.3795,848.6335
2021-10-30,125506,1,1154.0,1539.0,962.0,1282.3795,848.6335
2021-11-01,125506,2,1154.0,1539.0,962.0,1282.3795,848.6335
2021-11-02,125506,7,1154.0,1539.0,962.0,1282.3795,848.6335
2021-11-03,125506,1,1385.0,1539.0,1154.0,1282.3795,848.6335
2021-11-05,125506,4,1154.0,1539.0,962.0,1282.3795,848.6335
2021-11-08,125506,6,1385.0,1539.0,1154.0,1282.3795,848.63
2021-11-09,125506,2,1269.5,1539.0,1058.0,1282.3795,848.63
2021-11-12,125506,1,1154.0,1539.0,962.0,1282.3795,718.07
2021-11-13,125506,1,1154.0,1539.0,962.0,1282.3795,718.07
2021-11-15,125506,7,1154.0,1539.0,962.0,1282.3795,848.63
2021-11-16,125506,3,1154.0,1539.0,962.0,1282.3795,848.63
2021-11-17,125506,1,1385.0,1539.0,1154.0,1282.3795,848.63
2021-11-18,125506,4,1154.0,1539.0,962.0,1282.3795,848.63
2021-11-19,125506,3,1385.0,1539.0,1154.0,1282.3795,848.63
2021-11-23,125506,2,1154.0,1539.0,962.0,1282.3795,848.63
2021-11-24,125506,1,1154.0,1539.0,962.0,1282.3795,718.07
2021-11-27,125506,2,1154.0,1539.0,962.0,1282.3795,848.63
2021-12-02,125506,4,1385.0,1433.0,1154.0,1194.4444,848.63
2021-12-04,125506,2,1154.0,1433.0,962.0,1194.4444,848.63
2021-12-05,125506,1,1385.0,1433.0,1154.0,1194.4444,848.63
2021-12-07,125506,3,1337.5,1433.0,1114.5,1194.4444,783.35
2021-12-08,125506,8,1337.5,1433.0,1114.5,1194.4444,718.07
2021-12-09,125506,5,1290.0,1433.0,1075.0,1194.4444,718.06
2021-12-10,125506,4,1075.0,1433.0,896.0,1194.4444,783.345
2021-12-11,125506,4,1075.0,1433.0,896.0,1194.4444,718.06
2021-12-12,125506,1,1075.0,1433.0,896.0,1194.4444,718.06
2021-12-13,125506,2,1075.0,1433.0,896.0,1194.4444,718.06
2021-12-14,125506,4,1182.5,1433.0,985.5,1194.4444,718.06
2021-12-15,125506,6,1075.0,1433.0,896.0,1194.4444,718.06
2021-12-16,125506,4,1075.0,1433.0,896.0,1194.4444,718.06
2021-12-17,125506,5,1075.0,1433.0,896.0,1194.4444,718.06
2021-12-18,125506,3,990.0,1433.0,825.0,1194.4444,718.06
2021-12-19,125506,3,990.0,1433.0,825.0,1194.4444,718.06
2021-12-20,125506,4,1075.0,1433.0,896.0,1194.4444,718.06
2021-12-21,125506,10,990.0,1433.0,825.0,1194.4444,718.06
2021-12-22,125506,2,990.0,1433.0,825.0,1194.4444,718.06
2021-12-23,125506,3,990.0,1433.0,825.0,1194.4444,718.06
2021-12-24,125506,2,990.0,1433.0,825.0,1194.4444,718.06
2021-12-27,125506,2,990.0,1433.0,825.0,1194.4444,718.06
2021-12-29,125506,5,990.0,1433.0,825.0,1194.4444,718.06
2021-12-30,125506,2,990.0,1433.0,825.0,1194.4444,783.34675
2021-12-31,125506,4,990.0,1433.0,825.0,1194.4444,761.5845
