sales_data.csv
sale_date,product_id,quantity,sales_price_tax,regular_price_tax,sales_price,regular_price,purchase_price
2021-01-04,128194,6,20438.0,31666.0,17032.0,26387.963,18114.0791
2021-01-06,128194,21,20438.0,31666.0,17032.0,26387.963,18114.0791
2021-01-08,128194,1,26999.0,31666.0,22499.0,26387.963,18114.0791
2021-01-11,128194,2,20438.0,31666.0,17032.0,26387.963,18114.0791
2021-01-12,128194,4,20438.0,31666.0,17032.0,26387.963,18114.0791
2021-01-13,128194,1,20438.0,31666.0,17032.0,26387.963,18114.0791
2021-01-14,128194,4,20438.0,31666.0,17032.0,26387.963,18114.0791
2021-01-15,128194,4,25498.0,31666.0,21248.0,26387.963,18114.0791
2021-01-18,128194,4,22968.0,31666.0,19140.0,26387.963,18114.0791
2021-01-20,128194,4,23999.0,31666.0,19999.0,26387.963,18114.0791
2021-01-21,128194,3,23999.0,31666.0,19999.0,26387.963,18114.0791
2021-01-25,128194,2,20438.0,31666.0,17032.0,26387.963,18114.0791
2021-01-28,128194,1,25498.0,31666.0,21248.0,26387.963,18114.0791
2021-02-02,128194,1,20438.0,32777.0,17032.0,27313.8889,18114.0791
2021-02-05,128194,1,23999.0,32777.0,19999.0,27313.8889,18114.0791
2021-02-09,128194,2,22218.5,32777.0,18515.5,27313.8889,18114.0791
2021-02-10,128194,1,27999.0,32777.0,23332.0,27313.8889,18114.0791
2021-02-17,128194,1,26442.0,32777.0,22035.0,27313.8889,18674.3083
2021-02-22,128194,1,24888.0,32777.0,20740.0,27313.8889,18114.0791
2021-02-23,128194,3,20438.0,32777.0,17032.0,27313.8889,18114.0791
2021-03-03,128194,2,21214.0,32777.0,17678.5,27313.8889,18394.1937
2021-03-04,128194,2,24994.5,32777.0,20828.5,27313.8889,18394.1937
2021-03-05,128194,5,21990.0,32777.0,18325.0,27313.8889,18784.9958
2021-03-08,128194,9,21990.0,32777.0,18325.0,27313.8889,18784.9958
2021-03-09,128194,6,21990.0,32777.0,18325.0,27313.8889,18784.9958
2021-03-10,128194,1,21990.0,32777.0,18325.0,27313.8889,18784.9958
2021-03-11,128194,6,21990.0,32777.0,18325.0,27313.8889,18784.9958
2021-03-12,128194,2,21990.0,32777.0,18325.0,27313.8889,18674.3083
2021-03-13,128194,4,21990.0,32777.0,18325.0,27313.8889,18674.3083
2021-03-15,128194,9,21990.0,32777.0,18325.0,27313.8889,18674.3083
2021-03-16,128194,7,21990.0,32777.0,18325.0,27313.8889,18784.9958
2021-03-17,128194,4,21990.0,32777.0,18325.0,27313.8889,18784.9958
2021-03-22,128194,2,23295.0,32777.0,19412.0,27313.8889,18784.9958
2021-03-24,128194,1,21990.0,32777.0,18325.0,27313.8889,18784.9958
2021-03-31,128194,2,23295.0,32777.0,19412.0,27313.8889,18784.9958
2021-04-03,128194,1,24888.0,31110.0,20740.0,25925.0,18784.9958
2021-04-07,128194,1,24888.0,31110.0,20740.0,25925.0,18784.9958
2021-04-14,128194,2,25665.0,31110.0,21387.5,25925.0,18449.53745
2021-04-15,128194,1,21990.0,31110.0,18325.0,25925.0,18784.9958
2021-04-19,128194,1,25498.0,31110.0,21248.0,25925.0,18784.9958
2021-04-24,128194,3,25498.0,31110.0,21248.0,25925.0,18784.9958
2021-05-10,128194,1,27387.0,32221.0,22822.0,26850.9259,18784.9958
2021-05-18,128194,1,28999.0,32221.0,24166.0,26850.9259,18784.9958
2021-05-27,128194,1,28999.0,32221.0,24166.0,26850.9259,18784.9958
2021-06-26,128194,1,25777.0,32221.0,21481.0,26850.9259,18784.9958
2021-06-29,128194,1,25777.0,32221.0,21481.0,26850.9259,19365.975
2021-07-05,128194,1,25777.0,31110.0,21481.0,25925.0,19365.975
2021-07-08,128194,2,25332.5,31110.0,21110.5,25925.0,19365.975
2021-07-12,128194,4,24888.0,31110.0,20740.0,25925.0,19365.975
2021-07-14,128194,1,24888.0,31110.0,20740.0,25925.0,19365.975
2021-07-17,128194,1,24888.0,31110.0,20740.0,25925.0,19365.975
2021-07-20,128194,2,25665.0,31110.0,21387.5,25925.0,19365.975
2021-07-27,128194,1,24888.0,31110.0,20740.0,25925.0,19365.975
2021-07-28,128194,1,24888.0,31110.0,20740.0,25925.0,19365.975
2021-07-29,128194,3,24888.0,31110.0,20740.0,25925.0,19365.975
2021-07-30,128194,1,24888.0,31110.0,20740.0,25925.0,19365.975
2021-08-02,128194,2,27999.0,31110.0,23332.0,25925.0,19365.975
2021-08-03,128194,1,27999.0,31110.0,23332.0,25925.0,19365.975
2021-08-10,128194,2,27220.5,31110.0,22683.5,25925.0,18785.0006
2021-08-12,128194,1,27999.0,31110.0,23332.0,25925.0,19365.975
2021-08-16,128194,1,26442.0,31110.0,22035.0,25925.0,18785.0006
2021-08-20,128194,1,24888.0,31110.0,20740.0,25925.0,19365.975
2021-08-23,128194,2,24343.0,31110.0,20286.0,25925.0,19075.4878
2021-08-24,128194,1,24888.0,31110.0,20740.0,25925.0,18784.9957
2021-08-25,128194,1,27999.0,31110.0,23332.0,25925.0,18784.9957
2021-08-26,128194,1,24888.0,31110.0,20740.0,25925.0,18784.9957
2021-08-27,128194,3,24888.0,31110.0,20740.0,25925.0,18221.45
2021-08-28,128194,1,24888.0,31110.0,20740.0,25925.0,18221.45
2021-08-30,128194,4,24888.0,31110.0,20740.0,25925.0,18221.45
2021-08-31,128194,1,24888.0,31110.0,20740.0,25925.0,18221.45
2021-09-02,128194,1,24888.0,31110.0,20740.0,25925.0,18221.45
2021-09-10,128194,3,27999.0,31110.0,23332.0,25925.0,18221.45
2021-09-17,128194,1,26442.0,31110.0,22035.0,25925.0,18221.45
2021-09-18,128194,1,24888.0,31110.0,20740.0,25925.0,18784.9957
2021-09-24,128194,2,24888.0,31110.0,20740.0,25925.0,18784.9957
2021-09-27,128194,3,24888.0,31110.0,20740.0,25925.0,18784.9957
2021-09-29,128194,1,27999.0,31110.0,23332.0,25925.0,18784.9957
2021-10-01,128194,3,24888.0,31110.0,20740.0,25925.0,18784.9957
2021-10-02,128194,1,24888.0,31110.0,20740.0,25925.0,19365.975
2021-10-06,128194,5,24888.0,32777.0,20740.0,27313.8889,18978.6555
2021-10-08,128194,1,24888.0,32777.0,20740.0,27313.8889,18978.6555
2021-10-13,128194,1,27999.0,32777.0,23332.0,27313.8889,18978.6555
2021-10-16,128194,1,27999.0,32777.0,23332.0,27313.8889,18978.6555
2021-10-21,128194,1,27999.0,32777.0,23332.0,27313.8889,18978.6555
2021-10-28,128194,1,27999.0,32777.0,23332.0,27313.8889,18978.6555
2021-11-11,128194,1,27999.0,32777.0,23332.0,27313.8889,18978.6555
2021-11-20,128194,1,27999.0,32777.0,23332.0,27313.8889,18978.6555
2021-11-22,128194,3,27999.0,32777.0,23332.0,27313.8889,18978.6555
2021-11-24,128194,2,27999.0,32777.0,23332.0,27313.8889,18978.6555
2021-11-25,128194,1,27999.0,32777.0,23332.0,27313.8889,18978.6555
2021-11-28,128194,1,27999.0,32777.0,23332.0,27313.8889,18978.6555
2021-11-29,128194,2,27999.0,32777.0,23332.0,27313.8889,18978.6555
2021-12-01,128194,1,27999.0,33332.0,23332.0,27776.8519,18978.6555
2021-12-02,128194,4,27999.0,33332.0,23332.0,27776.8519,18978.6555
2021-01-04,128772,2,20769.5,24433.0,17308.0,20361.1083,16323.12
2021-01-06,128772,3,20767.0,24433.0,17306.0,20361.1083,16323.12
2021-01-08,128772,3,20767.0,24433.0,17306.0,20361.1083,16323.12
2021-01-11,128772,3,21990.0,24433.0,18325.0,20361.1083,16323.12
2021-01-13,128772,1,20767.0,24433.0,17306.0,20361.1083,16323.12
2021-01-14,128772,1,20767.0,24433.0,17306.0,20361.1083,16323.12
2021-01-18,128772,3,20767.0,24433.0,17306.0,20361.1083,16323.12
2021-01-19,128772,5,20767.0,24433.0,17306.0,20361.1083,16323.12
2021-01-22,128772,1,20767.0,24433.0,17306.0,20361.1083,16323.12
2021-01-25,128772,3,20767.0,24433.0,17306.0,20361.1083,16323.12
2021-01-26,128772,1,21990.0,24433.0,18325.0,20361.1083,16323.12
2021-01-27,128772,1,21990.0,24433.0,18325.0,20361.1083,16323.12
2021-01-28,128772,1,20767.0,24433.0,17306.0,20361.1083,16323.12
2021-01-29,128772,1,21990.0,24433.0,18325.0,20361.1083,16323.12
2021-01-30,128772,1,19547.0,24433.0,16289.0,20361.1083,16323.12
2021-02-01,128772,1,21990.0,27767.0,18325.0,23138.8889,16323.12
2021-02-02,128772,1,21990.0,27767.0,18325.0,23138.8889,16323.12
2021-02-03,128772,1,19547.0,27767.0,16289.0,23138.8889,16323.12
2021-02-08,128772,1,19547.0,27767.0,16289.0,23138.8889,16323.12
2021-02-09,128772,2,20629.5,27767.0,17191.0,23138.8889,16323.12
2021-02-16,128772,1,20767.0,27767.0,17306.0,23138.8889,16323.12
2021-02-19,128772,1,21712.0,27767.0,18093.0,23138.8889,16323.12
2021-02-20,128772,1,20436.0,27767.0,17030.0,23138.8889,16323.12
2021-02-23,128772,4,21074.0,27767.0,17561.5,23138.8889,16323.12
2021-02-24,128772,1,21712.0,27767.0,18093.0,23138.8889,16323.12
2021-02-25,128772,1,20436.0,27767.0,17030.0,23138.8889,16323.12
2021-02-26,128772,1,20436.0,27767.0,17030.0,23138.8889,16323.12
2021-03-02,128772,2,21074.0,27767.0,17561.5,23138.8889,16323.12
2021-03-03,128772,1,24990.0,27767.0,20825.0,23138.8889,16323.12
2021-03-04,128772,1,21712.0,27767.0,18093.0,23138.8889,16323.12
2021-03-05,128772,2,21074.0,27767.0,17561.5,23138.8889,16323.12
2021-03-08,128772,1,21712.0,27767.0,18093.0,23138.8889,16323.12
2021-03-09,128772,3,21712.0,27767.0,18093.0,23138.8889,16323.12
2021-03-10,128772,2,21713.0,27767.0,18094.0,23138.8889,16323.12
2021-03-11,128772,1,21712.0,27767.0,18093.0,23138.8889,16323.12
2021-03-12,128772,3,20436.0,27767.0,17030.0,23138.8889,16323.12
2021-03-13,128772,1,20436.0,27767.0,17030.0,23138.8889,16323.12
2021-03-15,128772,2,20436.0,27767.0,17030.0,23138.8889,16323.12
2021-03-16,128772,2,21074.0,27767.0,17561.5,23138.8889,16323.12
2021-03-17,128772,2,21239.5,27767.0,17699.5,23138.8889,16323.12
2021-03-22,128772,1,20436.0,27767.0,17030.0,23138.8889,16323.12
2021-03-25,128772,1,20436.0,27767.0,17030.0,23138.8889,16323.12
2021-03-26,128772,2,21713.0,27767.0,18094.0,23138.8889,16323.12
2021-03-29,128772,1,20436.0,27767.0,17030.0,23138.8889,16323.12
2021-03-30,128772,1,20436.0,27767.0,17030.0,23138.8889,16323.12
2021-03-31,128772,2,20436.0,27767.0,17030.0,23138.8889,16323.12
2021-04-01,128772,2,20436.0,25544.0,17030.0,21287.037,16323.12
2021-04-02,128772,2,22990.0,25544.0,19158.0,21287.037,16323.12
2021-04-05,128772,1,20436.0,25544.0,17030.0,21287.037,17261.0
2021-04-06,128772,4,20436.0,25544.0,17030.0,21287.037,17261.0
2021-04-07,128772,1,22990.0,25544.0,19158.0,21287.037,17261.0
2021-04-08,128772,1,20436.0,25544.0,17030.0,21287.037,17261.0
2021-04-09,128772,1,22990.0,25544.0,19158.0,21287.037,17261.0
2021-04-15,128772,2,21713.0,25544.0,18094.0,21287.037,17261.0
2021-04-16,128772,2,22351.0,25544.0,18625.5,21287.037,17261.0
2021-04-19,128772,1,22990.0,25544.0,19158.0,21287.037,17261.0
2021-04-20,128772,4,21712.0,25544.0,18093.0,21287.037,17261.0
2021-04-21,128772,1,21712.0,25544.0,18093.0,21287.037,17261.0
2021-04-22,128772,1,21712.0,25544.0,18093.0,21287.037,17261.0
2021-04-26,128772,1,20712.0,25544.0,17260.0,21287.037,17261.0
2021-04-27,128772,1,21712.0,25544.0,18093.0,21287.037,17261.0
2021-04-28,128772,2,21712.0,25544.0,18093.0,21287.037,17261.0
2021-05-13,128772,1,22656.0,26656.0,18880.0,22212.963,17261.0
2021-05-24,128772,2,22823.0,25544.0,19019.0,21287.037,17261.0
2021-05-26,128772,1,20436.0,25544.0,17030.0,21287.037,17261.0
2021-05-28,128772,2,19797.0,25544.0,16497.5,21287.037,17261.0
2021-05-31,128772,2,20436.0,25544.0,17030.0,21287.037,17261.0
2021-06-02,128772,2,20436.0,25544.0,17030.0,21287.037,17261.0
2021-06-03,128772,2,20436.0,25544.0,17030.0,21287.037,17261.0
2021-06-08,128772,7,20436.0,25544.0,17030.0,21287.037,17261.0
2021-06-09,128772,3,20436.0,25544.0,17030.0,21287.037,17261.0
2021-06-11,128772,3,20436.0,25544.0,17030.0,21287.037,17261.0
2021-06-14,128772,1,20436.0,25544.0,17030.0,21287.037,17261.0
2021-06-16,128772,1,21712.0,25544.0,18093.0,21287.037,17261.0
2021-06-17,128772,1,20436.0,25544.0,17030.0,21287.037,17261.0
2021-06-19,128772,1,20436.0,25544.0,17030.0,21287.037,17261.0
2021-06-22,128772,1,20436.0,25544.0,17030.0,21287.037,17261.0
2021-06-23,128772,1,20436.0,25544.0,17030.0,21287.037,17261.0
2021-06-24,128772,1,20436.0,25544.0,17030.0,21287.037,17261.0
2021-06-28,128772,1,20436.0,25544.0,17030.0,21287.037,17261.0
2021-06-29,128772,2,20436.0,25544.0,17030.0,21287.037,17261.0
2021-06-30,128772,1,20436.0,25544.0,17030.0,21287.037,17261.0
2021-07-01,128772,3,20436.0,25544.0,17030.0,21287.037,17261.0
2021-07-05,128772,2,20436.0,25544.0,17030.0,21287.037,17261.0
2021-07-06,128772,2,20436.0,25544.0,17030.0,21287.037,17261.0
2021-07-08,128772,3,20436.0,25544.0,17030.0,21287.037,17261.0
2021-07-12,128772,1,20436.0,25544.0,17030.0,21287.037,17261.0
2021-07-17,128772,2,20436.0,25544.0,17030.0,21287.037,17261.0
2021-07-19,128772,2,20436.0,25544.0,17030.0,21287.037,17261.0
2021-07-21,128772,1,20436.0,25544.0,17030.0,21287.037,17261.0
2021-07-22,128772,1,20436.0,25544.0,17030.0,21287.037,17261.0
2021-07-23,128772,2,20436.0,25544.0,17030.0,21287.037,16792.06
2021-07-27,128772,1,21712.0,25544.0,18093.0,21287.037,16323.12
2021-07-28,128772,1,20436.0,25544.0,17030.0,21287.037,17261.0
2021-07-29,128772,1,22990.0,25544.0,19158.0,21287.037,17261.0
2021-07-30,128772,1,20436.0,25544.0,17030.0,21287.037,17261.0
2021-07-31,128772,2,21074.0,25544.0,17561.5,21287.037,17261.0
2021-08-04,128772,1,20436.0,25544.0,17030.0,21287.037,17261.0
2021-08-05,128772,1,20436.0,25544.0,17030.0,21287.037,17261.0
2021-08-06,128772,2,20436.0,25544.0,17030.0,21287.037,17261.0
2021-08-10,128772,1,20436.0,25544.0,17030.0,21287.037,17261.0
2021-08-11,128772,3,20436.0,25544.0,17030.0,21287.037,17261.0
2021-08-12,128772,2,21074.0,25544.0,17561.5,21287.037,17261.0
2021-08-13,128772,2,20436.0,25544.0,17030.0,21287.037,17261.0
2021-08-16,128772,2,22990.0,25544.0,19158.0,21287.037,17261.0
2021-08-17,128772,3,20436.0,25544.0,17030.0,21287.037,17261.0
2021-08-18,128772,1,18392.0,25544.0,15327.0,21287.037,17261.0
2021-08-19,128772,1,20436.0,25544.0,17030.0,21287.037,17261.0
2021-08-20,128772,1,20436.0,25544.0,17030.0,21287.037,17261.0
2021-08-24,128772,1,21712.0,25544.0,18093.0,21287.037,17261.0
2021-08-25,128772,3,20436.0,25544.0,17030.0,21287.037,17261.0
2021-08-26,128772,1,21712.0,25544.0,18093.0,21287.037,17261.0
2021-08-27,128772,2,20436.0,25544.0,17030.0,21287.037,17261.0
2021-08-30,128772,2,20436.0,25544.0,17030.0,21287.037,17261.0
2021-08-31,128772,1,20436.0,25544.0,17030.0,21287.037,17261.0
2021-09-01,128772,3,20436.0,25544.0,17030.0,21287.037,17261.0
2021-09-02,128772,1,20436.0,25544.0,17030.0,21287.037,17261.0
2021-09-03,128772,2,20436.0,25544.0,17030.0,21287.037,17261.0
2021-09-06,128772,2,20436.0,25544.0,17030.0,21287.037,17261.0
2021-09-07,128772,2,20436.0,25544.0,17030.0,21287.037,17261.0
2021-09-08,128772,4,21712.0,25544.0,18093.0,21287.037,17261.0
2021-09-09,128772,2,20436.0,25544.0,17030.0,21287.037,17261.0
2021-09-11,128772,1,22990.0,25544.0,19158.0,21287.037,17261.0
2021-09-13,128772,3,20436.0,25544.0,17030.0,21287.037,17261.0
2021-09-14,128772,4,20436.0,25544.0,17030.0,21287.037,17261.0
2021-09-15,128772,2,20436.0,25544.0,17030.0,21287.037,17261.0
2021-09-16,128772,1,20436.0,25544.0,17030.0,21287.037,17261.0
2021-09-17,128772,1,20436.0,25544.0,17030.0,21287.037,17261.0
2021-09-18,128772,1,20436.0,25544.0,17030.0,21287.037,17261.0
2021-09-20,128772,4,20436.0,25544.0,17030.0,21287.037,17261.0
2021-09-21,128772,3,20436.0,25544.0,17030.0,21287.037,17261.0
2021-09-22,128772,2,20436.0,25544.0,17030.0,21287.037,17261.0
2021-09-24,128772,3,20436.0,25544.0,17030.0,21287.037,17261.0
2021-09-27,128772,2,20436.0,25544.0,17030.0,21287.037,17261.0
2021-09-28,128772,1,20436.0,25544.0,17030.0,21287.037,17261.0
2021-09-29,128772,1,22990.0,25544.0,19158.0,21287.037,17261.0
2021-10-04,128772,1,20436.0,25544.0,17030.0,21287.037,17261.0
2021-10-08,128772,1,20436.0,27767.0,17030.0,23138.8889,17261.0
2021-10-12,128772,3,22990.0,27767.0,19158.0,23138.8889,17261.0
2021-10-13,128772,1,22990.0,27767.0,19158.0,23138.8889,17261.0
2021-10-15,128772,1,21712.0,27767.0,18093.0,23138.8889,17261.0
2021-10-19,128772,3,22990.0,27767.0,19158.0,23138.8889,17261.0
2021-10-20,128772,1,22990.0,27767.0,19158.0,23138.8889,17261.0
2021-10-21,128772,2,22990.0,27767.0,19158.0,23138.8889,17261.0
2021-10-27,128772,1,22990.0,27767.0,19158.0,23138.8889,17261.0
2021-10-28,128772,1,22990.0,27767.0,19158.0,23138.8889,17261.0
2021-10-29,128772,1,22990.0,27767.0,19158.0,23138.8889,17261.0
2021-11-01,128772,3,22990.0,27767.0,19158.0,23138.8889,17261.0
2021-11-05,128772,1,23990.0,27767.0,19992.0,23138.8889,17261.0
2021-11-11,128772,1,23990.0,27767.0,19992.0,23138.8889,17261.0
2021-11-19,128772,1,23990.0,27767.0,19992.0,23138.8889,17261.0
2021-11-24,128772,1,23990.0,27767.0,19992.0,23138.8889,17261.0
2021-11-27,128772,3,23990.0,27767.0,19992.0,23138.8889,17261.0
2021-11-28,128772,1,19992.0,27767.0,16660.0,23138.8889,17261.0
2021-11-29,128772,5,19992.0,27767.0,16660.0,23138.8889,17261.0
2021-12-03,128772,1,23990.0,29989.0,19992.0,24990.7407,17261.0
2021-12-08,128772,2,19992.0,29989.0,16660.0,24990.7407,17261.0
2021-12-10,128772,2,19992.0,29989.0,16660.0,24990.7407,17261.0
2021-12-14,128772,3,19992.0,29989.0,16660.0,24990.7407,17261.0
2021-12-15,128772,2,22491.0,29989.0,18742.5,24990.7407,17261.0
2021-12-16,128772,1,19992.0,29989.0,16660.0,24990.7407,17261.0
2021-12-18,128772,1,24990.0,29989.0,20825.0,24990.7407,17261.0
2021-12-20,128772,2,21991.0,29989.0,18326.0,24990.7407,17261.0
2021-12-21,128772,2,24490.0,29989.0,20408.5,24990.7407,17261.0
2021-12-22,128772,2,22491.0,29989.0,18742.5,24990.7407,17261.0
2021-12-23,128772,1,24990.0,29989.0,20825.0,24990.7407,17261.0
2021-12-25,128772,1,24990.0,29989.0,20825.0,24990.7407,17261.0
2021-12-31,128772,1,24990.0,29989.0,20825.0,24990.7407,17261.0
