sales_data.csv
sale_date,product_id,quantity,sales_price_tax,regular_price_tax,sales_price,regular_price,purchase_price
2021-01-04,131910,1,7990.0,11110.0,6658.0,9258.3333,6147.9215
2021-01-06,131910,1,7990.0,11110.0,6658.0,9258.3333,6147.9215
2021-01-18,131910,2,8443.5,11110.0,7036.5,9258.3333,6147.9215
2021-01-22,131910,2,9999.0,11110.0,8332.0,9258.3333,6147.9215
2021-01-25,131910,2,9443.5,11110.0,7869.5,9258.3333,6147.9215
2021-01-26,131910,1,8284.0,11110.0,6903.0,9258.3333,6147.9215
2021-01-28,131910,1,9999.0,11110.0,8332.0,9258.3333,6147.9215
2021-01-29,131910,1,8284.0,11110.0,6903.0,9258.3333,6147.9215
2021-02-01,131910,2,8284.0,11110.0,6903.0,9258.3333,6147.9215
2021-02-02,131910,2,8284.0,11110.0,6903.0,9258.3333,6147.9215
2021-02-03,131910,5,8284.0,11110.0,6903.0,9258.3333,6147.9215
2021-02-04,131910,6,8284.0,11110.0,6903.0,9258.3333,6144.8028
2021-02-05,131910,4,8284.0,11110.0,6903.0,9258.3333,6144.8028
2021-02-10,131910,2,9141.5,11110.0,7617.5,9258.3333,6146.362150000001
2021-02-12,131910,1,9999.0,11110.0,8332.0,9258.3333,6147.9215
2021-02-16,131910,1,9443.0,11110.0,7869.0,9258.3333,6144.8028
2021-02-17,131910,1,8888.0,11110.0,7407.0,9258.3333,6138.9387
2021-02-18,131910,1,8888.0,11110.0,7407.0,9258.3333,6147.9215
2021-02-22,131910,1,7990.0,11110.0,6658.0,9258.3333,6144.8028
2021-02-25,131910,2,8888.0,11110.0,7407.0,9258.3333,6146.362150000001
2021-02-26,131910,1,8990.0,11110.0,7492.0,9258.3333,6147.9215
2021-03-01,131910,1,7990.0,11110.0,6658.0,9258.3333,6144.7779
2021-03-02,131910,1,7990.0,11110.0,6658.0,9258.3333,6144.7779
2021-03-03,131910,1,7990.0,11110.0,6658.0,9258.3333,6144.7779
2021-03-04,131910,9,7990.0,11110.0,6658.0,9258.3333,6144.7779
2021-03-05,131910,1,7990.0,11110.0,6658.0,9258.3333,6144.7779
2021-03-08,131910,2,7990.0,11110.0,6658.0,9258.3333,6144.7779
2021-03-09,131910,1,8888.0,11110.0,7407.0,9258.3333,6144.7779
2021-03-10,131910,2,8888.0,11110.0,7407.0,9258.3333,6145.454
2021-03-12,131910,1,9999.0,11110.0,8332.0,9258.3333,6146.1301
2021-03-18,131910,1,9999.0,11110.0,8332.0,9258.3333,6146.1301
2021-03-19,131910,1,9999.0,11110.0,8332.0,9258.3333,6146.1301
2021-03-22,131910,1,7990.0,11110.0,6658.0,9258.3333,6146.1301
2021-03-24,131910,1,8888.0,11110.0,7407.0,9258.3333,6144.7779
2021-03-26,131910,1,8888.0,11110.0,7407.0,9258.3333,6144.7779
2021-03-27,131910,1,8888.0,11110.0,7407.0,9258.3333,6144.7779
2021-03-30,131910,1,8888.0,11110.0,7407.0,9258.3333,6144.7779
2021-03-31,131910,2,9443.5,11110.0,7869.5,9258.3333,6144.7779
2021-04-02,131910,1,8888.0,11110.0,7407.0,9258.3333,6144.7779
2021-04-05,131910,2,8189.0,11110.0,6824.5,9258.3333,6144.7779
2021-04-06,131910,1,7490.0,11110.0,6242.0,9258.3333,6144.7779
2021-04-07,131910,3,7490.0,11110.0,6242.0,9258.3333,6144.7779
2021-04-08,131910,6,9999.0,11110.0,8332.0,9258.3333,6144.7779
2021-04-09,131910,6,7490.0,11110.0,6242.0,9258.3333,6144.7779
2021-04-10,131910,4,7490.0,11110.0,6242.0,9258.3333,6144.7779
2021-04-12,131910,15,7490.0,11110.0,6242.0,9258.3333,6144.7779
2021-04-13,131910,6,7490.0,11110.0,6242.0,9258.3333,6146.18815
2021-04-14,131910,7,7490.0,11110.0,6242.0,9258.3333,6147.5735
2021-04-15,131910,31,7490.0,11110.0,6242.0,9258.3333,6140.825
2021-04-16,131910,21,7490.0,11110.0,6242.0,9258.3333,6140.825
2021-04-17,131910,1,7490.0,11110.0,6242.0,9258.3333,6140.825
2021-04-19,131910,14,7490.0,11110.0,6242.0,9258.3333,6140.825
2021-04-20,131910,15,7490.0,11110.0,6242.0,9258.3333,6147.5735
2021-04-21,131910,12,7490.0,11110.0,6242.0,9258.3333,6147.5735
2021-04-22,131910,12,7490.0,11110.0,6242.0,9258.3333,6147.5735
2021-04-23,131910,4,7490.0,11110.0,6242.0,9258.3333,6147.5735
2021-04-26,131910,3,7490.0,11110.0,6242.0,9258.3333,6147.5735
2021-04-27,131910,1,7490.0,11110.0,6242.0,9258.3333,6147.5735
2021-05-21,131910,1,9999.0,11110.0,8332.0,9258.3333,6147.5735
2021-05-24,131910,1,9999.0,11110.0,8332.0,9258.3333,6147.5735
2021-05-26,131910,1,9443.0,11110.0,7869.0,9258.3333,6140.825
2021-06-01,131910,1,9443.0,11110.0,7869.0,9258.3333,6132.0961
2021-06-07,131910,1,9999.0,11110.0,8332.0,9258.3333,6132.0961
2021-06-09,131910,1,9999.0,11110.0,8332.0,9258.3333,6720.0
2021-06-11,131910,1,9443.0,11110.0,7869.0,9258.3333,6144.7779
2021-06-12,131910,1,9443.0,11110.0,7869.0,9258.3333,6132.0961
2021-06-17,131910,1,9999.0,11110.0,8332.0,9258.3333,6147.5735
2021-06-24,131910,1,9999.0,11110.0,8332.0,9258.3333,6132.0961
2021-06-29,131910,1,9999.0,11110.0,8332.0,9258.3333,6147.5735
2021-07-07,131910,1,9999.0,11110.0,8332.0,9258.3333,6147.5735
2021-07-09,131910,1,9999.0,11110.0,8332.0,9258.3333,6139.1069
2021-07-17,131910,1,9490.0,11110.0,7908.0,9258.3333,6139.1069
2021-07-23,131910,1,9490.0,11110.0,7908.0,9258.3333,6139.1069
2021-08-02,131910,2,9744.5,11110.0,8120.0,9258.3333,6139.1069
2021-08-06,131910,1,9490.0,11110.0,7908.0,9258.3333,6139.1069
2021-08-12,131910,1,9443.0,11110.0,7869.0,9258.3333,6139.1069
2021-08-15,131910,1,9999.0,11110.0,8332.0,9258.3333,6139.1069
2021-08-16,131910,1,9999.0,11110.0,8332.0,9258.3333,6140.825
2021-08-23,131910,1,8990.0,11110.0,7492.0,9258.3333,6139.1069
2021-08-24,131910,2,8990.0,11110.0,7492.0,9258.3333,6634.0
2021-08-31,131910,1,9443.0,11110.0,7869.0,9258.3333,6139.1069
2021-09-17,131910,1,9999.0,11110.0,8332.0,9258.3333,6634.0
2021-09-21,131910,1,9999.0,11110.0,8332.0,9258.3333,6634.0
2021-09-22,131910,1,9999.0,11110.0,8332.0,9258.3333,6634.0
2021-09-27,131910,1,9999.0,11110.0,8332.0,9258.3333,6634.0
2021-10-12,131910,1,10010.0,11777.0,8342.0,9813.8889,6634.0
2021-10-14,131910,1,10599.0,11777.0,8832.0,9813.8889,6634.0
2021-10-21,131910,1,10599.0,11777.0,8832.0,9813.8889,6634.0
2021-10-25,131910,2,10599.0,11777.0,8832.0,9813.8889,6634.0
2021-11-01,131910,2,10010.0,11777.0,8341.5,9813.8889,6634.0
2021-11-02,131910,1,9421.0,11777.0,7851.0,9813.8889,6634.0
2021-11-04,131910,1,10599.0,11777.0,8832.0,9813.8889,6634.0
2021-11-05,131910,1,10599.0,11777.0,8832.0,9813.8889,6634.0
2021-11-16,131910,1,10599.0,11777.0,8832.0,9813.8889,6634.0
2021-11-18,131910,1,9421.0,11777.0,7851.0,9813.8889,6634.0
2021-11-20,131910,1,8832.0,11777.0,7360.0,9813.8889,6634.0
2021-11-22,131910,1,8832.0,11777.0,7360.0,9813.8889,6634.0
2021-01-04,142254,3,4490.0,7767.0,3742.0,6472.2222,3783.0
2021-01-06,142254,6,4490.0,7767.0,3742.0,6472.2222,3722.0
2021-01-08,142254,5,4490.0,7767.0,3742.0,6472.2222,3722.0
2021-01-13,142254,1,4490.0,7767.0,3742.0,6472.2222,3722.0
2021-01-14,142254,1,4490.0,7767.0,3742.0,6472.2222,3722.0
2021-01-16,142254,1,5325.0,7767.0,4438.0,6472.2222,3722.0
2021-01-18,142254,2,5575.0,7767.0,4646.0,6472.2222,3722.0
2021-01-20,142254,1,3990.0,7767.0,3325.0,6472.2222,3722.0
2021-02-04,142254,1,5990.0,7656.0,4992.0,6379.6333,3722.0
2021-02-05,142254,1,5990.0,7656.0,4992.0,6379.6333,3722.0
2021-02-09,142254,1,3990.0,7656.0,3325.0,6379.6333,3722.0
2021-02-12,142254,2,5990.0,7656.0,4992.0,6379.6333,3722.0
2021-02-19,142254,1,3990.0,7656.0,3325.0,6379.6333,3722.0
2021-02-23,142254,1,5657.0,7656.0,4714.0,6379.6333,3722.0
2021-02-24,142254,1,4490.0,7656.0,3742.0,6379.6333,3722.0
2021-03-04,142254,2,4991.0,7656.0,4159.0,6379.6333,3722.0
2021-03-09,142254,1,3990.0,7656.0,3325.0,6379.6333,3722.0
2021-03-17,142254,1,5290.0,7656.0,4408.0,6379.6333,3722.0
2021-03-19,142254,2,4640.0,7656.0,3866.5,6379.6333,3722.0
2021-04-02,142254,1,5741.0,7656.0,4784.0,6379.6333,3722.0
2021-04-06,142254,1,5741.0,7656.0,4784.0,6379.6333,3722.0
2021-04-07,142254,2,5640.0,7656.0,4700.0,6379.6333,3722.0
2021-04-08,142254,1,5990.0,7656.0,4992.0,6379.6333,3722.0
2021-04-12,142254,1,5990.0,7656.0,4992.0,6379.6333,3722.0
2021-04-15,142254,2,5990.0,7656.0,4992.0,6379.6333,3791.0
2021-04-17,142254,1,5990.0,7656.0,4992.0,6379.6333,3722.0
2021-04-19,142254,1,5990.0,7656.0,4992.0,6379.6333,3860.0
2021-04-21,142254,1,5990.0,7656.0,4992.0,6379.6333,3860.0
2021-04-28,142254,1,5990.0,7656.0,4992.0,6379.6333,3722.0
2021-05-05,142254,1,5990.0,6656.0,4992.0,5546.2963,3722.0
2021-05-11,142254,2,5990.0,6656.0,4992.0,5546.2963,3860.0
2021-05-17,142254,1,4825.0,7656.0,4021.0,6379.6296,3860.0
2021-06-08,142254,1,5741.0,7656.0,4784.0,6379.6296,3993.0
2021-06-10,142254,2,5283.0,7656.0,4402.5,6379.6296,3993.0
2021-06-17,142254,3,4490.0,7656.0,3742.0,6379.6296,3722.0
2021-06-18,142254,3,4490.0,7656.0,3742.0,6379.6296,3860.0
2021-06-19,142254,1,4490.0,7656.0,3742.0,6379.6296,3993.3333
2021-06-20,142254,1,4490.0,7656.0,3742.0,6379.6296,3993.3333
2021-06-21,142254,5,4490.0,7656.0,3742.0,6379.6296,3993.0
2021-06-22,142254,3,4490.0,7656.0,3742.0,6379.6296,3993.3333
2021-06-23,142254,7,4490.0,7656.0,3742.0,6379.6296,3761.4286
2021-06-24,142254,6,4490.0,7656.0,3742.0,6379.6296,3993.3333
2021-06-25,142254,3,4490.0,7656.0,3742.0,6379.6296,3993.3333
2021-06-28,142254,2,5307.5,7656.0,4423.0,6379.6296,3993.3333
2021-07-09,142254,1,5990.0,6656.0,4992.0,5546.2963,3993.3333
2021-08-06,142254,1,4991.0,6656.0,4159.0,5546.2963,3993.3333
2021-08-10,142254,1,4991.0,6656.0,4159.0,5546.2963,3993.3333
2021-08-13,142254,2,5324.0,6656.0,4436.5,5546.2963,3993.3333
2021-08-18,142254,2,4991.0,6656.0,4159.0,5546.2963,3993.3333
2021-08-19,142254,2,4991.0,6656.0,4159.0,5546.2963,3926.66665
2021-08-20,142254,1,4991.0,6656.0,4159.0,5546.2963,3993.3333
2021-08-23,142254,1,5990.0,6656.0,4992.0,5546.2963,3993.3333
2021-08-24,142254,1,3990.0,6656.0,3325.0,5546.2963,3993.3333
2021-08-26,142254,6,3990.0,6656.0,3325.0,5546.2963,3993.3333
2021-08-27,142254,3,3990.0,6656.0,3325.0,5546.2963,3993.3333
2021-08-28,142254,1,3990.0,6656.0,3325.0,5546.2963,3993.3333
2021-08-30,142254,3,3990.0,6656.0,3325.0,5546.2963,3993.3333
2021-08-31,142254,7,3990.0,6656.0,3325.0,5546.2963,3993.3333
2021-09-01,142254,1,3990.0,6656.0,3325.0,5546.2963,3993.3333
2021-09-02,142254,4,3990.0,6656.0,3325.0,5546.2963,3993.3333
2021-09-03,142254,1,3990.0,6656.0,3325.0,5546.2963,3993.3333
2021-09-09,142254,1,3990.0,6656.0,3325.0,5546.2963,3993.3333
2021-09-14,142254,1,4991.0,6656.0,4159.0,5546.2963,3993.3333
2021-09-15,142254,2,3990.0,6656.0,3325.0,5546.2963,3993.3333
2021-09-16,142254,1,3990.0,6656.0,3325.0,5546.2963,3993.3333
2021-09-20,142254,1,3990.0,6656.0,3325.0,5546.2963,3993.3333
2021-09-23,142254,1,3990.0,6656.0,3325.0,5546.2963,3993.3333
2021-09-27,142254,1,3990.0,6656.0,3325.0,5546.2963,3993.3333
2021-09-29,142254,1,3990.0,6656.0,3325.0,5546.2963,3993.3333
2021-10-07,142254,1,5990.0,6656.0,4992.0,5546.2963,3993.3333
2021-10-15,142254,1,5990.0,6656.0,4992.0,5546.2963,3993.3333
2021-10-23,142254,1,3990.0,6656.0,3325.0,5546.2963,3993.3333
2021-10-27,142254,1,4991.0,6656.0,4159.0,5546.2963,3993.3333
2021-10-28,142254,1,4991.0,6656.0,4159.0,5546.2963,3993.3333
2021-10-29,142254,3,4991.0,6656.0,4159.0,5546.2963,3993.3333
2021-10-30,142254,2,4991.0,6656.0,4159.0,5546.2963,3993.3333
2021-11-03,142254,2,4991.0,6656.0,4159.0,5546.2963,3693.69165
2021-11-04,142254,1,4991.0,6656.0,4159.0,5546.2963,3993.3333
2021-11-05,142254,2,5490.5,6656.0,4575.5,5546.2963,3877.38095
2021-11-08,142254,2,4991.0,6656.0,4159.0,5546.2963,3993.3333
2021-11-11,142254,1,4490.0,6656.0,3742.0,5546.2963,3993.3333
2021-11-12,142254,1,4490.0,6656.0,3742.0,5546.2963,3394.05
2021-11-13,142254,3,5990.0,6656.0,4992.0,5546.2963,3993.3333
2021-11-14,142254,2,4490.0,6656.0,3742.0,5546.2963,3394.05
2021-11-15,142254,3,4490.0,6656.0,3742.0,5546.2963,3993.3333
2021-11-16,142254,1,4490.0,6656.0,3742.0,5546.2963,3394.05
2021-11-17,142254,1,4490.0,6656.0,3742.0,5546.2963,3394.05
2021-11-18,142254,6,4490.0,6656.0,3742.0,5546.2963,3926.5
2021-11-19,142254,5,4490.0,6656.0,3742.0,5546.2963,3993.3333
2021-11-20,142254,1,5657.0,6656.0,4714.0,5546.2963,3993.3333
2021-11-23,142254,1,5657.0,6656.0,4714.0,5546.2963,3394.05
2021-11-24,142254,2,3990.0,6656.0,3325.0,5546.2963,3394.05
2021-11-25,142254,3,4490.0,6656.0,3742.0,5546.2963,3993.3333
2021-11-26,142254,1,5990.0,6656.0,4992.0,5546.2963,3993.3333
2021-11-27,142254,6,3990.0,6656.0,3325.0,5546.2963,3394.05
2021-11-28,142254,2,3990.0,6656.0,3325.0,5546.2963,3693.69165
2021-11-29,142254,12,3990.0,6656.0,3325.0,5546.2963,3993.3333
2021-11-30,142254,17,3990.0,6656.0,3325.0,5546.2963,3394.05
2021-12-01,142254,21,3990.0,6656.0,3325.0,5546.2963,3394.05
2021-12-02,142254,16,3990.0,6656.0,3325.0,5546.2963,3394.05
2021-12-03,142254,6,3990.0,6656.0,3325.0,5546.2963,3394.05
2021-12-04,142254,5,3990.0,6656.0,3325.0,5546.2963,3394.05
2021-12-05,142254,1,3990.0,6656.0,3325.0,5546.2963,3394.05
2021-12-06,142254,10,3990.0,6656.0,3325.0,5546.2963,3394.05
2021-12-07,142254,24,3990.0,6656.0,3325.0,5546.2963,3394.05
2021-12-08,142254,9,3990.0,6656.0,3325.0,5546.2963,3394.05
2021-12-09,142254,8,3990.0,6656.0,3325.0,5546.2963,3394.05
2021-12-10,142254,4,4990.0,6656.0,4158.0,5546.2963,3394.05
2021-12-11,142254,2,5490.0,6656.0,4575.0,5546.2963,3394.05
2021-12-13,142254,1,4990.0,6656.0,4158.0,5546.2963,3394.05
2021-12-14,142254,4,4990.0,6656.0,4158.0,5546.2963,3394.05
2021-12-15,142254,3,4990.0,6656.0,4158.0,5546.2963,3394.05
2021-12-16,142254,3,4990.0,6656.0,4158.0,5546.2963,3394.05
2021-12-17,142254,4,4990.0,6656.0,4158.0,5546.2963,3394.05
2021-12-18,142254,1,4990.0,6656.0,4158.0,5546.2963,3394.05
2021-12-20,142254,3,4990.0,6656.0,4158.0,5546.2963,3394.05
2021-12-21,142254,2,4990.0,6656.0,4158.0,5546.2963,3394.05
2021-12-23,142254,2,4990.0,6656.0,4158.0,5546.2963,3394.05
2021-12-24,142254,2,4990.0,6656.0,4158.0,5546.2963,3394.05
2021-12-27,142254,3,4990.0,6656.0,4158.0,5546.2963,3394.05
2021-12-31,142254,2,4990.0,6656.0,4158.0,5546.2963,3394.05
