sales_data.csv
sale_date,product_id,quantity,sales_price_tax,regular_price_tax,sales_price,regular_price,purchase_price
2021-01-04,143220,4,2490.0,5544.0,2075.0,4620.3704,1712.49
2021-01-06,143220,1,2490.0,5544.0,2075.0,4620.3704,1712.49
2021-01-08,143220,1,2352.0,5544.0,1960.0,4620.3704,1712.49
2021-01-12,143220,4,2490.0,5544.0,2075.0,4620.3704,1712.49
2021-01-13,143220,2,2490.0,5544.0,2075.0,4620.3704,1712.49
2021-01-15,143220,1,2490.0,5544.0,2075.0,4620.3704,1712.49
2021-01-18,143220,1,2490.0,5544.0,2075.0,4620.3704,1712.49
2021-01-19,143220,2,2490.0,5544.0,2075.0,4620.3704,1712.49
2021-01-20,143220,3,2490.0,5544.0,2075.0,4620.3704,1712.49
2021-01-21,143220,1,2490.0,5544.0,2075.0,4620.3704,1712.49
2021-01-22,143220,4,2490.0,5544.0,2075.0,4620.3704,1712.49
2021-01-26,143220,3,2490.0,5544.0,2075.0,4620.3704,1712.49
2021-01-29,143220,3,2490.0,5544.0,2075.0,4620.3704,1712.49
2021-01-30,143220,1,2490.0,5544.0,2075.0,4620.3704,1712.49
2021-02-02,143220,4,2490.0,5544.0,2075.0,4620.3704,1712.49
2021-02-05,143220,4,2490.0,5544.0,2075.0,4620.3704,1712.49
2021-02-08,143220,1,2490.0,5544.0,2075.0,4620.3704,1712.49
2021-02-10,143220,2,2490.0,5544.0,2075.0,4620.3704,1712.49
2021-02-11,143220,5,2490.0,5544.0,2075.0,4620.3704,1712.49
2021-02-12,143220,4,2490.0,5544.0,2075.0,4620.3704,1712.49
2021-02-18,143220,1,2490.0,5544.0,2075.0,4620.3704,1712.49
2021-02-19,143220,1,2490.0,5544.0,2075.0,4620.3704,1712.49
2021-02-20,143220,1,2490.0,5544.0,2075.0,4620.3704,1712.49
2021-02-23,143220,1,2490.0,5544.0,2075.0,4620.3704,1712.49
2021-02-24,143220,4,2490.0,5544.0,2075.0,4620.3704,1712.49
2021-02-25,143220,1,2490.0,5544.0,2075.0,4620.3704,1712.49
2021-02-26,143220,1,2490.0,5544.0,2075.0,4620.3704,1712.49
2021-03-03,143220,1,2490.0,5544.0,2075.0,4620.3704,1712.49
2021-03-04,143220,1,2075.0,5544.0,1729.0,4620.3704,1712.49
2021-03-05,143220,1,2490.0,5544.0,2075.0,4620.3704,1712.49
2021-03-08,143220,2,2075.0,5544.0,1729.0,4620.3704,1712.49
2021-03-09,143220,3,2075.0,5544.0,1729.0,4620.3704,1712.49
2021-03-10,143220,2,2232.5,5544.0,1860.5,4620.3704,1712.49
2021-03-11,143220,7,2075.0,5544.0,1729.0,4620.3704,1712.49
2021-03-12,143220,8,2075.0,5544.0,1729.0,4620.3704,1712.49
2021-03-15,143220,5,2075.0,5544.0,1729.0,4620.3704,1712.49
2021-03-16,143220,8,2075.0,5544.0,1729.0,4620.3704,1712.49
2021-03-17,143220,1,2390.0,5544.0,1992.0,4620.3704,1712.49
2021-03-18,143220,6,2390.0,5544.0,1992.0,4620.3704,1712.49
2021-03-19,143220,6,2390.0,5544.0,1992.0,4620.3704,1712.49
2021-03-20,143220,3,2390.0,5544.0,1992.0,4620.3704,1712.49
2021-03-22,143220,2,2390.0,5544.0,1992.0,4620.3704,1712.49
2021-03-23,143220,3,2390.0,5544.0,1992.0,4620.3704,1712.49
2021-03-24,143220,2,2490.0,5544.0,2075.0,4620.3704,1712.49
2021-03-25,143220,1,2390.0,5544.0,1992.0,4620.3704,1712.49
2021-03-26,143220,3,2490.0,5544.0,2075.0,4620.3704,1712.49
2021-03-27,143220,1,2213.0,5544.0,1844.0,4620.3704,1712.49
2021-03-29,143220,8,2490.0,5544.0,2075.0,4620.3704,1712.49
2021-03-30,143220,3,2213.0,5544.0,1844.0,4620.3704,1712.49
2021-03-31,143220,8,2213.0,5544.0,1844.0,4620.3704,1712.49
2021-04-01,143220,2,2490.0,5544.0,2075.0,4620.3704,1712.49
2021-04-02,143220,2,2351.5,5544.0,1959.5,4620.3704,1712.49
2021-04-05,143220,5,2490.0,5544.0,2075.0,4620.3704,1712.49
2021-04-12,143220,1,2490.0,5544.0,2075.0,4620.3704,1712.49
2021-04-15,143220,1,2490.0,5544.0,2075.0,4620.3704,1712.49
2021-04-16,143220,2,2490.0,5544.0,2075.0,4620.3704,1712.49
2021-04-19,143220,2,2490.0,5544.0,2075.0,4620.3704,1712.49
2021-04-20,143220,5,2490.0,5544.0,2075.0,4620.3704,1712.49
2021-04-21,143220,1,2490.0,5544.0,2075.0,4620.3704,1712.49
2021-04-22,143220,1,2490.0,5544.0,2075.0,4620.3704,1712.49
2021-04-23,143220,1,2490.0,5544.0,2075.0,4620.3704,1712.49
2021-04-26,143220,4,2490.0,5544.0,2075.0,4620.3704,1712.49
2021-04-27,143220,1,2490.0,5544.0,2075.0,4620.3704,1712.49
2021-04-28,143220,1,2490.0,5544.0,2075.0,4620.3704,1712.49
2021-04-29,143220,1,2490.0,5544.0,2075.0,4620.3704,1712.49
2021-04-30,143220,1,2490.0,5544.0,2075.0,4620.3704,1712.49
2021-05-04,143220,2,2540.0,5544.0,2116.5,4620.3704,1712.49
2021-05-06,143220,1,2213.0,5544.0,1844.0,4620.3704,1712.49
2021-05-07,143220,1,2490.0,5544.0,2075.0,4620.3704,1712.49
2021-05-10,143220,1,2590.0,5544.0,2158.0,4620.3704,1712.49
2021-05-11,143220,2,2590.0,5544.0,2158.0,4620.3704,1712.49
2021-05-17,143220,1,2590.0,5544.0,2158.0,4620.3704,1712.49
2021-05-18,143220,1,2590.0,5544.0,2158.0,4620.3704,1712.49
2021-05-20,143220,2,2540.0,5544.0,2116.5,4620.3704,1712.49
2021-05-26,143220,1,2590.0,5544.0,2158.0,4620.3704,1712.49
2021-05-28,143220,1,2590.0,5544.0,2158.0,4620.3704,1712.49
2021-06-03,143220,1,2158.0,5544.0,1798.0,4620.3704,1712.49
2021-06-04,143220,1,2158.0,5544.0,1798.0,4620.3704,1712.49
2021-06-09,143220,1,1942.0,5544.0,1618.0,4620.3704,1712.49
2021-06-10,143220,3,2158.0,5544.0,1798.0,4620.3704,1712.49
2021-06-11,143220,3,2590.0,5544.0,2158.0,4620.3704,1712.49
2021-06-17,143220,2,2590.0,5544.0,2158.0,4620.3704,1712.49
2021-06-24,143220,1,2590.0,5544.0,2158.0,4620.3704,1712.49
2021-06-25,143220,1,2590.0,5544.0,2158.0,4620.3704,1712.49
2021-07-17,143220,1,2490.0,5544.0,2075.0,4620.3704,1712.49
2021-07-20,143220,1,2490.0,5544.0,2075.0,4620.3704,1712.49
2021-07-23,143220,1,2490.0,5544.0,2075.0,4620.3704,1712.49
2021-07-29,143220,1,2490.0,5544.0,2075.0,4620.3704,1712.49
2021-07-30,143220,1,2490.0,5544.0,2075.0,4620.3704,1712.49
2021-08-13,143220,3,2490.0,5544.0,2075.0,4620.3704,1712.49
2021-08-14,143220,1,2241.0,5544.0,1868.0,4620.3704,1712.49
2021-08-20,143220,2,2490.0,5544.0,2075.0,4620.3704,1712.49
2021-08-23,143220,1,2490.0,5544.0,2075.0,4620.3704,1712.49
2021-08-24,143220,4,2490.0,5544.0,2075.0,4620.3704,1712.49
2021-08-25,143220,3,2490.0,5544.0,2075.0,4620.3704,1712.49
2021-08-27,143220,1,2490.0,5544.0,2075.0,4620.3667,1712.49
2021-08-28,143220,1,2490.0,5544.0,2075.0,4620.3704,1712.49
2021-09-02,143220,1,2490.0,5544.0,2075.0,4620.3704,1712.49
2021-09-09,143220,1,2490.0,5544.0,2075.0,4620.3704,1712.49
2021-09-13,143220,1,2490.0,5544.0,2075.0,4620.3704,1712.49
2021-09-14,143220,2,2490.0,5544.0,2075.0,4620.3704,1712.49
2021-09-16,143220,1,2490.0,5544.0,2075.0,4620.3704,1712.49
2021-09-17,143220,2,2490.0,5544.0,2075.0,4620.3704,1712.49
2021-09-20,143220,1,2490.0,5544.0,2075.0,4620.3704,1712.49
2021-09-22,143220,3,2490.0,5544.0,2075.0,4620.3704,1712.49
2021-09-23,143220,1,2490.0,5544.0,2075.0,4620.3704,1712.49
2021-09-24,143220,2,2490.0,5544.0,2075.0,4620.3704,1712.49
2021-09-27,143220,1,2490.0,5544.0,2075.0,4620.3704,1712.49
2021-09-30,143220,2,2490.0,5544.0,2075.0,4620.3704,1712.49
2021-10-04,143220,2,2490.0,5544.0,2075.0,4620.3704,1712.49
2021-10-11,143220,1,2490.0,5544.0,2075.0,4620.3704,1712.49
2021-10-19,143220,1,2490.0,5544.0,2075.0,4620.3704,1712.49
2021-10-20,143220,1,2490.0,5544.0,2075.0,4620.3704,1712.49
2021-10-21,143220,4,2490.0,5544.0,2075.0,4620.3704,1712.49
2021-10-22,143220,1,2490.0,5544.0,2075.0,4620.3704,1712.49
2021-10-23,143220,1,2490.0,5544.0,2075.0,4620.3704,1712.49
2021-10-26,143220,1,2490.0,5544.0,2075.0,4620.3704,1712.49
2021-10-28,143220,6,2490.0,5544.0,2075.0,4620.3704,1712.49
2021-10-29,143220,1,2490.0,5544.0,2075.0,4620.3704,1712.49
2021-11-01,143220,1,2490.0,5544.0,2075.0,4620.3704,1712.49
2021-11-03,143220,1,2490.0,5544.0,2075.0,4620.3704,1712.49
2021-11-05,143220,2,2490.0,5544.0,2075.0,4620.3704,1712.49
2021-11-09,143220,1,2490.0,5544.0,2075.0,4620.3704,1712.49
2021-11-10,143220,1,2490.0,5544.0,2075.0,4620.3704,1712.49
2021-11-15,143220,1,2490.0,5544.0,2075.0,4620.3704,1712.49
2021-11-16,143220,1,2490.0,5544.0,2075.0,4620.3704,1712.49
2021-11-17,143220,5,2490.0,5544.0,2075.0,4620.3704,1712.49
2021-11-18,143220,1,2490.0,5544.0,2075.0,4620.3704,1712.49
2021-11-19,143220,1,2490.0,5544.0,2075.0,4620.3704,1712.49
2021-11-20,143220,1,2490.0,5544.0,2075.0,4620.3704,1712.49
2021-11-22,143220,2,2490.0,5544.0,2075.0,4620.3704,1712.49
2021-11-25,143220,3,2490.0,5544.0,2075.0,4620.3704,1712.49
2021-11-27,143220,6,2490.0,5544.0,2075.0,4620.3704,1712.49
2021-11-28,143220,1,2490.0,5544.0,2075.0,4620.3704,1712.49
2021-11-29,143220,3,2490.0,5544.0,2075.0,4620.3704,1712.49
2021-11-30,143220,2,2490.0,5544.0,2075.0,4620.3704,1712.49
2021-12-01,143220,2,2490.0,5544.0,2075.0,4620.3704,1712.49
2021-12-03,143220,1,2490.0,5544.0,2075.0,4620.3704,1712.49
2021-12-06,143220,1,2490.0,5544.0,2075.0,4620.3704,1712.49
2021-12-07,143220,2,2490.0,5544.0,2075.0,4620.3704,1712.49
2021-12-10,143220,4,2490.0,5544.0,2075.0,4620.3704,1712.49
2021-12-13,143220,1,2490.0,5544.0,2075.0,4620.3704,1712.49
2021-12-14,143220,2,2490.0,5544.0,2075.0,4620.3704,1712.49
2021-12-15,143220,1,2490.0,5544.0,2075.0,4620.3704,1712.49
2021-12-20,143220,2,2490.0,5544.0,2075.0,4620.3704,1712.49
2021-12-21,143220,5,2490.0,5544.0,2075.0,4620.3704,1712.49
2021-12-22,143220,1,2490.0,5544.0,2075.0,4620.3704,1712.49
2021-12-23,143220,2,2490.0,5544.0,2075.0,4620.3704,1712.49
2021-12-24,143220,2,2421.0,5544.0,2017.5,4620.3704,1712.49
2021-12-25,143220,1,2490.0,5544.0,2075.0,4620.3704,1712.49
2021-12-27,143220,2,2490.0,5544.0,2075.0,4620.3704,1712.49
2021-12-28,143220,2,2490.0,5544.0,2075.0,4620.3704,1712.49
2021-12-30,143220,1,2490.0,5544.0,2075.0,4620.3704,1712.49
2021-12-31,143220,1,2490.0,5544.0,2075.0,4620.3704,1712.49
2021-01-04,143226,1,2490.0,2767.0,2075.0,2305.5556,1687.07
2021-01-06,143226,1,2352.0,2767.0,1960.0,2305.5556,1687.07
2021-01-14,143226,1,2490.0,2767.0,2075.0,2305.5556,1687.07
2021-02-23,143226,1,2490.0,2767.0,2075.0,2305.5556,1687.07
2021-04-07,143226,1,2490.0,2767.0,2075.0,2305.5556,1687.07
2021-04-08,143226,2,2490.0,3322.0,2075.0,2768.5185,1687.07
2021-04-09,143226,1,2490.0,3322.0,2075.0,2768.5185,1687.07
2021-04-12,143226,3,2490.0,3322.0,2075.0,2768.5185,1687.07
2021-04-13,143226,2,2490.0,3322.0,2075.0,2768.5185,1687.07
2021-04-16,143226,1,2490.0,3322.0,2075.0,2768.5185,1687.07
2021-04-19,143226,1,2490.0,3322.0,2075.0,2768.5185,1687.07
2021-04-20,143226,3,2490.0,3322.0,2075.0,2768.5185,1687.07
2021-04-21,143226,3,2490.0,3322.0,2075.0,2768.5185,1687.07
2021-04-26,143226,1,2490.0,3322.0,2075.0,2768.5185,1687.07
2021-04-29,143226,1,2490.0,3322.0,2075.0,2768.5185,1687.07
2021-05-04,143226,1,2490.0,2878.0,2075.0,2398.1481,1687.07
2021-05-05,143226,1,2490.0,2878.0,2075.0,2398.1481,1687.07
2021-05-06,143226,1,2490.0,2878.0,2075.0,2398.1481,1687.07
2021-05-10,143226,2,2490.0,2878.0,2075.0,2398.1481,1687.07
2021-05-11,143226,1,2490.0,2878.0,2075.0,2398.1481,1687.07
2021-05-12,143226,1,2490.0,2878.0,2075.0,2398.1481,1687.07
2021-05-19,143226,1,2490.0,2878.0,2075.0,2398.1481,1687.07
2021-05-21,143226,3,2490.0,2878.0,2075.0,2398.1481,1687.07
2021-05-28,143226,1,2490.0,2878.0,2075.0,2398.1481,1687.07
2021-06-02,143226,1,2490.0,2989.0,2075.0,2490.7407,1687.07
2021-06-09,143226,1,2590.0,3211.0,2158.0,2675.9259,1687.07
2021-06-10,143226,1,2242.0,3211.0,1868.0,2675.9259,1687.07
2021-06-12,143226,1,2590.0,3211.0,2158.0,2675.9259,1687.07
2021-06-14,143226,2,2590.0,3211.0,2158.0,2675.9259,1687.07
2021-06-15,143226,1,2590.0,3211.0,2158.0,2675.9259,1687.07
2021-06-17,143226,1,2590.0,3211.0,2158.0,2675.9259,1687.07
2021-06-22,143226,1,2590.0,3211.0,2158.0,2675.9259,1687.07
2021-06-24,143226,1,2490.0,3211.0,2075.0,2675.9259,1687.07
2021-06-25,143226,1,2590.0,3211.0,2158.0,2675.9259,1687.07
2021-07-02,143226,2,2690.0,3100.0,2241.5,2583.3333,1687.07
2021-07-03,143226,1,2790.0,3100.0,2325.0,2583.3333,1687.07
2021-07-05,143226,1,2490.0,3100.0,2075.0,2583.3333,1687.07
2021-07-06,143226,2,2590.0,3100.0,2158.0,2583.3333,1687.07
2021-07-07,143226,1,2590.0,3100.0,2158.0,2583.3333,1687.07
2021-07-08,143226,2,2640.0,3100.0,2200.0,2583.3333,1687.07
2021-07-14,143226,3,2490.0,3100.0,2075.0,2583.3333,1687.07
2021-07-15,143226,1,2590.0,3100.0,2158.0,2583.3333,1687.07
2021-07-18,143226,1,2490.0,3100.0,2075.0,2583.3333,1687.07
2021-07-23,143226,1,2490.0,3100.0,2075.0,2583.3333,1687.07
2021-07-26,143226,2,2490.0,3100.0,2075.0,2583.3333,1687.07
2021-07-28,143226,1,2490.0,3100.0,2075.0,2583.3333,1687.07
2021-07-29,143226,2,2490.0,3100.0,2075.0,2583.3333,1687.07
2021-07-30,143226,5,2490.0,3100.0,2075.0,2583.3333,1687.07
2021-08-02,143226,1,2490.0,3100.0,2075.0,2583.3333,1687.07
2021-08-03,143226,1,2490.0,3100.0,2075.0,2583.3333,1687.07
2021-08-04,143226,2,2390.0,3100.0,1991.5,2583.3333,1687.07
2021-08-05,143226,1,2490.0,3100.0,2075.0,2583.3333,1687.07
2021-08-09,143226,1,2490.0,3100.0,2075.0,2583.3333,1687.07
2021-08-11,143226,5,2490.0,3100.0,2075.0,2583.3333,1687.07
2021-08-12,143226,2,2490.0,3100.0,2075.0,2583.3333,1687.07
2021-08-13,143226,2,2490.0,3100.0,2075.0,2583.3333,1687.07
2021-08-16,143226,1,2490.0,3100.0,2075.0,2583.3333,1687.07
2021-08-17,143226,1,2490.0,3100.0,2075.0,2583.3333,1687.07
2021-08-19,143226,1,2490.0,3100.0,2075.0,2583.3333,1687.07
2021-08-20,143226,3,2490.0,3100.0,2075.0,2583.3333,1687.07
2021-08-23,143226,2,2490.0,3100.0,2075.0,2583.3333,1687.07
2021-08-24,143226,1,2490.0,3100.0,2075.0,2583.3333,1687.07
2021-08-25,143226,5,2490.0,3100.0,2075.0,2583.3333,1687.07
2021-08-26,143226,3,2490.0,3100.0,2075.0,2583.3333,1687.07
2021-08-28,143226,1,2490.0,3100.0,2075.0,2583.3333,1687.07
2021-09-03,143226,2,2075.0,2767.0,1729.0,2305.5556,1687.07
2021-09-04,143226,1,2075.0,2767.0,1729.0,2305.5556,1687.07
2021-09-05,143226,1,2075.0,2767.0,1729.0,2305.5556,1687.07
2021-09-06,143226,2,2075.0,2767.0,1729.0,2305.5556,1687.07
2021-09-07,143226,1,2075.0,2767.0,1729.0,2305.5556,1687.07
2021-09-09,143226,1,2490.0,2767.0,2075.0,2305.5556,1687.07
2021-09-10,143226,1,2075.0,2767.0,1729.0,2305.5556,1687.07
2021-09-13,143226,2,2075.0,2767.0,1729.0,2305.5556,1687.07
2021-09-14,143226,1,2075.0,2767.0,1729.0,2305.5556,1687.07
2021-09-17,143226,1,2075.0,2767.0,1729.0,2305.5556,1687.07
2021-09-20,143226,3,2490.0,2767.0,2075.0,2305.5556,1687.07
2021-09-21,143226,3,2352.0,2767.0,1960.0,2305.5556,1687.07
2021-09-22,143226,1,2352.0,2767.0,1960.0,2305.5556,1687.07
2021-09-24,143226,2,2421.0,2767.0,2017.5,2305.5556,1687.07
2021-09-29,143226,1,2490.0,2767.0,2075.0,2305.5556,1687.07
2021-09-30,143226,1,2352.0,2767.0,1960.0,2305.5556,1687.07
2021-10-05,143226,1,2352.0,2767.0,1960.0,2305.5556,1687.07
2021-10-08,143226,1,2490.0,2767.0,2075.0,2305.5556,1687.07
2021-10-12,143226,2,2490.0,2767.0,2075.0,2305.5556,1687.07
2021-10-13,143226,2,2352.0,2767.0,1960.0,2305.5556,1687.07
2021-10-14,143226,1,2352.0,2767.0,1960.0,2305.5556,1687.07
2021-10-20,143226,3,2352.0,2767.0,1960.0,2305.5556,1687.07
2021-10-21,143226,2,2421.0,2767.0,2017.5,2305.5556,1687.07
2021-10-22,143226,2,2213.0,2767.0,1844.0,2305.5556,1687.07
2021-10-25,143226,1,2490.0,2767.0,2075.0,2305.5556,1687.07
2021-10-26,143226,1,2490.0,2767.0,2075.0,2305.5556,1687.07
2021-10-27,143226,2,2213.0,2767.0,1844.0,2305.5556,1687.07
2021-10-28,143226,1,2490.0,2767.0,2075.0,2305.5556,1687.07
2021-11-03,143226,2,2213.0,2767.0,1844.0,2305.5556,1687.07
2021-11-05,143226,4,2144.0,2767.0,1786.5,2305.5556,1687.07
2021-11-06,143226,1,2075.0,2767.0,1729.0,2305.5556,1687.07
2021-11-07,143226,1,2075.0,2767.0,1729.0,2305.5556,1687.07
2021-11-08,143226,2,2075.0,2767.0,1729.0,2305.5556,1687.07
2021-11-09,143226,3,2075.0,2767.0,1729.0,2305.5556,1687.07
2021-11-13,143226,2,2282.5,2767.0,1902.0,2305.5556,1687.07
2021-11-15,143226,3,2075.0,2767.0,1729.0,2305.5556,1687.07
2021-11-16,143226,1,2490.0,2767.0,2075.0,2305.5556,1687.07
2021-11-17,143226,1,2490.0,2767.0,2075.0,2305.5556,1687.07
2021-11-19,143226,2,2490.0,2767.0,2075.0,2305.5556,1687.07
2021-11-23,143226,2,2490.0,2767.0,2075.0,2305.5556,1687.07
2021-11-24,143226,1,2490.0,2767.0,2075.0,2305.5556,1687.07
2021-11-25,143226,1,2490.0,2767.0,2075.0,2305.5556,1687.07
2021-12-01,143226,1,2490.0,2767.0,2075.0,2305.5556,1687.07
2021-12-03,143226,1,2490.0,2767.0,2075.0,2305.5556,1687.07
2021-12-07,143226,1,2490.0,2767.0,2075.0,2305.5556,1687.07
2021-12-08,143226,1,2490.0,2767.0,2075.0,2305.5556,1687.07
2021-12-10,143226,2,2490.0,2767.0,2075.0,2305.5556,1687.07
2021-12-14,143226,1,2490.0,2767.0,2075.0,2305.5556,1687.07
2021-12-16,143226,2,2490.0,2767.0,2075.0,2305.5556,1687.07
2021-12-18,143226,2,2253.5,2767.0,1878.0,2305.5556,1687.07
2021-12-21,143226,1,2490.0,2767.0,2075.0,2305.5556,1687.07
2021-12-22,143226,2,2490.0,2767.0,2075.0,2305.5556,1687.07
2021-12-23,143226,2,2282.5,2767.0,1902.0,2305.5556,1687.07
2021-12-24,143226,2,2490.0,2767.0,2075.0,2305.5556,1687.07
2021-12-27,143226,1,2490.0,2767.0,2075.0,2305.5556,1687.07
2021-12-28,143226,2,2490.0,2767.0,2075.0,2305.5556,1687.07
2021-12-29,143226,1,2490.0,2767.0,2075.0,2305.5556,1687.07
2021-12-30,143226,2,2490.0,2989.0,2075.0,2490.7407,1687.07
2021-12-31,143226,1,2490.0,2989.0,2075.0,2490.7407,1687.07
