sales_data.csv
sale_date,product_id,quantity,sales_price_tax,regular_price_tax,sales_price,regular_price,purchase_price
2021-01-04,149306,11,17490.0,24322.0,14575.0,20268.5185,14495.0
2021-01-06,149306,9,17490.0,24322.0,14575.0,20268.5185,14495.0
2021-01-08,149306,1,21890.0,24322.0,18242.0,20268.5185,14495.0
2021-01-11,149306,1,18990.0,24322.0,15825.0,20268.5185,14495.0
2021-01-12,149306,2,18240.0,24322.0,15200.0,20268.5185,14495.0
2021-01-13,149306,2,21890.0,24322.0,18242.0,20268.5185,14495.0
2021-01-19,149306,1,18990.0,24322.0,15825.0,20268.5185,14495.0
2021-01-21,149306,2,18990.0,24322.0,15825.0,20268.5185,14495.0
2021-01-22,149306,1,18990.0,24322.0,15825.0,20268.5185,14495.0
2021-01-25,149306,1,18990.0,24322.0,15825.0,20268.5185,14495.0
2021-01-27,149306,2,18990.0,24322.0,15825.0,20268.5185,14495.0
2021-01-29,149306,1,18990.0,24322.0,15825.0,20268.5185,14495.0
2021-02-04,149306,1,17490.0,24322.0,14575.0,20268.5185,14495.0
2021-02-05,149306,3,21890.0,24322.0,18242.0,20268.5185,14495.0
2021-02-09,149306,1,17490.0,24322.0,14575.0,20268.5185,14495.0
2021-02-13,149306,1,17990.0,24322.0,14992.0,20268.5185,14495.0
2021-02-14,149306,1,17990.0,24322.0,14992.0,20268.5185,13850.0
2021-02-15,149306,1,17990.0,24322.0,14992.0,20268.5185,13850.0
2021-02-17,149306,3,17990.0,24322.0,14992.0,20268.5185,14495.0
2021-02-18,149306,3,17990.0,24322.0,14992.0,20268.5185,13850.0
2021-02-19,149306,1,17990.0,24322.0,14992.0,20268.5185,14494.9999
2021-02-22,149306,12,17490.0,24322.0,14575.0,20268.5185,14495.0
2021-02-23,149306,7,17490.0,24322.0,14575.0,20268.5185,13850.0
2021-02-24,149306,6,17490.0,24322.0,14575.0,20268.5185,13850.0
2021-02-26,149306,1,21890.0,24322.0,18242.0,20268.5185,13850.0
2021-03-01,149306,2,21890.0,24322.0,18242.0,20268.5185,13850.0
2021-03-02,149306,1,21890.0,24322.0,18242.0,20268.5185,13850.0
2021-03-04,149306,1,21890.0,24322.0,18242.0,20268.5185,13850.0
2021-03-05,149306,3,21890.0,24322.0,18242.0,20268.5185,13850.0
2021-03-09,149306,1,21890.0,24322.0,18242.0,20268.5185,13850.0
2021-03-11,149306,2,21890.0,24322.0,18242.0,20268.5185,13625.0
2021-03-12,149306,2,21890.0,24322.0,18242.0,20268.5185,13625.0
2021-03-17,149306,2,17990.0,24322.0,14992.0,20268.5185,13400.0
2021-03-19,149306,2,17990.0,24322.0,14992.0,20268.5185,14172.49995
2021-04-01,149306,1,21890.0,24322.0,18242.0,20268.5185,13400.0
2021-04-03,149306,1,21890.0,24322.0,18242.0,20268.5185,13400.0
2021-04-05,149306,1,21890.0,24322.0,18242.0,20268.5185,13850.0
2021-04-19,149306,1,17990.0,24322.0,14992.0,20268.5185,14494.9999
2021-04-27,149306,1,17990.0,24322.0,14992.0,20268.5185,13850.0
2021-04-28,149306,1,21890.0,24322.0,18242.0,20268.5185,13400.0
2021-05-21,149306,1,21890.0,24322.0,18242.0,20268.5185,13850.0
2021-05-26,149306,1,16490.0,24322.0,13742.0,20268.5185,13850.0
2021-05-27,149306,1,16490.0,24322.0,13742.0,20268.5185,13850.0
2021-05-28,149306,3,16490.0,24322.0,13742.0,20268.5185,13400.0
2021-05-31,149306,2,16490.0,24322.0,13742.0,20268.5185,13400.0
2021-06-01,149306,1,16490.0,24322.0,13742.0,20268.5185,13400.0
2021-06-04,149306,1,16490.0,24322.0,13742.0,20268.5185,13400.0
2021-06-12,149306,1,16490.0,24322.0,13742.0,20268.5185,13400.0
2021-06-14,149306,1,16490.0,24322.0,13742.0,20268.5185,13400.0
2021-06-28,149306,1,16490.0,24322.0,13742.0,20268.5185,13400.0
2021-07-07,149306,1,16490.0,24322.0,13742.0,20268.5185,13400.0
2021-07-19,149306,1,16490.0,24322.0,13742.0,20268.5185,13400.0
2021-07-27,149306,1,16490.0,24322.0,13742.0,20268.5185,13400.0
2021-08-03,149306,1,21890.0,24322.0,18242.0,20268.5185,13400.0
2021-08-13,149306,1,21890.0,24322.0,18242.0,20268.5185,13400.0
2021-08-17,149306,1,21890.0,24322.0,18242.0,20268.5185,13400.0
2021-08-18,149306,2,21890.0,24322.0,18242.0,20268.5185,13400.0
2021-08-24,149306,1,21890.0,24322.0,18242.0,20268.5185,13400.0
2021-08-28,149306,1,21890.0,24322.0,18242.0,20268.5185,13850.0
2021-09-03,149306,1,16490.0,24322.0,13742.0,20268.5185,13400.0
2021-10-01,149306,1,21890.0,24322.0,18242.0,20268.5185,13400.0
2021-10-04,149306,2,21890.0,24322.0,18242.0,20268.5185,13400.0
2021-10-05,149306,1,21890.0,24322.0,18242.0,20268.5185,13400.0
2021-10-08,149306,2,21890.0,24322.0,18242.0,20268.5185,13400.0
2021-10-22,149306,1,21890.0,24322.0,18242.0,20268.5185,13400.0
2021-10-25,149306,1,21890.0,24322.0,18242.0,20268.5185,14200.0
2021-10-26,149306,1,21890.0,24322.0,18242.0,20268.5185,13400.0
2021-10-28,149306,1,21890.0,24322.0,18242.0,20268.5185,13400.0
2021-10-29,149306,1,21890.0,24322.0,18242.0,20268.5185,14200.0
2021-11-01,149306,2,18990.0,24322.0,15825.0,20268.5185,13800.0
2021-11-02,149306,5,18990.0,24322.0,15825.0,20268.5185,14200.0
2021-11-03,149306,5,18990.0,24322.0,15825.0,20268.5185,14200.0
2021-11-04,149306,1,18990.0,24322.0,15825.0,20268.5185,13400.0
2021-11-05,149306,3,18990.0,24322.0,15825.0,20268.5185,14200.0
2021-11-06,149306,1,18990.0,24322.0,15825.0,20268.5185,13400.0
2021-11-07,149306,2,18990.0,24322.0,15825.0,20268.5185,14200.0
2021-11-08,149306,2,18990.0,24322.0,15825.0,20268.5185,14200.0
2021-11-09,149306,4,18990.0,24322.0,15825.0,20268.5185,14200.0
2021-11-15,149306,3,18990.0,24322.0,15825.0,20268.5185,14200.0
2021-11-16,149306,9,18990.0,24322.0,15825.0,20268.5185,14200.0
2021-11-19,149306,1,18990.0,24322.0,15825.0,20268.5185,14200.0
2021-11-20,149306,1,18990.0,24322.0,15825.0,20268.5185,14200.0
2021-11-22,149306,1,18990.0,24322.0,15825.0,20268.5185,14200.0
2021-11-23,149306,4,18990.0,24322.0,15825.0,20268.5185,14200.0
2021-11-24,149306,5,18990.0,24322.0,15825.0,20268.5185,14200.0
2021-11-25,149306,6,18990.0,24322.0,15825.0,20268.5185,14200.0
2021-11-26,149306,1,18990.0,24322.0,15825.0,20268.5185,14200.0
2021-11-27,149306,8,18990.0,24322.0,15825.0,20268.5185,14200.0
2021-11-28,149306,2,18990.0,24322.0,15825.0,20268.5185,14200.0
2021-11-29,149306,9,18990.0,24322.0,15825.0,20268.5185,14200.0
2021-11-30,149306,5,18990.0,24322.0,15825.0,20268.5185,14200.0
2021-12-01,149306,4,18990.0,24322.0,15825.0,20268.5185,14200.0
2021-12-02,149306,1,18990.0,24322.0,15825.0,20268.5185,14200.0
2021-12-03,149306,2,18990.0,24322.0,15825.0,20268.5185,14200.0
2021-12-06,149306,2,18990.0,24322.0,15825.0,20268.5185,14200.0
2021-12-07,149306,1,18990.0,24322.0,15825.0,20268.5185,14200.0
2021-12-10,149306,4,18990.0,24322.0,15825.0,20268.5185,14200.0
2021-12-11,149306,1,19990.0,24322.0,16658.0,20268.5185,14200.0
2021-12-13,149306,1,19990.0,24322.0,16658.0,20268.5185,14200.0
2021-12-15,149306,1,21890.0,24322.0,18242.0,20268.5185,14200.0
2021-12-16,149306,1,19990.0,24322.0,16658.0,20268.5185,14200.0
2021-12-22,149306,4,19990.0,24322.0,16658.0,20268.5185,14200.0
2021-12-23,149306,4,19990.0,24322.0,16658.0,20268.5185,14200.0
2021-12-24,149306,1,19990.0,24322.0,16658.0,20268.5185,14200.0
2021-12-26,149306,3,19490.5,24322.0,16242.0,20268.5185,14200.0
2021-12-27,149306,3,19990.0,24322.0,16658.0,20268.5185,14200.0
2021-12-28,149306,1,19990.0,24322.0,16658.0,20268.5185,14200.0
2021-12-29,149306,2,19990.0,24322.0,16658.0,20268.5185,14200.0
2021-01-04,154553,3,19990.0,22211.0,16658.0,18509.2593,14838.56
2021-01-06,154553,2,19434.5,22211.0,16195.0,18509.2593,14838.56
2021-01-09,154553,1,18879.0,22211.0,15732.0,18509.2593,14838.56
2021-01-11,154553,2,19434.5,22211.0,16195.0,18509.2593,14838.56
2021-01-12,154553,3,18879.0,22211.0,15732.0,18509.2593,14838.56
2021-01-13,154553,1,19990.0,22211.0,16658.0,18509.2593,14838.56
2021-01-14,154553,1,18879.0,22211.0,15732.0,18509.2593,14838.56
2021-01-19,154553,1,18879.0,22211.0,15732.0,18509.2593,14838.56
2021-01-22,154553,2,19434.5,22211.0,16195.0,18509.2593,14838.56
2021-01-25,154553,2,18879.0,22211.0,15732.0,18509.2593,14838.56
2021-01-26,154553,2,19434.5,22211.0,16195.0,18509.2593,14838.56
2021-01-28,154553,1,19990.0,22211.0,16658.0,18509.2593,14838.56
2021-01-29,154553,1,19990.0,22211.0,16658.0,18509.2593,14838.56
2021-01-30,154553,2,17769.0,22211.0,14808.0,18509.2593,14838.56
2021-02-01,154553,1,19990.0,25544.0,16658.0,21287.037,14838.56
2021-02-02,154553,1,19990.0,25544.0,16658.0,21287.037,14838.56
2021-02-05,154553,2,19906.5,25544.0,16588.5,21287.037,14838.56
2021-02-08,154553,2,17769.0,25544.0,14808.0,21287.037,14838.56
2021-02-09,154553,1,17769.0,25544.0,14808.0,21287.037,14838.56
2021-02-19,154553,1,20990.0,25544.0,17492.0,21287.037,14838.56
2021-02-20,154553,2,18658.0,25544.0,15548.0,21287.037,14838.56
2021-02-23,154553,2,19824.0,25544.0,16520.0,21287.037,14838.56
2021-02-24,154553,1,20990.0,25544.0,17492.0,21287.037,15754.5
2021-02-25,154553,1,18658.0,25544.0,15548.0,21287.037,15754.5
2021-02-26,154553,1,18658.0,25544.0,15548.0,21287.037,15754.5
2021-02-27,154553,1,18658.0,25544.0,15548.0,21287.037,15754.5
2021-03-02,154553,2,18796.0,25544.0,15663.5,21287.037,15754.5
2021-03-03,154553,2,18658.0,25544.0,15548.0,21287.037,15754.5
2021-03-08,154553,1,19823.0,25544.0,16519.0,21287.037,15754.5
2021-03-09,154553,1,18658.0,25544.0,15548.0,21287.037,15754.5
2021-03-11,154553,1,18658.0,25544.0,15548.0,21287.037,15754.5
2021-03-12,154553,2,19240.5,25544.0,16033.5,21287.037,15754.5
2021-03-15,154553,3,18658.0,25544.0,15548.0,21287.037,15754.5
2021-03-16,154553,2,19240.5,25544.0,16033.5,21287.037,15754.5
2021-03-17,154553,2,19240.5,25544.0,16033.5,21287.037,15754.5
2021-03-20,154553,3,19823.0,25544.0,16519.0,21287.037,15754.5
2021-03-22,154553,4,19823.0,25544.0,16519.0,21287.037,15754.5
2021-03-23,154553,1,18658.0,25544.0,15548.0,21287.037,15754.5
2021-03-26,154553,2,19824.0,25544.0,16520.0,21287.037,15754.5
2021-03-27,154553,1,18658.0,25544.0,15548.0,21287.037,15754.5
2021-03-30,154553,6,18658.0,25544.0,15548.0,21287.037,15754.5
2021-04-14,154553,1,19823.0,23322.0,16519.0,19435.1852,15754.5
2021-04-15,154553,1,18658.0,23322.0,15548.0,19435.1852,15754.5
2021-04-16,154553,1,20990.0,23322.0,17492.0,19435.1852,15754.5
2021-04-20,154553,3,19823.0,23322.0,16519.0,19435.1852,15754.5
2021-04-21,154553,1,19990.0,23322.0,16658.0,19435.1852,15754.5
2021-04-22,154553,1,19823.0,23322.0,16519.0,19435.1852,15754.5
2021-04-23,154553,1,20990.0,23322.0,17492.0,19435.1852,15754.5
2021-04-27,154553,1,19823.0,23322.0,16519.0,19435.1852,15754.5
2021-04-28,154553,2,20406.5,23322.0,17005.5,19435.1852,15754.5
2021-04-29,154553,1,19823.0,23322.0,16519.0,19435.1852,15754.5
2021-05-07,154553,1,19823.0,24433.0,16519.0,20361.1111,15754.5
2021-05-10,154553,1,19823.0,24433.0,16519.0,20361.1111,15754.5
2021-05-18,154553,1,20767.0,24433.0,17306.0,20361.1111,15754.5
2021-05-20,154553,1,20767.0,23322.0,17306.0,19435.1852,15754.5
2021-05-21,154553,1,20767.0,23322.0,17306.0,19435.1852,15754.5
2021-05-22,154553,1,20990.0,23322.0,17492.0,19435.1852,15754.5
2021-05-25,154553,2,18074.5,23322.0,15062.0,19435.1852,15754.5
2021-05-26,154553,2,20324.0,23322.0,16936.5,19435.1852,15754.5
2021-05-27,154553,1,18658.0,23322.0,15548.0,19435.1852,15754.5
2021-05-28,154553,1,17491.0,23322.0,14576.0,19435.1852,15754.5
2021-05-31,154553,2,18658.0,23322.0,15548.0,19435.1852,15754.5
2021-06-02,154553,2,18658.0,23322.0,15548.0,19435.1852,15754.5
2021-06-03,154553,2,19824.0,23322.0,16520.0,19435.1852,15754.5
2021-06-04,154553,4,18658.0,23322.0,15548.0,19435.1852,15754.5
2021-06-07,154553,3,18658.0,23322.0,15548.0,19435.1852,15754.5
2021-06-08,154553,5,18658.0,23322.0,15548.0,19435.1852,15754.5
2021-06-09,154553,3,18658.0,23322.0,15548.0,19435.1852,15754.5
2021-06-10,154553,1,18658.0,23322.0,15548.0,19435.1852,14838.56
2021-06-15,154553,1,19823.0,23322.0,16519.0,19435.1852,15754.5001
2021-06-18,154553,1,19823.0,23322.0,16519.0,19435.1852,15754.5
2021-06-19,154553,1,16792.0,23322.0,13993.0,19435.1852,15754.5
2021-06-22,154553,2,19824.0,23322.0,16520.0,19435.1852,15754.5
2021-06-23,154553,1,18658.0,23322.0,15548.0,19435.1852,15754.5
2021-06-28,154553,1,18658.0,23322.0,15548.0,19435.1852,15754.5
2021-06-29,154553,10,18658.0,23322.0,15548.0,19435.1852,15754.5
2021-06-30,154553,1,18658.0,23322.0,15548.0,19435.1852,15754.5
2021-07-01,154553,5,18658.0,23322.0,15548.0,19435.1852,15754.5
2021-07-02,154553,2,18658.0,23322.0,15548.0,19435.1852,15754.5
2021-07-05,154553,4,18658.0,23322.0,15548.0,19435.1852,15754.5
2021-07-06,154553,9,18658.0,23322.0,15548.0,19435.1852,15754.5
2021-07-07,154553,1,18658.0,23322.0,15548.0,19435.1852,15754.5
2021-07-08,154553,1,18658.0,23322.0,15548.0,19435.1852,15754.5
2021-07-09,154553,4,19824.0,23322.0,16520.0,19435.1852,15754.5
2021-07-13,154553,2,19823.0,23322.0,16519.0,19435.1852,15754.5
2021-07-17,154553,3,18658.0,23322.0,15548.0,19435.1852,15754.5
2021-07-19,154553,2,18658.0,23322.0,15548.0,19435.1852,15754.5
2021-07-20,154553,2,18658.0,23322.0,15548.0,19435.1852,15754.5
2021-07-22,154553,3,19823.0,23322.0,16519.0,19435.1852,15754.5
2021-07-23,154553,4,18658.0,23322.0,15548.0,19435.1852,15754.5
2021-07-26,154553,3,18658.0,23322.0,15548.0,19435.1852,15754.5
2021-07-27,154553,3,18658.0,23322.0,15548.0,19435.1852,15754.5
2021-07-28,154553,5,18658.0,23322.0,15548.0,19435.1852,15754.5
2021-07-29,154553,1,18658.0,23322.0,15548.0,19435.1852,15754.5
2021-07-30,154553,5,18658.0,23322.0,15548.0,19435.1852,15754.5
2021-07-31,154553,2,18658.0,23322.0,15548.0,19435.1852,15754.5
2021-08-02,154553,2,17725.0,23322.0,14770.5,19435.1852,15754.5
2021-08-03,154553,7,18658.0,23322.0,15548.0,19435.1852,15754.5
2021-08-04,154553,2,19240.5,23322.0,16033.5,19435.1852,15754.50005
2021-08-06,154553,1,18658.0,23322.0,15548.0,19435.1852,15754.5
2021-08-09,154553,3,18658.0,23322.0,15548.0,19435.1852,15754.5
2021-08-10,154553,4,18658.0,23322.0,15548.0,19435.1852,15754.5
2021-08-11,154553,2,19240.5,23322.0,16033.5,19435.1852,15754.5
2021-08-12,154553,2,19824.0,23322.0,16520.0,19435.1852,15754.5
2021-08-13,154553,1,18658.0,23322.0,15548.0,19435.1852,15754.5
2021-08-16,154553,2,18658.0,23322.0,15548.0,19435.1852,15754.5
2021-08-17,154553,4,18658.0,23322.0,15548.0,19435.1852,15754.5
2021-08-18,154553,2,18658.0,23322.0,15548.0,19435.1852,15754.5
2021-08-20,154553,1,18658.0,23322.0,15548.0,19435.1852,15754.5
2021-08-23,154553,2,19240.5,23322.0,16033.5,19435.1852,15754.5
2021-08-24,154553,2,19240.5,23322.0,16033.5,19435.1852,15754.5
2021-08-25,154553,3,19823.0,23322.0,16519.0,19435.1852,15754.5
2021-08-27,154553,3,18658.0,23322.0,15548.0,19435.1852,15754.5
2021-08-30,154553,1,19823.0,23322.0,16519.0,19435.1852,15754.5
2021-09-01,154553,1,18658.0,24433.0,15548.0,20361.1111,15754.5
2021-09-02,154553,1,18658.0,24433.0,15548.0,20361.1111,15754.5
2021-09-03,154553,1,18658.0,24433.0,15548.0,20361.1111,15754.5
2021-09-09,154553,3,18658.0,24433.0,15548.0,20361.1111,15754.5
2021-09-10,154553,1,18658.0,24433.0,15548.0,20361.1111,15754.5001
2021-09-13,154553,1,19823.0,24433.0,16519.0,20361.1111,15754.5
2021-09-16,154553,1,21990.0,24433.0,18325.0,20361.1111,14838.56
2021-10-27,154553,1,21145.0,25211.0,17621.0,21009.2593,15754.5001
2021-11-01,154553,1,21325.0,26656.0,17771.0,22212.963,15754.5001
2021-11-02,154553,1,21325.0,26656.0,17771.0,22212.963,15754.5
2021-11-03,154553,1,21325.0,26656.0,17771.0,22212.963,14838.56
2021-11-09,154553,3,21325.0,26656.0,17771.0,22212.963,16532.5
2021-11-10,154553,1,21325.0,26656.0,17771.0,22212.963,16532.5
2021-11-15,154553,1,21325.0,26656.0,17771.0,22212.963,16532.5
2021-11-17,154553,1,21325.0,26656.0,17771.0,22212.963,16532.5
2021-11-19,154553,1,22656.0,26656.0,18880.0,22212.963,16532.5
2021-12-21,154553,1,19991.0,27767.0,16659.0,23138.8889,16532.5
