sales_data.csv
sale_date,product_id,quantity,sales_price_tax,regular_price_tax,sales_price,regular_price,purchase_price
2021-01-04,154557,2,28184.0,32211.0,23486.5,26842.5926,21519.52
2021-01-06,154557,4,27378.0,32211.0,22815.0,26842.5926,21519.52
2021-01-08,154557,2,28184.0,32211.0,23486.5,26842.5926,21519.52
2021-01-11,154557,3,27378.0,32211.0,22815.0,26842.5926,21519.52
2021-01-12,154557,2,27378.0,32211.0,22815.0,26842.5926,21519.52
2021-01-14,154557,2,27378.0,32211.0,22815.0,26842.5926,21519.52
2021-01-15,154557,1,27378.0,32211.0,22815.0,26842.5926,21519.52
2021-01-16,154557,1,24157.0,32211.0,20131.0,26842.5926,21519.52
2021-01-19,154557,1,27378.0,32211.0,22815.0,26842.5926,21519.52
2021-01-20,154557,1,27378.0,32211.0,22815.0,26842.5926,21519.52
2021-01-21,154557,2,28184.0,32211.0,23486.5,26842.5926,21519.52
2021-01-22,154557,1,28990.0,32211.0,24158.0,26842.5926,21519.52
2021-01-25,154557,2,26575.0,32211.0,22146.0,26842.5926,21519.52
2021-01-26,154557,1,27378.0,32211.0,22815.0,26842.5926,21519.52
2021-02-03,154557,1,24259.0,35544.0,20216.0,29620.3704,21519.52
2021-02-08,154557,4,24259.0,35544.0,20216.0,29620.3704,21519.52
2021-02-09,154557,5,24259.0,35544.0,20216.0,29620.3704,21519.52
2021-02-10,154557,2,27124.5,35544.0,22604.0,29620.3704,21519.52
2021-02-12,154557,3,28323.0,35544.0,23602.0,29620.3704,21519.52
2021-02-13,154557,1,24157.0,35544.0,20131.0,29620.3704,21519.52
2021-02-18,154557,1,28323.0,35544.0,23602.0,29620.3704,21519.52
2021-02-23,154557,1,29990.0,35544.0,24992.0,29620.3704,21519.52
2021-02-24,154557,1,26658.0,35544.0,22215.0,29620.3704,21519.52
2021-02-26,154557,1,26658.0,35544.0,22215.0,29620.3704,21519.52
2021-03-02,154557,1,26658.0,35544.0,22215.0,29620.3704,21519.52
2021-03-04,154557,1,26658.0,35544.0,22215.0,29620.3704,22509.6
2021-03-09,154557,2,28324.0,35544.0,23603.5,29620.3704,22509.6
2021-03-10,154557,2,27490.5,35544.0,22908.5,29620.3704,22509.6
2021-03-15,154557,4,26658.0,35544.0,22215.0,29620.3704,22509.6
2021-03-17,154557,1,26658.0,35544.0,22215.0,29620.3704,22509.6
2021-03-18,154557,1,28323.0,35544.0,23602.0,29620.3704,22509.6
2021-03-20,154557,2,28323.0,35544.0,23602.0,29620.3704,22509.6
2021-03-22,154557,1,26658.0,35544.0,22215.0,29620.3704,22509.6
2021-03-24,154557,2,28324.0,35544.0,23603.5,29620.3704,22509.6
2021-03-26,154557,1,29990.0,35544.0,24992.0,29620.3704,22509.6
2021-03-29,154557,3,26658.0,35544.0,22215.0,29620.3704,22509.6
2021-03-30,154557,1,26658.0,35544.0,22215.0,29620.3704,22509.6
2021-04-01,154557,1,26658.0,33322.0,22215.0,27768.5185,22509.6
2021-04-02,154557,2,26658.0,33322.0,22215.0,27768.5185,22509.6
2021-04-05,154557,1,26658.0,33322.0,22215.0,27768.5185,22509.6
2021-04-06,154557,2,26658.0,33322.0,22215.0,27768.5185,22509.6
2021-04-20,154557,2,29156.5,33322.0,24297.0,27768.5185,22509.6
2021-04-23,154557,2,28323.0,33322.0,23602.0,27768.5185,22509.6
2021-04-26,154557,2,28323.0,33322.0,23602.0,27768.5185,22509.6
2021-05-11,154557,1,29990.0,34433.0,24992.0,28694.4444,22509.6
2021-05-19,154557,1,29267.0,34433.0,24389.0,28694.4444,22509.6
2021-05-21,154557,1,29267.0,33322.0,24389.0,27768.5185,22509.6
2021-05-25,154557,1,26658.0,33322.0,22215.0,27768.5185,22509.6
2021-05-27,154557,1,26658.0,33322.0,22215.0,27768.5185,22509.6
2021-05-28,154557,1,26658.0,33322.0,22215.0,27768.5185,22509.6
2021-05-31,154557,3,24991.0,33322.0,20826.0,27768.5185,22509.6
2021-06-03,154557,2,26658.0,33322.0,22215.0,27768.5185,22509.6
2021-06-08,154557,2,26658.0,33322.0,22215.0,27768.5185,22509.6
2021-06-10,154557,1,26658.0,33322.0,22215.0,27768.5185,22509.6
2021-06-11,154557,1,26658.0,33322.0,22215.0,27768.5185,22509.6
2021-06-17,154557,1,29990.0,33322.0,24992.0,27768.5185,22509.6
2021-06-22,154557,2,26658.0,33322.0,22215.0,27768.5185,22509.6
2021-06-25,154557,1,23992.0,33322.0,19993.0,27768.5185,22509.6
2021-06-28,154557,1,26658.0,33322.0,22215.0,27768.5185,22509.6
2021-06-29,154557,4,26658.0,33322.0,22215.0,27768.5185,22509.6
2021-06-30,154557,1,26658.0,33322.0,22215.0,27768.5185,22509.6
2021-07-01,154557,1,29990.0,33322.0,24992.0,27768.5185,22509.6
2021-07-02,154557,6,26658.0,33322.0,22215.0,27768.5185,22509.6
2021-07-05,154557,3,26658.0,33322.0,22215.0,27768.5185,22509.6
2021-07-06,154557,3,26658.0,33322.0,22215.0,27768.5185,22509.6
2021-07-07,154557,1,26658.0,33322.0,22215.0,27768.5185,22509.6
2021-07-12,154557,3,26658.0,33322.0,22215.0,27768.5185,22509.6
2021-07-15,154557,2,26658.0,33322.0,22215.0,27768.5185,22509.6
2021-07-17,154557,6,26658.0,33322.0,22215.0,27768.5185,22509.6
2021-07-19,154557,3,26658.0,33322.0,22215.0,27768.5185,22509.6
2021-07-20,154557,1,26658.0,33322.0,22215.0,27768.5185,22509.6
2021-07-21,154557,1,28323.0,33322.0,23602.0,27768.5185,22509.6
2021-07-22,154557,2,28323.0,33322.0,23602.0,27768.5185,22509.6
2021-07-23,154557,4,26658.0,33322.0,22215.0,27768.5185,22509.6
2021-07-27,154557,1,26658.0,33322.0,22215.0,27768.5185,22509.6
2021-07-28,154557,1,26658.0,33322.0,22215.0,27768.5185,22509.6
2021-07-29,154557,1,26658.0,33322.0,22215.0,27768.5185,22509.6
2021-07-30,154557,1,26658.0,33322.0,22215.0,27768.5185,22509.6
2021-08-02,154557,2,26658.0,33322.0,22215.0,27768.5185,22509.6
2021-08-03,154557,1,26658.0,33322.0,22215.0,27768.5185,22509.6
2021-08-04,154557,2,28323.0,33322.0,23602.0,27768.5185,22509.6
2021-08-09,154557,1,26658.0,33322.0,22215.0,27768.5185,22509.6
2021-08-10,154557,2,26658.0,33322.0,22215.0,27768.5185,22509.6
2021-08-11,154557,2,26658.0,33322.0,22215.0,27768.5185,22374.0
2021-08-12,154557,1,26658.0,33322.0,22215.0,27768.5185,22509.6
2021-08-16,154557,5,26658.0,33322.0,22215.0,27768.5185,22238.4
2021-08-17,154557,1,26658.0,33322.0,22215.0,27768.5185,22509.6
2021-08-18,154557,2,26658.0,33322.0,22215.0,27768.5185,22509.6
2021-08-19,154557,6,26658.0,33322.0,22215.0,27768.5185,22509.6
2021-08-20,154557,3,28323.0,33322.0,23602.0,27768.5185,22509.6
2021-08-23,154557,1,28323.0,33322.0,23602.0,27768.5185,22509.6
2021-08-24,154557,1,26658.0,33322.0,22215.0,27768.5185,22509.6
2021-08-26,154557,2,27490.5,33322.0,22908.5,27768.5185,22509.6
2021-08-27,154557,2,28324.0,33322.0,23603.5,27768.5185,22509.6
2021-08-28,154557,1,26658.0,33322.0,22215.0,27768.5185,22509.6
2021-08-30,154557,3,26658.0,33322.0,22215.0,27768.5185,22509.6
2021-09-01,154557,2,26658.0,33322.0,22215.0,27768.5185,22510.0
2021-09-02,154557,1,26658.0,33322.0,22215.0,27768.5185,22510.0
2021-09-03,154557,1,26658.0,33322.0,22215.0,27768.5185,22510.0
2021-09-06,154557,3,26658.0,33322.0,22215.0,27768.5185,22510.0
2021-09-07,154557,5,26658.0,33322.0,22215.0,27768.5185,22509.6
2021-09-08,154557,3,26658.0,33322.0,22215.0,27768.5185,22509.6
2021-09-09,154557,4,26658.0,33322.0,22215.0,27768.5185,22509.6
2021-09-10,154557,1,26658.0,33322.0,22215.0,27768.5185,22509.6
2021-09-13,154557,1,26658.0,33322.0,22215.0,27768.5185,22509.6
2021-09-14,154557,1,26658.0,33322.0,22215.0,27768.5185,22509.6
2021-09-15,154557,1,26658.0,33322.0,22215.0,27768.5185,22509.6
2021-09-16,154557,2,26658.0,33322.0,22215.0,27768.5185,22509.6
2021-09-17,154557,1,29990.0,33322.0,24992.0,27768.5185,22509.6
2021-09-20,154557,3,26658.0,33322.0,22215.0,27768.5185,22509.6
2021-09-21,154557,4,26658.0,33322.0,22215.0,27768.5185,22509.6
2021-09-22,154557,1,26658.0,33322.0,22215.0,27768.5185,22509.6
2021-09-23,154557,5,26658.0,33322.0,22215.0,27768.5185,22509.6
2021-09-24,154557,3,26658.0,33322.0,22215.0,27768.5185,22509.6
2021-09-27,154557,2,26658.0,33322.0,22215.0,27768.5185,22509.6
2021-09-30,154557,4,27490.5,33322.0,22908.5,27768.5185,22509.6
2021-10-06,154557,1,26658.0,35544.0,22215.0,29620.3704,22509.6
2021-10-08,154557,3,28323.0,35544.0,23602.0,29620.3704,22509.6
2021-10-12,154557,1,29990.0,35544.0,24992.0,29620.3704,22509.6
2021-10-14,154557,1,31990.0,35544.0,26658.0,29620.3704,22509.6
2021-10-15,154557,1,29990.0,35544.0,24992.0,29620.3704,22509.6
2021-10-18,154557,1,31990.0,35544.0,26658.0,29620.3704,22509.6
2021-10-19,154557,1,29990.0,35544.0,24992.0,29620.3704,22509.6
2021-10-20,154557,2,29990.0,35544.0,24992.0,29620.3704,22509.6
2021-10-22,154557,2,28324.0,35544.0,23603.5,29620.3704,22509.6
2021-10-25,154557,2,29990.0,35544.0,24992.0,29620.3704,22509.6
2021-10-29,154557,3,29990.0,35544.0,24992.0,29620.3704,22509.6
2021-11-03,154557,1,29990.0,37767.0,24992.0,31472.2222,22509.6
2021-11-04,154557,1,29990.0,37767.0,24992.0,31472.2222,22509.6
2021-11-08,154557,1,29990.0,37767.0,24992.0,31472.2222,22509.6
2021-11-13,154557,1,31990.0,37767.0,26658.0,31472.2222,22509.6
2021-11-16,154557,1,31990.0,37767.0,26658.0,31472.2222,22509.6
2021-11-18,154557,1,31990.0,37767.0,26658.0,31472.2222,22509.6
2021-11-22,154557,1,31990.0,37767.0,26658.0,31472.2222,22509.6
2021-11-27,154557,2,29324.0,37767.0,24436.5,31472.2222,22509.6
2021-11-29,154557,1,26658.0,37767.0,22215.0,31472.2222,22509.6
2021-11-30,154557,1,26658.0,37767.0,22215.0,31472.2222,22509.6
2021-12-15,154557,1,26658.0,38878.0,22215.0,32398.1481,22509.6
2021-12-16,154557,3,26658.0,38878.0,22215.0,32398.1481,22509.6
2021-12-17,154557,2,26658.0,38878.0,22215.0,32398.1481,22509.6
2021-12-21,154557,2,26658.0,38878.0,22215.0,32398.1481,22509.6
2021-12-22,154557,2,26658.0,38878.0,22215.0,32398.1481,22509.6
2021-12-23,154557,3,26658.0,38878.0,22215.0,32398.1481,22509.6
2021-12-28,154557,2,26658.0,38878.0,22215.0,32398.1481,22509.6
2021-12-29,154557,1,31990.0,38878.0,26658.0,32398.1481,24084.48
2021-01-04,156474,1,26990.0,34989.0,22492.0,29157.4074,20100.0
2021-01-20,156474,1,27991.0,34989.0,23326.0,29157.4074,20100.0
2021-02-10,156474,1,26990.0,34989.0,22492.0,29157.4074,20100.0
2021-02-13,156474,1,26990.0,34989.0,22492.0,29157.4074,20100.0
2021-02-17,156474,3,24990.0,34989.0,20825.0,29157.4074,20100.0
2021-02-18,156474,1,24990.0,34989.0,20825.0,29157.4074,20100.0
2021-02-19,156474,7,24990.0,34989.0,20825.0,29157.4074,20100.0
2021-02-22,156474,1,24990.0,34989.0,20825.0,29157.4074,22305.7
2021-02-23,156474,1,24990.0,34989.0,20825.0,29157.4074,22305.7
2021-02-24,156474,1,26990.0,34989.0,22492.0,29157.4074,22305.7
2021-02-27,156474,1,24990.0,34989.0,20825.0,29157.4074,22305.7
2021-03-01,156474,1,26990.0,34989.0,22492.0,29157.4074,22305.7
2021-03-03,156474,1,26990.0,34989.0,22492.0,29157.4074,22305.7
2021-03-09,156474,2,26990.0,34989.0,22492.0,29157.4074,21955.35
2021-03-12,156474,1,26990.0,34989.0,22492.0,29157.4074,21605.0
2021-03-13,156474,1,29739.0,34989.0,24782.0,29157.4074,21605.0
2021-03-15,156474,3,24990.0,34989.0,20825.0,29157.4074,21605.0
2021-03-16,156474,2,27364.5,34989.0,22803.5,29157.4074,20802.5
2021-03-17,156474,2,24990.0,34989.0,20825.0,29157.4074,20000.0
2021-03-18,156474,10,24990.0,34989.0,20825.0,29157.4074,20000.0
2021-03-19,156474,1,24990.0,34989.0,20825.0,29157.4074,20000.0
2021-03-22,156474,2,29740.5,34989.0,24784.0,29157.4074,20000.0
2021-03-24,156474,1,24990.0,34989.0,20825.0,29157.4074,20000.0
2021-03-25,156474,2,26490.5,34989.0,22075.5,29157.4074,20000.0
2021-03-29,156474,3,24990.0,34989.0,20825.0,29157.4074,20000.0
2021-03-30,156474,3,24990.0,34989.0,20825.0,29157.4074,20000.0
2021-03-31,156474,7,24990.0,34989.0,20825.0,29157.4074,20000.0
2021-04-01,156474,4,24990.0,34989.0,20825.0,29157.4074,20000.0
2021-04-02,156474,9,24990.0,34989.0,20825.0,29157.4074,20000.0
2021-04-05,156474,7,24990.0,34989.0,20825.0,29157.4074,20000.0
2021-04-06,156474,6,24990.0,34989.0,20825.0,29157.4074,20000.0
2021-04-07,156474,5,24990.0,34989.0,20825.0,29157.4074,20000.0
2021-04-08,156474,3,24990.0,34989.0,20825.0,29157.4074,20000.0
2021-04-09,156474,1,27991.0,34989.0,23326.0,29157.4074,20000.0
2021-04-10,156474,1,27991.0,34989.0,23326.0,29157.4074,20000.0
2021-04-15,156474,1,29739.0,34989.0,24782.0,29157.4074,20000.0
2021-04-16,156474,1,24990.0,34989.0,20825.0,29157.4074,20000.0
2021-04-20,156474,1,24990.0,34989.0,20825.0,29157.4074,20000.0
2021-04-21,156474,1,24990.0,34989.0,20825.0,29157.4074,20000.0
2021-04-22,156474,1,24990.0,34989.0,20825.0,29157.4074,20000.0
2021-04-23,156474,4,24990.0,34989.0,20825.0,29157.4074,20000.0
2021-04-24,156474,6,24990.0,34989.0,20825.0,29157.4074,20000.0
2021-04-26,156474,5,24990.0,34989.0,20825.0,29157.4074,20000.0
2021-04-27,156474,2,24990.0,34989.0,20825.0,29157.4074,22305.6999
2021-04-28,156474,5,24990.0,34989.0,20825.0,29157.4074,22305.6999
2021-05-04,156474,5,24990.0,36656.0,20825.0,30546.2963,22305.6999
2021-05-05,156474,9,24990.0,36656.0,20825.0,30546.2963,20100.0
2021-05-06,156474,4,24990.0,36656.0,20825.0,30546.2963,20100.0
2021-05-07,156474,2,24740.0,36656.0,20616.5,30546.2963,20100.0
2021-05-10,156474,3,24990.0,36656.0,20825.0,30546.2963,20100.0
2021-05-11,156474,5,24990.0,36656.0,20825.0,30546.2963,20100.0
2021-05-13,156474,4,24990.0,36656.0,20825.0,30546.2963,20100.0
2021-05-19,156474,2,24990.0,36656.0,20825.0,30546.2963,20100.0
2021-05-25,156474,1,31156.0,36656.0,25963.0,30546.2963,20100.0
2021-05-31,156474,1,26990.0,36656.0,22492.0,30546.2963,20100.0
2021-06-01,156474,5,26990.0,36656.0,22492.0,30546.2963,20100.0
2021-06-02,156474,3,26990.0,36656.0,22492.0,30546.2963,20100.0
2021-06-03,156474,3,26990.0,36656.0,22492.0,30546.2963,20100.0
2021-06-04,156474,1,26990.0,36656.0,22492.0,30546.2963,20100.0
2021-06-05,156474,2,27740.0,36656.0,23117.0,30546.2963,20100.0
2021-06-07,156474,2,29073.0,36656.0,24227.5,30546.2963,20100.0
2021-06-08,156474,1,28490.0,36656.0,23742.0,30546.2963,20100.0
2021-06-10,156474,1,26990.0,36656.0,22492.0,30546.2963,20100.0
2021-06-12,156474,1,28490.0,36656.0,23742.0,30546.2963,20100.0
2021-06-17,156474,3,24990.0,36656.0,20825.0,30546.2963,20100.0
2021-06-18,156474,2,24990.0,36656.0,20825.0,30546.2963,20100.0
2021-06-19,156474,7,24990.0,36656.0,20825.0,30546.2963,20100.0
2021-06-21,156474,5,24990.0,36656.0,20825.0,30546.2963,20100.0
2021-06-22,156474,10,24990.0,36656.0,20825.0,30546.2963,20100.0
2021-06-23,156474,6,24990.0,36656.0,20825.0,30546.2963,20100.0
2021-06-24,156474,1,22491.0,36656.0,18742.0,30546.2963,20100.0
2021-06-29,156474,5,24990.0,36656.0,20825.0,30546.2963,20100.0
2021-07-01,156474,4,24990.0,36656.0,20825.0,30546.2963,20100.0
2021-07-05,156474,1,22491.0,36656.0,18742.0,30546.2963,20100.0
2021-07-10,156474,1,28490.0,36656.0,23742.0,30546.2963,20100.0
2021-07-12,156474,1,29325.0,36656.0,24438.0,30546.2963,20100.0
2021-07-13,156474,1,24990.0,36656.0,20825.0,30546.2963,20100.0
2021-07-14,156474,1,29325.0,36656.0,24438.0,30546.2963,20100.0
2021-07-19,156474,1,24990.0,36656.0,20825.0,30546.2963,20100.0
2021-07-20,156474,2,30740.0,36656.0,25617.0,30546.2963,20100.0
2021-07-23,156474,1,29325.0,36656.0,24438.0,30546.2963,20100.0
2021-07-29,156474,1,31156.0,36656.0,25963.0,30546.2963,20100.0
2021-08-12,156474,2,28990.0,36656.0,24158.5,30546.2963,20100.0
2021-08-13,156474,1,24990.0,36656.0,20825.0,30546.2963,20100.0
2021-08-16,156474,3,24990.0,36656.0,20825.0,30546.2963,20100.0
2021-08-17,156474,1,22491.0,36656.0,18742.0,30546.2963,22305.6999
2021-08-18,156474,4,24990.0,36656.0,20825.0,30546.2963,22305.7
2021-08-20,156474,3,24990.0,36656.0,20825.0,30546.2963,22305.7
2021-08-21,156474,1,24990.0,36656.0,20825.0,30546.2963,22305.7
2021-08-23,156474,1,24990.0,36656.0,20825.0,30546.2963,22305.7
2021-08-24,156474,1,24990.0,36656.0,20825.0,30546.2963,22305.7
2021-08-25,156474,2,24365.5,36656.0,20304.5,30546.2963,22305.7
2021-08-27,156474,1,24990.0,36656.0,20825.0,30546.2963,22305.7
2021-08-28,156474,2,23740.5,36656.0,19783.5,30546.2963,22305.7
2021-08-31,156474,1,24990.0,36656.0,20825.0,30546.2963,22305.7
2021-09-02,156474,1,22491.0,36656.0,18742.0,30546.2963,22305.7
2021-09-07,156474,1,24990.0,36656.0,20825.0,30546.2963,22305.7
2021-09-13,156474,1,24990.0,36656.0,20825.0,30546.2963,22305.7
2021-09-16,156474,1,31156.0,36656.0,25963.0,30546.2963,22305.7
2021-09-17,156474,1,24990.0,36656.0,20825.0,30546.2963,22305.7
