sales_data.csv
sale_date,product_id,quantity,sales_price_tax,regular_price_tax,sales_price,regular_price,purchase_price
2021-01-04,157316,3,3990.0,7767.0,3325.0,6472.2222,2829.0
2021-01-08,157316,2,3990.0,7767.0,3325.0,6472.2222,2829.0
2021-01-11,157316,6,3990.0,7767.0,3325.0,6472.2222,2829.0
2021-01-12,157316,3,3990.0,7767.0,3325.0,6472.2222,2829.0
2021-01-13,157316,4,3990.0,7767.0,3325.0,6472.2222,2829.0
2021-01-14,157316,1,3990.0,7767.0,3325.0,6472.2222,2829.0
2021-01-18,157316,2,3990.0,7767.0,3325.0,6472.2222,2829.0
2021-01-20,157316,1,3990.0,7767.0,3325.0,6472.2222,2829.0
2021-01-22,157316,3,3990.0,7767.0,3325.0,6472.2222,2829.0
2021-01-25,157316,1,3990.0,7767.0,3325.0,6472.2222,2829.0
2021-01-26,157316,4,3990.0,7767.0,3325.0,6472.2222,2829.0
2021-01-27,157316,1,3990.0,7767.0,3325.0,6472.2222,2829.0
2021-01-28,157316,1,3990.0,7767.0,3325.0,6472.2222,2829.0
2021-02-02,157316,4,3990.0,7767.0,3325.0,6472.2222,2829.0
2021-02-03,157316,2,3990.0,7767.0,3325.0,6472.2222,2829.0
2021-02-04,157316,4,3990.0,7767.0,3325.0,6472.2222,2829.0
2021-02-05,157316,3,3990.0,7767.0,3325.0,6472.2222,2829.0
2021-02-06,157316,1,3990.0,7767.0,3325.0,6472.2222,2829.0
2021-02-07,157316,1,3990.0,7767.0,3325.0,6472.2222,2829.0
2021-02-10,157316,1,3768.0,7767.0,3140.0,6472.2222,2829.0
2021-02-22,157316,1,3990.0,7767.0,3325.0,6472.2222,2829.0
2021-03-02,157316,1,3768.0,7767.0,3140.0,6472.2222,2829.0
2021-03-03,157316,6,3768.0,7767.0,3140.0,6472.2222,2829.0
2021-03-04,157316,1,3326.0,7767.0,2772.0,6472.2222,2829.0
2021-03-05,157316,2,3990.0,7767.0,3325.0,6472.2222,2829.0
2021-03-08,157316,5,3325.0,7767.0,2771.0,6472.2222,2829.0
2021-03-09,157316,4,3325.0,7767.0,2771.0,6472.2222,2829.0
2021-03-10,157316,3,3325.0,7767.0,2771.0,6472.2222,2829.0
2021-03-11,157316,7,3325.0,7767.0,2771.0,6472.2222,2829.0
2021-03-12,157316,2,3325.0,7767.0,2771.0,6472.2222,2829.0
2021-03-13,157316,1,3768.0,7767.0,3140.0,6472.2222,2829.0
2021-03-15,157316,1,3768.0,7767.0,3140.0,6472.2222,2829.0
2021-03-19,157316,3,3990.0,7767.0,3325.0,6472.2222,2829.0
2021-03-20,157316,1,3990.0,7767.0,3325.0,6472.2222,2829.0
2021-03-23,157316,2,3990.0,7767.0,3325.0,6472.2222,2829.0
2021-03-24,157316,3,3990.0,7767.0,3325.0,6472.2222,2829.0
2021-03-26,157316,1,3990.0,7767.0,3325.0,6472.2222,2829.0
2021-03-27,157316,2,3990.0,7767.0,3325.0,6472.2222,2829.0
2021-03-29,157316,3,3547.0,7767.0,2956.0,6472.2222,2829.0
2021-03-30,157316,1,3547.0,7767.0,2956.0,6472.2222,2829.0
2021-03-31,157316,1,3547.0,7767.0,2956.0,6472.2222,2829.0
2021-04-01,157316,2,3990.0,7767.0,3325.0,6472.2222,2829.0
2021-04-07,157316,2,3990.0,7767.0,3325.0,6472.2222,2829.0
2021-04-08,157316,2,5490.0,7767.0,4575.0,6472.2222,2829.0
2021-04-12,157316,3,3990.0,7767.0,3325.0,6472.2222,2829.0
2021-04-14,157316,2,3990.0,7767.0,3325.0,6472.2222,2829.0
2021-04-16,157316,5,3990.0,7767.0,3325.0,6472.2222,2829.0
2021-04-17,157316,1,3990.0,7767.0,3325.0,6472.2222,2829.0
2021-04-19,157316,2,3990.0,7767.0,3325.0,6472.2222,2829.0
2021-04-20,157316,2,3990.0,7767.0,3325.0,6472.2222,2829.0
2021-04-21,157316,2,3990.0,7767.0,3325.0,6472.2222,2829.0
2021-04-22,157316,2,3790.5,7767.0,3158.5,6472.2222,2829.0
2021-04-23,157316,2,3990.0,7767.0,3325.0,6472.2222,2829.0
2021-04-26,157316,4,3990.0,7767.0,3325.0,6472.2222,2829.0
2021-04-27,157316,2,3990.0,7767.0,3325.0,6472.2222,2829.0
2021-04-28,157316,1,3990.0,7767.0,3325.0,6472.2222,2829.0
2021-04-29,157316,3,3990.0,7767.0,3325.0,6472.2222,2829.0
2021-05-04,157316,1,3990.0,7767.0,3325.0,6472.2222,2829.0
2021-05-05,157316,3,3990.0,7767.0,3325.0,6472.2222,2829.0
2021-05-06,157316,2,3990.0,7767.0,3325.0,6472.2222,2829.0
2021-05-17,157316,1,3990.0,7767.0,3325.0,6472.2222,2829.0
2021-05-18,157316,1,3990.0,7767.0,3325.0,6472.2222,2829.0
2021-05-21,157316,2,3990.0,7767.0,3325.0,6472.2222,2829.0
2021-05-22,157316,2,3990.0,7767.0,3325.0,6472.2222,2829.0
2021-05-24,157316,1,3990.0,7767.0,3325.0,6472.2222,2829.0
2021-05-25,157316,1,3990.0,7767.0,3325.0,6472.2222,2829.0
2021-05-26,157316,1,3990.0,7767.0,3325.0,6472.2222,2829.0
2021-05-27,157316,1,3990.0,7767.0,3325.0,6472.2222,2829.0
2021-06-03,157316,1,3408.0,7767.0,2840.0,6472.2222,2829.0
2021-06-09,157316,1,3990.0,7767.0,3325.0,6472.2222,2829.0
2021-06-10,157316,3,3408.0,7767.0,2840.0,6472.2222,2829.0
2021-06-11,157316,1,4090.0,7767.0,3408.0,6472.2222,2829.0
2021-06-14,157316,1,3408.0,7767.0,2840.0,6472.2222,2829.0
2021-06-18,157316,1,4090.0,7767.0,3408.0,6472.2222,2829.0
2021-07-27,157316,1,3990.0,7767.0,3325.0,6472.2222,2829.0
2021-07-28,157316,1,3990.0,7767.0,3325.0,6472.2222,2829.0
2021-07-29,157316,4,3990.0,7767.0,3325.0,6472.2222,2829.0
2021-08-02,157316,1,3990.0,7767.0,3325.0,6472.2222,2829.0
2021-08-04,157316,1,3990.0,7767.0,3325.0,6472.2222,2829.0
2021-08-06,157316,2,3990.0,7767.0,3325.0,6472.2222,2829.0
2021-08-09,157316,1,3990.0,7767.0,3325.0,6472.2222,2829.0
2021-08-10,157316,1,3990.0,7767.0,3325.0,6472.2222,2829.0
2021-08-11,157316,2,3790.5,7767.0,3158.5,6472.2222,2829.0
2021-08-12,157316,2,3990.0,7767.0,3325.0,6472.2222,2829.0
2021-08-13,157316,2,3990.0,7767.0,3325.0,6472.2222,2829.0
2021-08-14,157316,2,3990.0,7767.0,3325.0,6472.2222,2829.0
2021-08-16,157316,1,3990.0,7767.0,3325.0,6472.2222,2829.0
2021-08-20,157316,1,3990.0,7767.0,3325.0,6472.2222,2829.0
2021-08-21,157316,1,3990.0,7767.0,3325.0,6472.2222,2829.0
2021-08-23,157316,2,3990.0,7767.0,3325.0,6472.2222,2829.0
2021-08-24,157316,3,3990.0,7767.0,3325.0,6472.2222,2829.0
2021-08-26,157316,2,3990.0,7767.0,3325.0,6472.2222,2829.0
2021-08-30,157316,1,3990.0,7767.0,3325.0,6472.2222,2829.0
2021-09-01,157316,1,3990.0,7767.0,3325.0,6472.2222,2829.0
2021-09-02,157316,1,3990.0,7767.0,3325.0,6472.2222,2829.0
2021-09-03,157316,1,3990.0,7767.0,3325.0,6472.2222,2829.0
2021-09-05,157316,1,3990.0,7767.0,3325.0,6472.2222,2829.0
2021-09-06,157316,2,3990.0,7767.0,3325.0,6472.2222,2829.0
2021-09-07,157316,1,3990.0,7767.0,3325.0,6472.2222,2829.0
2021-09-13,157316,1,3990.0,7767.0,3325.0,6472.2222,2829.0
2021-09-14,157316,3,3990.0,7767.0,3325.0,6472.2222,2829.0
2021-09-15,157316,1,3990.0,7767.0,3325.0,6472.2222,2829.0
2021-09-20,157316,2,3990.0,7767.0,3325.0,6472.2222,2829.0
2021-09-21,157316,1,3990.0,7767.0,3325.0,6472.2222,2829.0
2021-09-22,157316,4,3990.0,7767.0,3325.0,6472.2222,2829.0
2021-09-24,157316,1,3990.0,7767.0,3325.0,6472.2222,2829.0
2021-09-28,157316,1,3990.0,7767.0,3325.0,6472.2222,2829.0
2021-09-29,157316,1,3990.0,7767.0,3325.0,6472.2222,2829.0
2021-09-30,157316,1,3990.0,7767.0,3325.0,6472.2222,2829.0
2021-10-01,157316,2,3990.0,7767.0,3325.0,6472.2222,2829.0
2021-10-04,157316,2,3990.0,7767.0,3325.0,6472.2222,2829.0
2021-10-07,157316,2,3990.0,7767.0,3325.0,6472.2222,2829.0
2021-10-10,157316,1,3990.0,7767.0,3325.0,6472.2222,2829.0
2021-10-14,157316,1,3990.0,7767.0,3325.0,6472.2222,2829.0
2021-10-21,157316,1,3990.0,7767.0,3325.0,6472.2222,2829.0
2021-10-28,157316,1,3990.0,7767.0,3325.0,6472.2222,2829.0
2021-10-29,157316,1,3990.0,7767.0,3325.0,6472.2222,2829.0
2021-11-03,157316,1,3990.0,7767.0,3325.0,6472.2222,2829.0
2021-11-06,157316,1,3990.0,7767.0,3325.0,6472.2222,2812.0
2021-11-08,157316,1,3990.0,7767.0,3325.0,6472.2222,2812.0
2021-11-09,157316,2,3990.0,7767.0,3325.0,6472.2222,2812.0
2021-11-10,157316,2,3990.0,7767.0,3325.0,6472.2222,2812.0
2021-11-12,157316,1,3990.0,7767.0,3325.0,6472.2222,2812.0
2021-11-13,157316,4,3990.0,7767.0,3325.0,6472.2222,2812.0
2021-11-15,157316,4,3990.0,7767.0,3325.0,6472.2222,2812.0
2021-11-16,157316,3,3990.0,7767.0,3325.0,6472.2222,2812.0
2021-11-17,157316,4,3990.0,7767.0,3325.0,6472.2222,2812.0
2021-11-18,157316,1,3768.0,7767.0,3140.0,6472.2222,2812.0
2021-11-19,157316,5,3990.0,7767.0,3325.0,6472.2222,2812.0
2021-11-22,157316,1,3990.0,7767.0,3325.0,6472.2222,2812.0
2021-11-23,157316,1,3990.0,7767.0,3325.0,6472.2222,2829.0
2021-11-25,157316,2,3990.0,7767.0,3325.0,6472.2222,2812.0
2021-11-26,157316,1,3990.0,7767.0,3325.0,6472.2222,2812.0
2021-11-27,157316,1,3990.0,7767.0,3325.0,6472.2222,2812.0
2021-11-28,157316,1,3990.0,7767.0,3325.0,6472.2222,2812.0
2021-11-29,157316,1,3990.0,7767.0,3325.0,6472.2222,2829.0
2021-11-30,157316,7,3990.0,7767.0,3325.0,6472.2222,2812.0
2021-12-01,157316,5,3990.0,7767.0,3325.0,6472.2222,2812.0
2021-12-02,157316,3,3990.0,7767.0,3325.0,6472.2222,2812.0
2021-12-03,157316,1,3990.0,7767.0,3325.0,6472.2222,2812.0
2021-12-04,157316,1,3990.0,7767.0,3325.0,6472.2222,2812.0
2021-12-06,157316,2,3990.0,7767.0,3325.0,6472.2222,2820.5
2021-12-07,157316,4,3990.0,7767.0,3325.0,6472.2222,2829.0
2021-12-08,157316,5,3990.0,7767.0,3325.0,6472.2222,2829.0
2021-12-09,157316,3,3990.0,7767.0,3325.0,6472.2222,2829.0
2021-12-10,157316,7,3990.0,7767.0,3325.0,6472.2222,2820.5
2021-12-11,157316,1,3990.0,7767.0,3325.0,6472.2222,2812.0
2021-12-13,157316,1,3990.0,7767.0,3325.0,6472.2222,2829.0
2021-12-15,157316,1,3990.0,7767.0,3325.0,6472.2222,2829.0
2021-12-16,157316,1,3990.0,7767.0,3325.0,6472.2222,2812.0
2021-12-17,157316,1,3990.0,7767.0,3325.0,6472.2222,2829.0
2021-12-20,157316,1,3990.0,7767.0,3325.0,6472.2222,2812.0
2021-12-21,157316,2,3990.0,7767.0,3325.0,6472.2222,2820.5
2021-12-22,157316,2,3990.0,7767.0,3325.0,6472.2222,2820.5
2021-12-23,157316,1,3990.0,7767.0,3325.0,6472.2222,2829.0
2021-12-24,157316,1,3990.0,7767.0,3325.0,6472.2222,2812.0
2021-12-25,157316,1,3990.0,7767.0,3325.0,6472.2222,2812.0
2021-12-27,157316,5,3990.0,7767.0,3325.0,6472.2222,2829.0
2021-12-28,157316,1,3990.0,7767.0,3325.0,6472.2222,2829.0
2021-12-29,157316,3,3990.0,7767.0,3325.0,6472.2222,2829.0
2021-12-30,157316,2,3990.0,7767.0,3325.0,6472.2222,2820.5
