sales_data.csv
sale_date,product_id,quantity,sales_price_tax,regular_price_tax,sales_price,regular_price,purchase_price
2021-01-04,157317,2,4599.0,11100.0,3832.0,9250.0,3516.0
2021-01-08,157317,1,4599.0,11100.0,3832.0,9250.0,3516.0
2021-01-09,157317,3,4990.0,11100.0,4158.0,9250.0,3516.0
2021-01-10,157317,1,4990.0,11100.0,4158.0,9250.0,3516.0
2021-01-12,157317,2,4990.0,11100.0,4158.0,9250.0,3516.0
2021-01-13,157317,1,4990.0,11100.0,4158.0,9250.0,3516.0
2021-01-14,157317,2,4990.0,11100.0,4158.0,9250.0,3516.0
2021-01-15,157317,1,4990.0,11100.0,4158.0,9250.0,3516.0
2021-01-16,157317,1,4990.0,11100.0,4158.0,9250.0,3516.0
2021-01-19,157317,3,4990.0,11100.0,4158.0,9250.0,3516.0
2021-01-20,157317,1,4990.0,11100.0,4158.0,9250.0,3516.0
2021-01-21,157317,2,4990.0,11100.0,4158.0,9250.0,3516.0
2021-01-27,157317,1,4990.0,11100.0,4158.0,9250.0,3516.0
2021-01-28,157317,1,4990.0,11100.0,4158.0,9250.0,3516.0
2021-02-02,157317,1,4990.0,11100.0,4158.0,9250.0,3516.0
2021-02-03,157317,1,4990.0,11100.0,4158.0,9250.0,3516.0
2021-02-04,157317,3,4990.0,11100.0,4158.0,9250.0,3516.0
2021-02-05,157317,1,4990.0,11100.0,4158.0,9250.0,3516.0
2021-02-08,157317,1,4990.0,11100.0,4158.0,9250.0,3516.0
2021-02-09,157317,3,4990.0,11100.0,4158.0,9250.0,3516.0
2021-02-11,157317,1,4713.0,11100.0,3928.0,9250.0,3516.0
2021-02-12,157317,1,4713.0,11100.0,3928.0,9250.0,3516.0
2021-02-18,157317,2,4851.5,11100.0,4043.0,9250.0,3516.0
2021-02-22,157317,3,4990.0,11100.0,4158.0,9250.0,3516.0
2021-02-23,157317,2,4990.0,11100.0,4158.0,9250.0,3516.0
2021-02-24,157317,1,4990.0,11100.0,4158.0,9250.0,3516.0
2021-02-25,157317,2,4713.0,11100.0,3928.0,9250.0,3516.0
2021-02-28,157317,1,4990.0,11100.0,4158.0,9250.0,3516.0
2021-03-02,157317,1,4713.0,11100.0,3928.0,9250.0,3516.0
2021-03-03,157317,3,4713.0,11100.0,3928.0,9250.0,3516.0
2021-03-08,157317,6,4158.0,11100.0,3465.0,9250.0,3516.0
2021-03-09,157317,5,4158.0,11100.0,3465.0,9250.0,3516.0
2021-03-10,157317,1,4158.0,11100.0,3465.0,9250.0,3516.0
2021-03-11,157317,2,4158.0,11100.0,3465.0,9250.0,3516.0
2021-03-12,157317,10,4158.0,11100.0,3465.0,9250.0,3516.0
2021-03-15,157317,2,4435.5,11100.0,3696.5,9250.0,3516.0
2021-03-17,157317,7,4713.0,11100.0,3928.0,9250.0,3516.0
2021-03-18,157317,2,4713.0,11100.0,3928.0,9250.0,3516.0
2021-03-19,157317,12,4990.0,11100.0,4158.0,9250.0,3516.0
2021-03-20,157317,2,4990.0,11100.0,4158.0,9250.0,3516.0
2021-03-22,157317,2,4990.0,11100.0,4158.0,9250.0,3516.0
2021-03-23,157317,3,4990.0,11100.0,4158.0,9250.0,3516.0
2021-03-24,157317,3,4990.0,11100.0,4158.0,9250.0,3516.0
2021-03-26,157317,3,4990.0,11100.0,4158.0,9250.0,3516.0
2021-03-27,157317,4,4990.0,11100.0,4158.0,9250.0,3516.0
2021-03-29,157317,2,4990.0,11100.0,4158.0,9250.0,3516.0
2021-03-31,157317,2,4990.0,11100.0,4158.0,9250.0,3516.0
2021-04-01,157317,2,4990.0,11100.0,4158.0,9250.0,3516.0
2021-04-06,157317,1,4990.0,11100.0,4158.0,9250.0,3516.0
2021-04-07,157317,1,4990.0,11100.0,4158.0,9250.0,3516.0
2021-04-08,157317,1,4990.0,11100.0,4158.0,9250.0,3516.0
2021-04-09,157317,1,4990.0,11100.0,4158.0,9250.0,3516.0
2021-04-10,157317,1,4990.0,11100.0,4158.0,9250.0,3516.0
2021-04-13,157317,2,4740.5,11100.0,3950.0,9250.0,3516.0
2021-04-14,157317,2,4990.0,11100.0,4158.0,9250.0,3516.0
2021-04-15,157317,1,4990.0,11100.0,4158.0,9250.0,3516.0
2021-04-16,157317,5,4990.0,11100.0,4158.0,9250.0,3516.0
2021-04-19,157317,1,4990.0,11100.0,4158.0,9250.0,3516.0
2021-04-20,157317,5,4990.0,11100.0,4158.0,9250.0,3516.0
2021-04-22,157317,1,4990.0,11100.0,4158.0,9250.0,3516.0
2021-04-23,157317,3,4990.0,11100.0,4158.0,9250.0,3516.0
2021-04-26,157317,4,4990.0,11100.0,4158.0,9250.0,3516.0
2021-04-27,157317,1,4990.0,11100.0,4158.0,9250.0,3516.0
2021-04-28,157317,1,4990.0,11100.0,4158.0,9250.0,3516.0
2021-04-29,157317,4,4990.0,11100.0,4158.0,9250.0,3516.0
2021-04-30,157317,1,4990.0,11100.0,4158.0,9250.0,3516.0
2021-05-04,157317,5,4990.0,11100.0,4158.0,9250.0,3516.0
2021-05-05,157317,2,4990.0,11100.0,4158.0,9250.0,3516.0
2021-05-06,157317,2,4990.0,11100.0,4158.0,9250.0,3516.0
2021-05-07,157317,1,4990.0,11100.0,4158.0,9250.0,3516.0
2021-05-10,157317,2,4990.0,11100.0,4158.0,9250.0,3516.0
2021-05-11,157317,2,4990.0,11100.0,4158.0,9250.0,3516.0
2021-05-13,157317,3,4990.0,11100.0,4158.0,9250.0,3516.0
2021-05-14,157317,2,4990.0,11100.0,4158.0,9250.0,3516.0
2021-05-16,157317,2,4990.0,11100.0,4158.0,9250.0,3516.0
2021-05-17,157317,2,4990.0,11100.0,4158.0,9250.0,3516.0
2021-05-19,157317,4,4990.0,11100.0,4158.0,9250.0,3516.0
2021-05-20,157317,3,4990.0,11100.0,4158.0,9250.0,3516.0
2021-05-21,157317,1,4990.0,11100.0,4158.0,9250.0,3516.0
2021-05-24,157317,3,4990.0,11100.0,4158.0,9250.0,3516.0
2021-05-25,157317,2,4990.0,11100.0,4158.0,9250.0,3516.0
2021-05-28,157317,1,4990.0,11100.0,4158.0,9250.0,3516.0
2021-05-31,157317,1,4990.0,11100.0,4158.0,9250.0,3516.0
2021-06-01,157317,3,4990.0,11100.0,4158.0,9250.0,3516.0
2021-06-03,157317,2,4574.0,11100.0,3811.5,9250.0,3516.0
2021-06-04,157317,1,4990.0,11100.0,4158.0,9250.0,3516.0
2021-06-05,157317,1,4158.0,11100.0,3465.0,9250.0,3516.0
2021-06-07,157317,2,4990.0,11100.0,4158.0,9250.0,3516.0
2021-06-08,157317,1,3742.0,11100.0,3118.0,9250.0,3516.0
2021-06-09,157317,1,4990.0,11100.0,4158.0,9250.0,3516.0
2021-06-10,157317,3,4158.0,11100.0,3465.0,9250.0,3516.0
2021-06-14,157317,3,4990.0,11100.0,4158.0,9250.0,3516.0
2021-06-15,157317,2,4574.0,11100.0,3811.5,9250.0,3516.0
2021-06-16,157317,1,4990.0,11100.0,4158.0,9250.0,3516.0
2021-06-17,157317,1,4990.0,11100.0,4158.0,9250.0,3516.0
2021-06-18,157317,1,4491.0,11100.0,3742.0,9250.0,3516.0
2021-06-21,157317,3,4990.0,11100.0,4158.0,9250.0,3516.0
2021-06-22,157317,2,4990.0,11100.0,4158.0,9250.0,3516.0
2021-06-23,157317,1,4990.0,11100.0,4158.0,9250.0,3516.0
2021-06-25,157317,1,4491.0,11100.0,3742.0,9250.0,3516.0
2021-06-27,157317,2,4990.0,11100.0,4158.0,9250.0,3516.0
2021-06-28,157317,2,4740.5,11100.0,3950.0,9250.0,3516.0
2021-06-30,157317,1,4990.0,11100.0,4158.0,9250.0,3516.0
2021-07-02,157317,1,4990.0,11100.0,4158.0,9250.0,3516.0
2021-07-05,157317,1,4990.0,11100.0,4158.0,9250.0,3516.0
2021-07-07,157317,1,4990.0,11100.0,4158.0,9250.0,3516.0
2021-07-09,157317,1,4990.0,11100.0,4158.0,9250.0,3516.0
2021-07-14,157317,1,4990.0,11100.0,4158.0,9250.0,3516.0
2021-07-16,157317,1,4990.0,11100.0,4158.0,9250.0,3516.0
2021-07-17,157317,2,4990.0,11100.0,4158.0,9250.0,3516.0
2021-07-26,157317,1,4990.0,11100.0,4158.0,9250.0,3516.0
2021-07-27,157317,3,4990.0,11100.0,4158.0,9250.0,3516.0
2021-07-30,157317,1,4990.0,11100.0,4158.0,9250.0,3516.0
2021-08-02,157317,2,4990.0,11100.0,4158.0,9250.0,3516.0
2021-08-04,157317,1,4990.0,11100.0,4158.0,9250.0,3516.0
2021-08-06,157317,1,4990.0,11100.0,4158.0,9250.0,3516.0
2021-08-17,157317,2,4990.0,11100.0,4158.0,9250.0,3516.0
2021-08-20,157317,1,4990.0,11100.0,4158.0,9250.0,3516.0
2021-08-24,157317,1,4990.0,11100.0,4158.0,9250.0,3516.0
2021-08-25,157317,1,4990.0,11100.0,4158.0,9250.0,3516.0
2021-08-26,157317,1,4741.0,11100.0,3951.0,9250.0,3516.0
2021-08-28,157317,1,4990.0,11100.0,4158.0,9250.0,3516.0
2021-08-30,157317,1,4990.0,11100.0,4158.0,9250.0,3516.0
2021-08-31,157317,1,4990.0,11100.0,4158.0,9250.0,3516.0
2021-09-04,157317,1,4990.0,11100.0,4158.0,9250.0,3516.0
2021-09-06,157317,1,4990.0,11100.0,4158.0,9250.0,3516.0
2021-09-07,157317,1,4990.0,11100.0,4158.0,9250.0,3516.0
2021-09-08,157317,1,4990.0,11100.0,4158.0,9250.0,3516.0
2021-09-10,157317,1,4990.0,11100.0,4158.0,9250.0,3516.0
2021-09-13,157317,1,4990.0,11100.0,4158.0,9250.0,3516.0
2021-09-16,157317,1,4990.0,11100.0,4158.0,9250.0,3516.0
2021-09-20,157317,1,4990.0,11100.0,4158.0,9250.0,3516.0
2021-09-21,157317,1,4990.0,11100.0,4158.0,9250.0,3516.0
2021-09-23,157317,1,4990.0,11100.0,4158.0,9250.0,3516.0
2021-09-24,157317,1,4990.0,11100.0,4158.0,9250.0,3516.0
2021-09-27,157317,1,4990.0,11100.0,4158.0,9250.0,3516.0
2021-10-04,157317,1,4990.0,11100.0,4158.0,9250.0,3516.0
2021-10-10,157317,1,4990.0,11100.0,4158.0,9250.0,3516.0
2021-10-12,157317,3,4990.0,11100.0,4158.0,9250.0,3516.0
2021-10-14,157317,2,4990.0,11100.0,4158.0,9250.0,3516.0
2021-10-21,157317,1,4990.0,11100.0,4158.0,9250.0,3516.0
2021-10-25,157317,1,4990.0,11100.0,4158.0,9250.0,3516.0
2021-10-26,157317,1,4990.0,11100.0,4158.0,9250.0,3516.0
2021-10-30,157317,1,4990.0,11100.0,4158.0,9250.0,3516.0
2021-11-01,157317,1,4990.0,11100.0,4158.0,9250.0,3516.0
2021-11-03,157317,1,4990.0,11100.0,4158.0,9250.0,3516.0
2021-11-05,157317,2,4990.0,11100.0,4158.0,9250.0,3516.0
2021-11-10,157317,1,4990.0,11100.0,4158.0,9250.0,3516.0
2021-11-11,157317,1,4990.0,11100.0,4158.0,9250.0,3516.0
2021-11-13,157317,1,4990.0,11100.0,4158.0,9250.0,3516.0
2021-11-15,157317,1,4990.0,11100.0,4158.0,9250.0,3516.0
2021-11-17,157317,1,4990.0,11100.0,4158.0,9250.0,3516.0
2021-11-18,157317,1,4990.0,11100.0,4158.0,9250.0,3516.0
2021-11-19,157317,1,4990.0,11100.0,4158.0,9250.0,3516.0
2021-11-21,157317,1,4990.0,11100.0,4158.0,9250.0,3516.0
2021-11-23,157317,1,4990.0,11100.0,4158.0,9250.0,3516.0
2021-11-24,157317,2,4990.0,11100.0,4158.0,9250.0,3516.0
2021-11-25,157317,5,4990.0,11100.0,4158.0,9250.0,3516.0
2021-11-26,157317,4,4990.0,11100.0,4158.0,9250.0,3516.0
2021-11-27,157317,1,4990.0,11100.0,4158.0,9250.0,3516.0
2021-11-29,157317,5,4990.0,11100.0,4158.0,9250.0,3516.0
2021-11-30,157317,2,4990.0,11100.0,4158.0,9250.0,3516.0
2021-12-01,157317,5,4990.0,11100.0,4158.0,9250.0,3516.0
2021-12-02,157317,1,4990.0,11100.0,4158.0,9250.0,3516.0
2021-12-05,157317,1,4990.0,11100.0,4158.0,9250.0,3516.0
2021-12-06,157317,1,4990.0,11100.0,4158.0,9250.0,3516.0
2021-12-07,157317,2,4990.0,11100.0,4158.0,9250.0,3516.0
2021-12-08,157317,2,4990.0,11100.0,4158.0,9250.0,3516.0
2021-12-09,157317,2,4990.0,11100.0,4158.0,9250.0,3516.0
2021-12-10,157317,2,4990.0,11100.0,4158.0,9250.0,3516.0
2021-12-11,157317,5,4990.0,11100.0,4158.0,9250.0,3516.0
2021-12-13,157317,4,4990.0,11100.0,4158.0,9250.0,3516.0
2021-12-14,157317,3,4990.0,11100.0,4158.0,9250.0,3516.0
2021-12-15,157317,3,4990.0,11100.0,4158.0,9250.0,3516.0
2021-12-16,157317,1,4990.0,11100.0,4158.0,9250.0,3516.0
2021-12-17,157317,1,4990.0,11100.0,4158.0,9250.0,3516.0
2021-12-20,157317,3,4990.0,11100.0,4158.0,9250.0,3516.0
2021-12-21,157317,6,4990.0,11100.0,4158.0,9250.0,3516.0
2021-12-23,157317,2,4990.0,11100.0,4158.0,9250.0,3516.0
2021-12-24,157317,2,4990.0,11100.0,4158.0,9250.0,3516.0
2021-12-27,157317,1,4990.0,11100.0,4158.0,9250.0,3516.0
2021-12-28,157317,2,4990.0,11100.0,4158.0,9250.0,3516.0
2021-12-29,157317,1,4990.0,11100.0,4158.0,9250.0,3516.0
2021-12-31,157317,1,4990.0,11100.0,4158.0,9250.0,3516.0
