sales_data.csv
sale_date,product_id,quantity,sales_price_tax,regular_price_tax,sales_price,regular_price,purchase_price
2021-01-06,103851,2,1190.0,1190.0,992.0,991.6667,773.5026
2021-01-08,103851,3,1190.0,1190.0,992.0,991.6667,773.5026
2021-01-11,103851,1,1190.0,1190.0,992.0,991.6667,773.5026
2021-01-12,103851,1,1190.0,1190.0,992.0,991.6667,773.5026
2021-01-13,103851,3,1190.0,1190.0,992.0,991.6667,773.5026
2021-01-14,103851,2,1190.0,1190.0,992.0,991.6667,773.5026
2021-01-15,103851,2,1190.0,1190.0,992.0,991.6667,773.5026
2021-01-18,103851,1,1190.0,1190.0,992.0,991.6667,773.5026
2021-01-19,103851,1,1190.0,1190.0,992.0,991.6667,773.5026
2021-01-22,103851,1,1190.0,1190.0,992.0,991.6667,773.5026
2021-01-27,103851,1,1190.0,1190.0,992.0,991.6667,773.5026
2021-01-29,103851,1,1190.0,1190.0,992.0,991.6667,773.5026
2021-02-01,103851,1,1190.0,1190.0,992.0,991.6667,773.5026
2021-02-12,103851,1,1190.0,1190.0,992.0,991.6667,773.5026
2021-02-22,103851,1,1190.0,1190.0,992.0,991.6667,773.5026
2021-02-23,103851,5,1190.0,1190.0,992.0,991.6667,773.5026
2021-02-24,103851,1,1190.0,1190.0,992.0,991.6667,773.5026
2021-02-27,103851,3,992.0,1190.0,827.0,991.6667,773.5026
2021-02-28,103851,1,992.0,1190.0,827.0,991.6667,773.5026
2021-03-01,103851,3,992.0,1190.0,827.0,991.6667,773.5025999999998
2021-03-02,103851,1,1190.0,1190.0,992.0,991.6667,773.5026
2021-03-03,103851,2,1190.0,1190.0,992.0,991.6667,773.5026
2021-03-04,103851,2,992.0,1190.0,827.0,991.6667,773.5026
2021-03-05,103851,2,992.0,1190.0,827.0,991.6667,773.5026
2021-03-08,103851,2,1190.0,1190.0,992.0,991.6667,773.5026
2021-03-09,103851,3,1190.0,1190.0,992.0,991.6667,773.5026
2021-03-11,103851,1,1190.0,1190.0,992.0,991.6667,773.5026
2021-03-12,103851,1,1190.0,1190.0,992.0,991.6667,773.5026
2021-03-15,103851,2,1090.0,1190.0,908.5,991.6667,773.5026
2021-03-17,103851,4,990.0,1190.0,825.0,991.6667,773.5026
2021-03-18,103851,5,990.0,1190.0,825.0,991.6667,773.5026
2021-03-19,103851,3,1190.0,1190.0,992.0,991.6667,773.5026
2021-03-22,103851,1,1190.0,1190.0,992.0,991.6667,773.5026
2021-03-24,103851,5,1190.0,1190.0,992.0,991.6667,773.5026
2021-03-25,103851,3,952.0,1190.0,793.0,991.6667,773.5026
2021-03-26,103851,1,952.0,1190.0,793.0,991.6667,773.5026
2021-03-27,103851,1,1190.0,1190.0,992.0,991.6667,773.5026
2021-03-29,103851,2,1071.0,1190.0,892.5,991.6667,773.5026
2021-03-30,103851,5,1190.0,1190.0,992.0,991.6667,773.5026
2021-03-31,103851,4,952.0,1190.0,793.0,991.6667,773.5026
2021-04-02,103851,6,1190.0,1190.0,992.0,991.6667,773.5026
2021-04-06,103851,2,1190.0,1190.0,992.0,991.6667,773.5026
2021-04-08,103851,4,1190.0,1190.0,992.0,991.6667,773.5026
2021-04-09,103851,1,1190.0,1190.0,992.0,991.6667,773.5026
2021-04-13,103851,1,1190.0,1190.0,992.0,991.6667,773.5026
2021-04-14,103851,1,1190.0,1190.0,992.0,991.6667,773.5026
2021-04-15,103851,4,1190.0,1190.0,992.0,991.6667,773.5026
2021-04-16,103851,2,1101.0,1190.0,917.5,991.6667,773.5026
2021-04-19,103851,5,1190.0,1190.0,992.0,991.6667,773.5026
2021-04-20,103851,1,1190.0,1190.0,992.0,991.6667,773.5026
2021-04-23,103851,1,1190.0,1190.0,992.0,991.6667,773.5026
2021-04-26,103851,5,1190.0,1190.0,992.0,991.6667,773.5026
2021-04-27,103851,3,1190.0,1190.0,992.0,991.6667,773.5026
2021-04-28,103851,1,1190.0,1190.0,992.0,991.6667,773.5026
2021-04-29,103851,2,1190.0,1190.0,992.0,991.6667,773.5013
2021-05-05,103851,1,1190.0,1190.0,992.0,991.6667,773.5
2021-05-06,103851,1,1190.0,1190.0,992.0,991.6667,773.5
2021-05-07,103851,1,1190.0,1190.0,992.0,991.6667,773.5
2021-05-11,103851,1,1190.0,1190.0,992.0,991.6667,773.5
2021-05-13,103851,2,1190.0,1190.0,992.0,991.6667,773.5
2021-05-19,103851,3,1190.0,1190.0,992.0,991.6667,773.5
2021-05-20,103851,1,1190.0,1190.0,992.0,991.6667,773.5
2021-05-21,103851,1,1190.0,1190.0,992.0,991.6667,773.5
2021-05-24,103851,2,1090.0,1190.0,908.5,991.6667,773.5
2021-05-25,103851,1,1190.0,1190.0,992.0,991.6667,773.5
2021-05-27,103851,1,1190.0,1190.0,992.0,991.6667,773.5
2021-05-28,103851,1,1012.0,1190.0,843.0,991.6667,773.5
2021-05-31,103851,1,1190.0,1190.0,992.0,991.6667,773.5
2021-06-01,103851,1,1190.0,1190.0,992.0,991.6667,773.5
2021-06-02,103851,1,1190.0,1190.0,992.0,991.6667,773.5026
2021-06-03,103851,2,1190.0,1190.0,992.0,991.6667,773.5
2021-06-09,103851,1,1190.0,1190.0,992.0,991.6667,773.5026
2021-06-11,103851,1,1190.0,1190.0,992.0,991.6667,773.5
2021-06-14,103851,2,1012.0,1190.0,843.0,991.6667,773.5026
2021-06-17,103851,1,1190.0,1190.0,992.0,991.6667,773.5026
2021-06-18,103851,2,1190.0,1190.0,992.0,991.6667,773.5026
2021-06-21,103851,2,952.0,1190.0,793.0,991.6667,773.5026
2021-06-22,103851,1,1190.0,1190.0,992.0,991.6667,773.5026
2021-06-23,103851,1,1190.0,1190.0,992.0,991.6667,773.5026
2021-06-24,103851,1,952.0,1190.0,793.0,991.6667,773.5026
2021-06-26,103851,1,1190.0,1190.0,992.0,991.6667,773.5026
2021-06-29,103851,2,1190.0,1190.0,992.0,991.6667,773.5026
2021-07-02,103851,1,1190.0,1190.0,992.0,991.6667,773.5026
2021-07-07,103851,1,1190.0,1190.0,992.0,991.6667,773.5026
2021-07-08,103851,3,1190.0,1190.0,992.0,991.6667,773.5026
2021-07-09,103851,1,952.0,1190.0,793.0,991.6667,773.5026
2021-07-13,103851,1,1012.0,1190.0,843.0,991.6667,773.5026
2021-07-17,103851,4,1190.0,1190.0,992.0,991.6667,773.5025999999999
2021-07-19,103851,1,1190.0,1190.0,992.0,991.6667,773.5026
2021-07-20,103851,1,1012.0,1190.0,843.0,991.6667,773.5026
2021-07-22,103851,1,1190.0,1190.0,992.0,991.6667,773.5026
2021-07-23,103851,1,1190.0,1190.0,992.0,991.6667,773.5026
2021-07-26,103851,2,1190.0,1190.0,992.0,991.6667,773.5026
2021-07-29,103851,1,1190.0,1190.0,992.0,991.6667,773.5026
2021-08-02,103851,2,1190.0,1190.0,992.0,991.6667,773.5026
2021-08-04,103851,1,1190.0,1190.0,992.0,991.6667,773.5026
2021-08-06,103851,1,1190.0,1190.0,992.0,991.6667,773.5026
2021-08-08,103851,1,1190.0,1190.0,992.0,991.6667,773.5026
2021-08-09,103851,1,1190.0,1190.0,992.0,991.6667,773.5026
2021-08-12,103851,2,1101.0,1190.0,917.5,991.6667,773.5026
2021-08-17,103851,1,1190.0,1190.0,992.0,991.6667,773.5026
2021-08-20,103851,2,1190.0,1190.0,992.0,991.6667,773.5026
2021-08-21,103851,2,1190.0,1190.0,992.0,991.6667,773.5026
2021-08-23,103851,1,1190.0,1190.0,992.0,991.6667,773.5026
2021-08-24,103851,1,1190.0,1190.0,992.0,991.6667,773.5026
2021-08-25,103851,1,1190.0,1190.0,992.0,991.6667,773.5026
2021-08-26,103851,5,1190.0,1190.0,992.0,991.6667,773.5026
2021-08-27,103851,1,1190.0,1190.0,992.0,991.6667,773.5026
2021-08-30,103851,1,1190.0,1190.0,992.0,991.6667,773.5026
2021-09-02,103851,1,1190.0,1190.0,992.0,991.6667,773.5026
2021-09-03,103851,3,1190.0,1190.0,992.0,991.6667,773.5026
2021-09-08,103851,1,1190.0,1190.0,992.0,991.6667,773.5026
2021-09-10,103851,5,1101.0,1190.0,917.5,991.6667,773.5026
2021-09-12,103851,1,1190.0,1190.0,992.0,991.6667,773.5026
2021-09-13,103851,3,1190.0,1190.0,992.0,991.6667,773.5026
2021-09-14,103851,2,1190.0,1190.0,992.0,991.6667,773.5026
2021-09-15,103851,2,1012.0,1190.0,843.0,991.6667,773.5026
2021-09-16,103851,1,1190.0,1190.0,992.0,991.6667,773.5026
2021-09-18,103851,2,1190.0,1190.0,992.0,991.6667,773.5026
2021-09-20,103851,2,1012.0,1190.0,843.0,991.6667,773.5026
2021-09-28,103851,5,1190.0,1190.0,992.0,991.6667,773.5026
2021-09-29,103851,2,1012.0,1190.0,843.0,991.6667,773.5026
2021-10-01,103851,1,1190.0,1190.0,992.0,991.6667,773.5026
2021-10-04,103851,2,1101.0,1190.0,917.5,991.6667,773.5026
2021-10-05,103851,1,1190.0,1190.0,992.0,991.6667,773.5026
2021-10-06,103851,2,1101.0,1190.0,917.5,991.6667,773.5026
2021-10-08,103851,2,1190.0,1190.0,992.0,991.6667,773.5026
2021-10-12,103851,1,1190.0,1190.0,992.0,991.6667,773.5026
2021-10-13,103851,3,1190.0,1190.0,992.0,991.6667,773.5026
2021-10-15,103851,1,1190.0,1190.0,992.0,991.6667,773.5026
2021-10-19,103851,2,1190.0,1190.0,992.0,991.6667,773.5026
2021-10-20,103851,1,1190.0,1190.0,992.0,991.6667,773.5026
2021-10-21,103851,1,1190.0,1190.0,992.0,991.6667,773.5026
2021-10-22,103851,3,1190.0,1190.0,992.0,991.6667,773.5026
2021-10-23,103851,1,1190.0,1190.0,992.0,991.6667,773.5026
2021-10-25,103851,3,1190.0,1190.0,992.0,991.6667,773.5026
2021-10-26,103851,1,1190.0,1190.0,992.0,991.6667,773.5026
2021-10-27,103851,5,1190.0,1190.0,992.0,991.6667,773.5026
2021-10-29,103851,2,952.0,1190.0,793.0,991.6667,773.5026
2021-11-01,103851,1,952.0,1190.0,793.0,991.6667,773.5026
2021-11-02,103851,1,1190.0,1190.0,992.0,991.6667,773.5026
2021-11-04,103851,2,1071.0,1190.0,892.5,991.6667,773.5026
2021-11-08,103851,1,1190.0,1190.0,992.0,991.6667,773.5026
2021-11-09,103851,1,1190.0,1190.0,992.0,991.6667,773.5026
2021-11-12,103851,1,1190.0,1190.0,992.0,991.6667,773.5026
2021-11-13,103851,3,1190.0,1190.0,992.0,991.6667,773.5026
2021-11-15,103851,2,1190.0,1190.0,992.0,991.6667,773.5026
2021-11-16,103851,2,1101.0,1190.0,917.5,991.6667,773.5026
2021-11-17,103851,3,1190.0,1190.0,992.0,991.6667,773.5026
2021-11-18,103851,3,1190.0,1190.0,992.0,991.6667,773.5026
2021-11-19,103851,1,1012.0,1190.0,843.0,991.6667,773.5026
2021-11-20,103851,2,1190.0,1190.0,992.0,991.6667,773.5026
2021-11-23,103851,4,1101.0,1190.0,917.5,991.6667,773.5026
2021-11-24,103851,2,1190.0,1190.0,992.0,991.6667,773.5026
2021-11-25,103851,4,1190.0,1190.0,992.0,991.6667,773.5026
2021-11-26,103851,2,952.0,1190.0,793.0,991.6667,773.5026
2021-11-27,103851,1,952.0,1190.0,793.0,991.6667,773.5026
2021-11-29,103851,3,1071.0,1190.0,892.5,991.6667,773.5026
2021-11-30,103851,3,952.0,1190.0,793.0,991.6667,773.5025999999998
2021-12-01,103851,2,1071.0,1190.0,892.5,991.6667,773.5026
2021-12-02,103851,2,1071.0,1190.0,892.5,991.6667,773.5026
2021-12-03,103851,2,952.0,1190.0,793.0,991.6667,773.5026
2021-12-07,103851,2,1190.0,1190.0,992.0,991.6667,773.5026
2021-12-08,103851,1,1190.0,1190.0,992.0,991.6667,773.5026
2021-12-10,103851,1,1190.0,1190.0,992.0,991.6667,773.5026
2021-12-11,103851,2,1012.0,1190.0,843.0,991.6667,773.5026
2021-12-12,103851,1,1190.0,1190.0,992.0,991.6667,773.5026
2021-12-13,103851,2,1101.0,1190.0,917.5,991.6667,773.5026
2021-12-14,103851,1,1190.0,1190.0,992.0,991.6667,773.5026
2021-12-15,103851,1,990.0,1190.0,825.0,991.6667,773.5026
2021-12-16,103851,2,1012.0,1190.0,843.0,991.6667,773.5026
2021-12-20,103851,2,1001.0,1190.0,834.0,991.6667,773.5026
2021-12-22,103851,2,990.0,1190.0,825.0,991.6667,773.5026
2021-12-24,103851,1,1190.0,1190.0,992.0,991.6667,773.5026
2021-12-25,103851,1,990.0,1190.0,825.0,991.6667,773.5026
2021-12-27,103851,2,990.0,1190.0,825.0,991.6667,773.5026
2021-12-28,103851,1,990.0,1190.0,825.0,991.6667,773.5026
2021-12-29,103851,1,990.0,1190.0,825.0,991.6667,773.5026
2021-12-31,103851,1,1190.0,1190.0,992.0,991.6667,773.5026
2021-01-06,121807,1,1490.0,1490.0,1242.0,1241.6667,1009.47
2021-01-08,121807,1,1490.0,1490.0,1242.0,1241.6667,1009.47
2021-01-12,121807,6,1490.0,1490.0,1242.0,1241.6667,1009.47
2021-01-13,121807,1,1490.0,1490.0,1242.0,1241.6667,1009.47
2021-01-14,121807,2,1490.0,1490.0,1242.0,1241.6667,1009.47
2021-01-15,121807,4,1490.0,1490.0,1242.0,1241.6667,1009.47
2021-01-18,121807,1,1490.0,1490.0,1242.0,1241.6667,1009.47
2021-01-20,121807,6,1490.0,1490.0,1242.0,1241.6667,1009.47
2021-01-21,121807,1,1490.0,1490.0,1242.0,1241.6667,1009.47
2021-01-22,121807,2,1490.0,1490.0,1242.0,1241.6667,1009.47
2021-01-25,121807,1,1490.0,1490.0,1242.0,1241.6667,1009.47
2021-01-28,121807,2,1490.0,1490.0,1242.0,1241.6667,1009.47
2021-02-02,121807,1,1490.0,1490.0,1242.0,1241.6667,1009.47
2021-02-03,121807,5,1490.0,1490.0,1242.0,1241.6667,1009.47
2021-02-04,121807,1,1490.0,1490.0,1242.0,1241.6667,1009.47
2021-02-05,121807,3,1490.0,1490.0,1242.0,1241.6667,1009.47
2021-02-06,121807,2,1490.0,1490.0,1242.0,1241.6667,1009.47
2021-02-11,121807,8,1490.0,1490.0,1242.0,1241.6667,1009.47
2021-03-03,121807,7,1490.0,1490.0,1242.0,1241.6667,1009.47
2021-03-05,121807,9,1490.0,1490.0,1242.0,1241.6667,1009.47
2021-03-09,121807,6,1490.0,1490.0,1242.0,1241.6667,1009.47
2021-03-11,121807,5,1490.0,1490.0,1242.0,1241.6667,1009.47
2021-03-12,121807,3,1490.0,1490.0,1242.0,1241.6667,1009.47
2021-03-13,121807,1,1490.0,1490.0,1242.0,1241.6667,1009.47
2021-03-15,121807,1,1490.0,1490.0,1242.0,1241.6667,1009.47
2021-03-16,121807,2,1490.0,1490.0,1242.0,1241.6667,1009.47
2021-03-22,121807,1,1490.0,1490.0,1242.0,1241.6667,1009.47
2021-03-23,121807,2,1341.0,1490.0,1117.5,1241.6667,1009.47
2021-03-24,121807,5,1490.0,1490.0,1242.0,1241.6667,1009.47
2021-03-25,121807,2,1192.0,1490.0,993.0,1241.6667,1009.47
2021-03-26,121807,6,1490.0,1490.0,1242.0,1241.6667,1009.47
2021-03-27,121807,1,1490.0,1490.0,1242.0,1241.6667,1009.47
2021-03-29,121807,5,1490.0,1490.0,1242.0,1241.6667,1009.47
2021-03-30,121807,1,1192.0,1490.0,993.0,1241.6667,1009.47
2021-03-31,121807,8,1192.0,1490.0,993.0,1241.6667,1009.47
2021-04-01,121807,5,1192.0,1490.0,993.0,1241.6667,1009.47
2021-04-08,121807,4,1490.0,1490.0,1242.0,1241.6667,1009.47
2021-04-09,121807,1,1490.0,1490.0,1242.0,1241.6667,1009.47
2021-04-14,121807,1,1490.0,1490.0,1242.0,1241.6667,1009.47
2021-04-20,121807,1,1267.0,1490.0,1056.0,1241.6667,1009.47
2021-04-21,121807,2,1267.0,1490.0,1056.0,1241.6667,1009.47
2021-04-26,121807,1,1490.0,1490.0,1242.0,1241.6667,1009.47
2021-05-07,121807,1,1490.0,1490.0,1242.0,1241.6667,1009.47
2021-05-14,121807,1,1490.0,1490.0,1242.0,1241.6667,1009.47
2021-05-18,121807,1,1267.0,1490.0,1056.0,1241.6667,1009.47
2021-05-19,121807,2,1490.0,1490.0,1242.0,1241.6667,1009.47
2021-05-27,121807,1,1490.0,1490.0,1242.0,1241.6667,1009.47
2021-06-03,121807,1,1490.0,1490.0,1242.0,1241.6667,1009.47
2021-06-14,121807,4,1490.0,1490.0,1242.0,1241.6667,1009.47
2021-07-02,121807,1,1490.0,1490.0,1242.0,1241.6667,1009.47
2021-07-05,121807,1,1490.0,1490.0,1242.0,1241.6667,1009.47
2021-07-08,121807,1,1490.0,1490.0,1242.0,1241.6667,1009.47
2021-07-17,121807,2,1490.0,1490.0,1242.0,1241.6667,1009.47
2021-07-28,121807,1,1267.0,1490.0,1056.0,1241.6667,1009.47
2021-07-30,121807,1,1490.0,1490.0,1242.0,1241.6667,1009.47
2021-08-05,121807,1,1490.0,1490.0,1242.0,1241.6667,1009.47
2021-08-06,121807,4,1490.0,1490.0,1242.0,1241.6667,1009.47
2021-08-20,121807,2,1267.0,1490.0,1056.0,1241.6667,1009.47
2021-08-25,121807,1,1490.0,1490.0,1242.0,1241.6667,1009.47
2021-09-02,121807,1,1490.0,1490.0,1242.0,1241.6667,1009.47
2021-09-10,121807,2,1490.0,1490.0,1242.0,1241.6667,1009.47
2021-09-15,121807,1,1267.0,1490.0,1056.0,1241.6667,1009.47
2021-09-29,121807,1,1490.0,1490.0,1242.0,1241.6667,1009.47
2021-09-30,121807,1,1490.0,1490.0,1242.0,1241.6667,1009.47
2021-10-04,121807,2,1490.0,1490.0,1242.0,1241.6667,1009.47
2021-10-06,121807,1,1490.0,1490.0,1242.0,1241.6667,1009.47
2021-10-12,121807,2,1490.0,1490.0,1242.0,1241.6667,1009.47
2021-11-03,121807,1,1192.0,1490.0,993.0,1241.6667,1009.47
2021-11-05,121807,1,1490.0,1490.0,1242.0,1241.6667,1009.47
2021-11-14,121807,1,1490.0,1490.0,1242.0,1241.6667,1009.47
2021-11-16,121807,2,1192.0,1490.0,993.0,1241.6667,1009.47
2021-11-19,121807,2,1490.0,1490.0,1242.0,1241.6667,1009.47
2021-11-20,121807,2,1490.0,1490.0,1242.0,1241.6667,1009.47
2021-11-22,121807,2,1267.0,1490.0,1056.0,1241.6667,1009.47
2021-11-23,121807,1,1267.0,1490.0,1056.0,1241.6667,1009.47
2021-11-25,121807,1,1490.0,1490.0,1242.0,1241.6667,1009.47
2021-11-27,121807,2,1267.0,1490.0,1056.0,1241.6667,1009.47
2021-11-29,121807,4,1043.0,1490.0,869.0,1241.6667,1009.47
2021-11-30,121807,1,1490.0,1490.0,1242.0,1241.6667,1009.47
2021-12-08,121807,1,1490.0,1490.0,1242.0,1241.6667,1009.47
2021-12-13,121807,2,1490.0,1490.0,1242.0,1241.6667,1009.47
2021-12-23,121807,1,1490.0,1490.0,1242.0,1241.6667,1009.47
2021-12-28,121807,4,1490.0,1490.0,1242.0,1241.6667,1009.47
2021-12-29,121807,1,1490.0,1490.0,1242.0,1241.6667,1009.47
2021-12-30,121807,1,1490.0,1690.0,1242.0,1408.3333,1009.47
2021-12-31,121807,6,1490.0,1690.0,1242.0,1408.3333,1009.47
