sales_data.csv
sale_date,product_id,quantity,sales_price_tax,regular_price_tax,sales_price,regular_price,purchase_price
2021-01-06,156866,1,27990.0,38878.0,23325.0,32398.1481,22420.0
2021-01-08,156866,2,27990.0,38878.0,23325.0,32398.1481,22420.0
2021-01-12,156866,4,27990.0,38878.0,23325.0,32398.1481,22420.0
2021-01-13,156866,3,27990.0,38878.0,23325.0,32398.1481,22420.0
2021-01-14,156866,2,27990.0,38878.0,23325.0,32398.1481,22420.0
2021-01-15,156866,1,27990.0,38878.0,23325.0,32398.1481,22420.0
2021-01-18,156866,2,31103.0,38878.0,25919.0,32398.1481,22420.0
2021-01-25,156866,1,31103.0,38878.0,25919.0,32398.1481,22420.0
2021-01-28,156866,1,27990.0,38878.0,23325.0,32398.1481,22420.0
2021-02-02,156866,1,31103.0,38878.0,25919.0,32398.1481,22420.0
2021-02-03,156866,1,27990.0,38878.0,23325.0,32398.1481,22419.9999
2021-02-04,156866,1,31103.0,38878.0,25919.0,32398.1481,22420.0
2021-02-05,156866,1,26999.0,38878.0,22499.0,32398.1481,22419.9999
2021-02-08,156866,3,28323.0,38878.0,23602.0,32398.1481,22419.9999
2021-02-09,156866,1,28323.0,38878.0,23602.0,32398.1481,22420.0
2021-02-10,156866,1,33045.0,38878.0,27538.0,32398.1481,22420.0
2021-02-11,156866,1,27990.0,38878.0,23325.0,32398.1481,22419.9999
2021-02-12,156866,2,27661.0,38878.0,23050.5,32398.1481,22419.9999
2021-02-17,156866,1,28990.0,38878.0,24158.0,32398.1481,22419.9999
2021-02-19,156866,1,28990.0,38878.0,24158.0,32398.1481,22419.9999
2021-02-23,156866,4,28990.0,38878.0,24158.0,32398.1481,22419.9999
2021-02-24,156866,3,26990.0,38878.0,22491.5,32398.1481,22419.999925
2021-03-05,156866,1,28990.0,38878.0,24158.0,32398.1481,22419.9999
2021-03-18,156866,2,25990.0,38878.0,21658.0,32398.1481,22419.9999
2021-03-22,156866,2,29713.0,38878.0,24760.5,32398.1481,22419.99995
2021-03-29,156866,1,31103.0,38878.0,25919.0,32398.1481,22419.9999
2021-03-31,156866,1,27990.0,38878.0,23325.0,32398.1481,22419.9999
2021-04-01,156866,1,27990.0,38878.0,23325.0,32398.1481,22419.9999
2021-04-03,156866,1,27990.0,38878.0,23325.0,32398.1481,22419.9999
2021-04-05,156866,1,27990.0,38878.0,23325.0,32398.1481,22419.9999
2021-04-06,156866,1,27990.0,38878.0,23325.0,32398.1481,22419.9999
2021-04-07,156866,3,27990.0,38878.0,23325.0,32398.1481,22419.9999
2021-04-08,156866,1,27990.0,38878.0,23325.0,32398.1481,22419.9999
2021-04-09,156866,2,27990.0,38878.0,23325.0,32398.1481,22419.9999
2021-04-10,156866,5,27990.0,38878.0,23325.0,32398.1481,22419.9999
2021-04-12,156866,9,27990.0,38878.0,23325.0,32398.1481,22419.9999
2021-04-13,156866,3,27990.0,38878.0,23325.0,32398.1481,22419.9999
2021-04-14,156866,7,27990.0,38878.0,23325.0,32398.1481,22419.9999
2021-04-15,156866,8,27990.0,38878.0,23325.0,32398.1481,22419.9999
2021-04-16,156866,12,27990.0,38878.0,23325.0,32398.1481,22419.9999
2021-04-17,156866,2,27990.0,38878.0,23325.0,32398.1481,22419.9999
2021-04-19,156866,7,27990.0,38878.0,23325.0,32398.1481,22419.9999
2021-04-20,156866,9,27990.0,38878.0,23325.0,32398.1481,22419.9999
2021-04-21,156866,9,27990.0,38878.0,23325.0,32398.1481,22419.9999
2021-04-22,156866,11,27990.0,38878.0,23325.0,32398.1481,22419.9999
2021-04-23,156866,1,27990.0,38878.0,23325.0,32398.1481,22419.9999
2021-04-24,156866,3,27990.0,38878.0,23325.0,32398.1481,22419.9999
2021-04-26,156866,4,27990.0,38878.0,23325.0,32398.1481,22419.9999
2021-04-27,156866,1,27990.0,38878.0,23325.0,32398.1481,22419.9999
2021-05-04,156866,1,27990.0,40544.0,23325.0,33787.037,22419.9999
2021-05-05,156866,4,27990.0,40544.0,23325.0,33787.037,22419.9999
2021-05-06,156866,3,34990.0,40544.0,29158.0,33787.037,22419.9999
2021-05-07,156866,1,27990.0,40544.0,23325.0,33787.037,22419.9999
2021-05-08,156866,1,27990.0,40544.0,23325.0,33787.037,22419.9999
2021-05-10,156866,3,27990.0,40544.0,23325.0,33787.037,22419.9999
2021-05-19,156866,1,27990.0,40544.0,23325.0,33787.037,22419.9999
2021-05-28,156866,2,29990.0,40544.0,24992.0,33787.037,22419.9999
2021-05-31,156866,1,29990.0,40544.0,24992.0,33787.037,22419.9999
2021-06-01,156866,2,29990.0,40544.0,24992.0,33787.037,23049.99995
2021-06-02,156866,5,29990.0,40544.0,24992.0,33787.037,23680.0
2021-06-03,156866,3,29990.0,40544.0,24992.0,33787.037,23680.0
2021-06-04,156866,9,29990.0,40544.0,24992.0,33787.037,23680.0
2021-06-08,156866,3,29990.0,40544.0,24992.0,33787.037,23680.0
2021-06-10,156866,4,29990.0,40544.0,24992.0,33787.037,23680.0
2021-06-11,156866,4,29990.0,40544.0,24992.0,33787.037,23680.0
2021-06-14,156866,2,29990.0,40544.0,24992.0,33787.037,23680.0
2021-06-15,156866,4,29990.0,40544.0,24992.0,33787.037,23680.0
2021-06-18,156866,2,33240.0,40544.0,27700.0,33787.037,23680.0
2021-06-21,156866,1,29990.0,40544.0,24992.0,33787.037,23680.0
2021-06-22,156866,3,29990.0,40544.0,24992.0,33787.037,23680.0
2021-06-23,156866,2,36490.0,40544.0,30408.0,33787.037,23680.0
2021-06-24,156866,1,29990.0,40544.0,24992.0,33787.037,23680.0
2021-06-25,156866,1,32436.0,40544.0,27030.0,33787.037,23680.0
2021-07-01,156866,1,29990.0,40544.0,24992.0,33787.037,23680.0
2021-07-22,156866,1,34461.0,40544.0,28718.0,33787.037,23680.0
2021-08-11,156866,1,36490.0,40544.0,30408.0,33787.037,23680.0
2021-08-12,156866,1,27990.0,40544.0,23325.0,33787.037,23680.0
2021-08-13,156866,1,27990.0,40544.0,23325.0,33787.037,23680.0
2021-08-14,156866,1,27990.0,40544.0,23325.0,33787.037,22420.0
2021-08-20,156866,2,26590.5,40544.0,22158.5,33787.037,23680.0
2021-08-23,156866,2,27990.0,40544.0,23325.0,33787.037,23680.0
2021-08-24,156866,2,27990.0,40544.0,23325.0,33787.037,23049.99995
2021-08-26,156866,1,27990.0,40544.0,23325.0,33787.037,24784.3
2021-08-27,156866,2,27290.5,40544.0,22742.0,33787.037,23680.0
2021-08-28,156866,2,27990.0,40544.0,23325.0,33787.037,23680.0
2021-08-30,156866,3,27990.0,40544.0,23325.0,33787.037,23680.0
2021-08-31,156866,2,27990.0,40544.0,23325.0,33787.037,23680.0
2021-09-01,156866,3,27990.0,40544.0,23325.0,33787.037,23680.0
2021-09-02,156866,2,27990.0,40544.0,23325.0,33787.037,23680.0
2021-09-03,156866,5,27990.0,40544.0,23325.0,33787.037,23680.0
2021-09-06,156866,2,27990.0,40544.0,23325.0,33787.037,23680.0
2021-09-07,156866,2,27990.0,40544.0,23325.0,33787.037,23680.0
2021-09-09,156866,2,31540.5,40544.0,26283.5,33787.037,23680.0
2021-09-10,156866,1,36490.0,40544.0,30408.0,33787.037,23680.0
2021-09-24,156866,1,32436.0,40544.0,27030.0,33787.037,23680.0
2021-09-27,156866,2,32875.0,40544.0,27396.0,33787.037,23680.0
2021-09-28,156866,2,29990.0,40544.0,24992.0,33787.037,24232.15
2021-09-29,156866,4,29990.0,40544.0,24992.0,33787.037,24784.3
2021-09-30,156866,1,29990.0,40544.0,24992.0,33787.037,24784.3
2021-10-11,156866,1,31992.0,40433.0,26660.0,33694.4444,24784.3
2021-10-12,156866,1,32347.0,40433.0,26956.0,33694.4444,24784.3
2021-10-15,156866,1,31992.0,40433.0,26660.0,33694.4444,24784.3
2021-10-29,156866,1,32614.0,40767.0,27178.0,33972.2222,24784.3
2021-11-23,156866,1,27990.0,40767.0,23325.0,33972.2222,24784.3
2021-11-26,156866,1,29990.0,40767.0,24992.0,33972.2222,24784.3
2021-12-14,156866,1,32990.0,42211.0,27492.0,35175.9259,24784.3
2021-12-25,156866,1,32990.0,42211.0,27492.0,35175.9259,24784.3
2021-01-08,132284,1,29990.0,33322.0,24992.0,27768.5167,20238.4
2021-01-09,132284,1,25489.0,33322.0,21241.0,27768.5167,20238.4
2021-01-11,132284,1,26990.0,33322.0,22492.0,27768.5167,20238.4
2021-01-12,132284,1,26990.0,33322.0,22492.0,27768.5167,20238.4
2021-01-15,132284,1,25489.0,33322.0,21241.0,27768.5167,20238.4
2021-01-18,132284,6,25489.0,33322.0,21241.0,27768.5167,20238.4
2021-01-19,132284,2,25489.0,33322.0,21241.0,27768.5167,20238.4
2021-01-22,132284,4,25489.0,33322.0,21241.0,27768.5167,20238.4
2021-01-26,132284,1,25489.0,33322.0,21241.0,27768.5167,20238.4
2021-01-28,132284,1,26990.0,33322.0,22492.0,27768.5167,20238.4
2021-02-01,132284,2,25490.5,33322.0,21242.0,27768.5167,20238.4
2021-02-02,132284,2,26239.5,33322.0,21866.5,27768.5167,20238.4
2021-02-03,132284,1,26990.0,33322.0,22492.0,27768.5167,20238.4
2021-02-05,132284,4,23991.0,33322.0,19992.0,27768.5167,20238.4
2021-02-08,132284,8,23991.0,33322.0,19992.0,27768.5167,20238.4
2021-02-09,132284,4,23991.0,33322.0,19992.0,27768.5167,20238.4
2021-02-10,132284,1,24880.0,33322.0,20733.0,27768.5167,20238.4
2021-02-12,132284,4,25657.0,33322.0,21380.5,27768.5167,20238.4
2021-02-16,132284,1,27990.0,33322.0,23325.0,27768.5167,20238.4
2021-02-18,132284,4,26434.0,33322.0,22028.0,27768.5167,20238.4
2021-02-19,132284,1,24880.0,33322.0,20733.0,27768.5167,20238.4
2021-02-20,132284,1,24880.0,33322.0,20733.0,27768.5167,20238.4
2021-02-23,132284,3,24880.0,33322.0,20733.0,27768.5167,20238.4
2021-02-24,132284,1,26434.0,33322.0,22028.0,27768.5167,20238.4
2021-02-25,132284,2,26435.0,33322.0,22029.0,27768.5167,20238.4
2021-02-26,132284,3,24880.0,33322.0,20733.0,27768.5167,20238.4
2021-03-01,132284,4,24880.0,33322.0,20733.0,27768.5167,20238.4
2021-03-02,132284,1,24880.0,33322.0,20733.0,27768.5167,20238.4
2021-03-04,132284,3,24880.0,33322.0,20733.0,27768.5167,20238.4
2021-03-05,132284,1,26434.0,33322.0,22028.0,27768.5167,20238.4
2021-03-09,132284,4,25657.0,33322.0,21380.5,27768.5167,21013.94
2021-03-10,132284,2,27212.0,33322.0,22676.5,27768.5167,21013.94
2021-03-11,132284,2,24880.0,33322.0,20733.0,27768.5167,21013.94
2021-03-12,132284,6,24880.0,33322.0,20733.0,27768.5167,21013.94
2021-03-13,132284,1,26434.0,33322.0,22028.0,27768.5167,21013.94
2021-03-15,132284,10,24880.0,33322.0,20733.0,27768.5167,21013.94
2021-03-16,132284,2,25657.0,33322.0,21380.5,27768.5167,21013.94
2021-03-17,132284,2,25657.0,33322.0,21380.5,27768.5167,21013.94
2021-03-18,132284,2,26434.0,33322.0,22028.0,27768.5167,21013.94
2021-03-19,132284,1,24880.0,33322.0,20733.0,27768.5167,21013.94
2021-03-22,132284,1,27990.0,33322.0,23325.0,27768.5167,21013.94
2021-03-23,132284,2,26434.0,33322.0,22028.0,27768.5167,21013.94
2021-03-24,132284,3,24880.0,33322.0,20733.0,27768.5167,21013.94
2021-03-26,132284,3,24880.0,33322.0,20733.0,27768.5167,21013.94
2021-03-29,132284,4,24880.0,33322.0,20733.0,27768.5167,21013.94
2021-03-30,132284,1,24880.0,33322.0,20733.0,27768.5167,21013.94
2021-03-31,132284,1,27990.0,33322.0,23325.0,27768.5167,21013.94
2021-04-07,132284,1,24880.0,31100.0,20733.0,25916.6667,21013.94
2021-04-16,132284,1,27990.0,31100.0,23325.0,25916.6667,21013.94
2021-04-22,132284,2,26434.0,31100.0,22028.0,25916.6667,21013.94
2021-04-26,132284,1,26434.0,31100.0,22028.0,25916.6667,21013.94
2021-04-27,132284,1,26434.0,31100.0,22028.0,25916.6667,21013.94
2021-04-28,132284,1,27990.0,31100.0,23325.0,25916.6667,21013.94
2021-04-29,132284,1,27990.0,31100.0,23325.0,25916.6667,21013.94
2021-05-04,132284,1,26434.0,32211.0,22028.0,26842.5926,21013.94
2021-05-05,132284,1,26434.0,32211.0,22028.0,26842.5926,21013.94
2021-05-11,132284,1,26434.0,32211.0,22028.0,26842.5926,21013.94
2021-05-12,132284,1,27378.0,32211.0,22815.0,26842.5926,21013.94
2021-05-13,132284,1,26434.0,32211.0,22028.0,26842.5926,21013.94
2021-05-17,132284,2,27378.0,32211.0,22815.0,26842.5926,21013.94
2021-05-18,132284,1,28990.0,32211.0,24158.0,26842.5926,21013.94
2021-05-25,132284,2,25351.0,31100.0,21126.0,25916.6667,21013.94
2021-05-26,132284,1,24880.0,31100.0,20733.0,25916.6667,21013.94
2021-05-27,132284,1,24880.0,31100.0,20733.0,25916.6667,21013.94
2021-05-28,132284,2,25657.0,31100.0,21381.0,25916.6667,21013.94
2021-05-31,132284,3,24880.0,31100.0,20733.0,25916.6667,21013.94
2021-06-03,132284,3,24880.0,31100.0,20733.0,25916.6667,21013.94
2021-06-07,132284,1,24880.0,31100.0,20733.0,25916.6667,21013.94
2021-06-08,132284,4,24880.0,31100.0,20733.0,25916.6667,21013.94
2021-06-10,132284,2,25657.0,31100.0,21380.5,25916.6667,21013.94
2021-06-11,132284,4,24880.0,31100.0,20733.0,25916.6667,21013.94
2021-06-14,132284,4,24880.0,31100.0,20733.0,25916.6667,21013.94
2021-06-15,132284,1,24880.0,31100.0,20733.0,25916.6667,21013.94
2021-06-18,132284,1,27990.0,31100.0,23325.0,25916.6667,21013.94
2021-06-22,132284,1,26434.0,31100.0,22028.0,25916.6667,21013.94
2021-06-25,132284,1,24880.0,31100.0,20733.0,25916.6667,21013.94
2021-06-28,132284,2,24880.0,31100.0,20733.0,25916.6667,21013.94
2021-06-29,132284,3,24880.0,31100.0,20733.0,25916.6667,21013.94
2021-07-01,132284,1,24880.0,31100.0,20733.0,25916.6667,21013.94
2021-07-02,132284,2,26435.0,31100.0,22029.0,25916.6667,21013.94
2021-07-06,132284,1,24880.0,31100.0,20733.0,25916.6667,21013.94
2021-07-07,132284,1,24880.0,31100.0,20733.0,25916.6667,21013.94
2021-07-08,132284,1,24880.0,31100.0,20733.0,25916.6667,21013.9401
2021-07-09,132284,3,27990.0,31100.0,23325.0,25916.6667,21013.94
2021-07-12,132284,1,24880.0,31100.0,20733.0,25916.6667,21013.94
2021-07-13,132284,4,25657.0,31100.0,21380.5,25916.6667,21013.94
2021-07-14,132284,1,26434.0,31100.0,22028.0,25916.6667,21013.94
2021-07-15,132284,2,24880.0,31100.0,20733.0,25916.6667,21013.94
2021-07-17,132284,5,24880.0,31100.0,20733.0,25916.6667,21013.94
2021-07-19,132284,1,27990.0,31100.0,23325.0,25916.6667,21013.94
2021-07-26,132284,4,24880.0,31100.0,20733.0,25916.6667,21013.94
2021-07-28,132284,1,27990.0,31100.0,23325.0,25916.6667,21013.94
2021-07-31,132284,1,27990.0,31100.0,23325.0,25916.6667,21013.94
2021-08-02,132284,3,27990.0,31100.0,23325.0,25916.6667,21013.94
2021-08-03,132284,3,24880.0,31100.0,20733.0,25916.6667,21013.94
2021-08-04,132284,2,24880.0,31100.0,20733.0,25916.6667,21013.94
2021-08-05,132284,1,24880.0,31100.0,20733.0,25916.6667,21013.94
2021-08-06,132284,3,24880.0,31100.0,20733.0,25916.6667,21013.94
2021-08-09,132284,5,27990.0,31100.0,23325.0,25916.6667,21013.94
2021-08-10,132284,1,27990.0,31100.0,23325.0,25916.6667,21013.94
2021-08-11,132284,1,27990.0,31100.0,23325.0,25916.6667,21013.94
2021-08-12,132284,1,27990.0,31100.0,23325.0,25916.6667,21013.94
2021-08-13,132284,1,27990.0,31100.0,23325.0,25916.6667,21013.94
2021-08-14,132284,1,24880.0,31100.0,20733.0,25916.6667,21013.94
2021-08-16,132284,3,24880.0,31100.0,20733.0,25916.6667,21013.94
2021-08-17,132284,2,24880.0,31100.0,20733.0,25916.6667,21013.94
2021-08-18,132284,5,24880.0,31100.0,20733.0,25916.6667,21013.94
2021-08-19,132284,3,24880.0,31100.0,20733.0,25916.6667,21013.94
2021-08-20,132284,1,27990.0,31100.0,23325.0,25916.6667,21013.94
2021-08-23,132284,3,26434.0,31100.0,22028.0,25916.6667,21013.94
2021-08-24,132284,3,24880.0,31100.0,20733.0,25916.6667,21014.0
2021-08-27,132284,1,24880.0,31100.0,20733.0,25916.6667,21013.94
2021-08-30,132284,1,24880.0,31100.0,20733.0,25916.6667,21013.94
2021-08-31,132284,1,24880.0,31100.0,20733.0,25916.6667,21013.94
2021-09-01,132284,1,26434.0,31100.0,22028.0,25916.6667,21013.94
2021-09-02,132284,1,24880.0,31100.0,20733.0,25916.6667,21013.94
2021-09-03,132284,2,24880.0,31100.0,20733.0,25916.6667,21013.94
2021-09-07,132284,3,24880.0,31100.0,20733.0,25916.6667,21013.94
2021-09-08,132284,1,24880.0,31100.0,20733.0,25916.6667,21013.94
2021-09-10,132284,1,27990.0,31100.0,23325.0,25916.6667,21013.9401
2021-09-13,132284,6,24880.0,31100.0,20733.0,25916.6667,21013.94
2021-09-14,132284,3,24880.0,31100.0,20733.0,25916.6667,21013.94
2021-09-15,132284,5,26434.0,31100.0,22028.0,25916.6667,21013.94
2021-09-16,132284,3,27990.0,31100.0,23325.0,25916.6667,21013.94
2021-09-17,132284,4,26435.0,31100.0,22029.0,25916.6667,21013.94
2021-09-20,132284,1,27990.0,31100.0,23325.0,25916.6667,21013.94
2021-09-21,132284,2,27990.0,31100.0,23325.0,25916.6667,21013.94
2021-09-22,132284,2,27990.0,31100.0,23325.0,25916.6667,21013.94
2021-09-23,132284,1,24880.0,31100.0,20733.0,25916.6667,21013.94
2021-09-24,132284,2,27990.0,31100.0,23325.0,25916.6667,21013.94
2021-09-27,132284,2,27990.0,31100.0,23325.0,25916.6667,21013.94
2021-09-29,132284,4,24880.0,31100.0,20733.0,25916.6667,21013.94
2021-09-30,132284,1,13995.0,31100.0,11662.0,25916.6667,21013.94
2021-10-04,132284,3,24880.0,31100.0,20733.0,25916.6667,21013.94
2021-10-05,132284,2,26435.0,33322.0,22029.0,27768.5185,21013.94
2021-10-06,132284,1,24880.0,33322.0,20733.0,27768.5185,21013.94
2021-10-07,132284,1,24880.0,33322.0,20733.0,27768.5185,21013.94
2021-10-08,132284,3,24880.0,33322.0,20733.0,27768.5185,21013.94
2021-10-12,132284,3,24880.0,33322.0,20733.0,27768.5185,21013.94
2021-10-13,132284,3,27990.0,33322.0,23325.0,27768.5185,21013.94
2021-10-14,132284,3,27990.0,33322.0,23325.0,27768.5185,21013.94
2021-10-15,132284,1,29990.0,33322.0,24992.0,27768.5185,21013.94
2021-10-19,132284,2,26435.0,33322.0,22029.0,27768.5185,21013.94
2021-10-20,132284,1,27990.0,33322.0,23325.0,27768.5185,21013.94
2021-10-22,132284,2,27990.0,33322.0,23325.0,27768.5185,21013.94
2021-10-25,132284,1,27990.0,33322.0,23325.0,27768.5185,21013.94
2021-10-26,132284,3,27990.0,33322.0,23325.0,27768.5185,21013.94
2021-11-01,132284,2,27990.0,33322.0,23325.0,27768.5185,21013.94
2021-11-02,132284,2,27990.0,33322.0,23325.0,27768.5185,21013.94
2021-11-03,132284,1,27990.0,33322.0,23325.0,27768.5185,21013.94
2021-11-05,132284,1,27990.0,33322.0,23325.0,27768.5185,21013.94
2021-11-25,132284,1,27990.0,33322.0,23325.0,27768.5185,21013.94
2021-11-27,132284,2,27990.0,33322.0,23325.0,27768.5185,21013.94
2021-11-28,132284,1,23325.0,33322.0,19438.0,27768.5185,21013.94
2021-11-29,132284,4,23325.0,33322.0,19438.0,27768.5185,21013.94
2021-12-08,132284,1,23325.0,34433.0,19438.0,28694.4444,21013.94
2021-12-13,132284,1,23325.0,34433.0,19438.0,28694.4444,21013.94
2021-12-14,132284,1,23325.0,34433.0,19438.0,28694.4444,21013.94
2021-12-15,132284,5,23325.0,34433.0,19438.0,28694.4444,21013.94
2021-12-16,132284,4,25657.5,34433.0,21381.5,28694.4444,21013.94
2021-12-20,132284,2,25657.5,34433.0,21381.5,28694.4444,21013.94
2021-12-21,132284,4,23325.0,34433.0,19438.0,28694.4444,21013.94
2021-12-22,132284,1,27990.0,34433.0,23325.0,28694.4444,21013.94
2021-12-23,132284,3,23325.0,34433.0,19438.0,28694.4444,21013.94
2021-12-25,132284,1,27990.0,34433.0,23325.0,28694.4444,21013.94
2021-12-27,132284,2,23325.0,34433.0,19438.0,28694.4444,21013.94
2021-12-28,132284,1,27990.0,34433.0,23325.0,28694.4444,21013.94
