sales_data.csv
sale_date,product_id,quantity,sales_price_tax,regular_price_tax,sales_price,regular_price,purchase_price
2021-01-08,132408,2,11999.0,17211.0,9999.0,14342.5926,8207.46
2021-01-12,132408,2,11999.0,17211.0,9999.0,14342.5926,8207.46
2021-01-15,132408,1,11658.0,17211.0,9715.0,14342.5926,8207.46
2021-01-18,132408,1,12436.0,17211.0,10363.0,14342.5926,8207.46
2021-01-25,132408,1,11658.0,17211.0,9715.0,14342.5926,8207.46
2021-01-27,132408,2,11658.0,17211.0,9715.0,14342.5926,8207.46
2021-01-29,132408,1,13990.0,17211.0,11658.0,14342.5926,8207.46
2021-02-03,132408,1,11990.0,17211.0,9992.0,14342.5926,8207.46
2021-02-04,132408,1,11658.0,17211.0,9715.0,14342.5926,8207.46
2021-02-05,132408,1,11658.0,17211.0,9715.0,14342.5926,8207.46
2021-02-08,132408,2,11658.0,17211.0,9715.0,14342.5926,7787.76
2021-02-09,132408,1,15490.0,17211.0,12908.0,14342.5926,7368.06
2021-02-10,132408,1,11658.0,17211.0,9715.0,14342.5926,7368.06
2021-02-24,132408,1,11999.0,17211.0,9999.0,14342.5926,7368.06
2021-03-04,132408,1,13769.0,17211.0,11474.0,14342.5926,7368.06
2021-03-05,132408,2,14573.5,17211.0,12145.0,14342.5926,7368.06
2021-03-13,132408,1,14990.0,17211.0,12492.0,14342.5926,7368.06
2021-03-15,132408,2,9990.0,17211.0,8325.0,14342.5926,7787.76
2021-03-17,132408,3,9990.0,17211.0,8325.0,14342.5926,7368.06
2021-03-18,132408,1,9990.0,17211.0,8325.0,14342.5926,7368.06
2021-03-19,132408,28,9990.0,17211.0,8325.0,14342.5926,7368.06
2021-03-20,132408,3,9990.0,17211.0,8325.0,14342.5926,9326.664
2021-03-22,132408,7,9990.0,17211.0,8325.0,14342.5926,7368.06
2021-03-23,132408,19,9990.0,17211.0,8325.0,14342.5926,7368.06
2021-03-24,132408,6,9990.0,17211.0,8325.0,14342.5926,7368.06
2021-03-25,132408,3,9990.0,17211.0,8325.0,14342.5926,7368.06
2021-03-26,132408,1,9990.0,17211.0,8325.0,14342.5926,7368.06
2021-03-27,132408,3,9990.0,17211.0,8325.0,14342.5926,7368.06
2021-03-29,132408,6,9990.0,17211.0,8325.0,14342.5926,7787.76
2021-03-30,132408,2,9990.0,17211.0,8325.0,14342.5926,7787.76
2021-03-31,132408,6,9990.0,17211.0,8325.0,14342.5926,7787.76
2021-04-02,132408,4,9990.0,17211.0,8325.0,14342.5926,7368.06
2021-04-06,132408,1,9990.0,16656.0,8325.0,13879.6296,7368.06
2021-04-09,132408,2,9990.0,16656.0,8325.0,13879.6296,7368.06
2021-04-12,132408,2,9990.0,17211.0,8325.0,14342.5926,7368.06
2021-04-13,132408,1,9990.0,17211.0,8325.0,14342.5926,7368.06
2021-04-14,132408,1,9990.0,17211.0,8325.0,14342.5926,8860.33
2021-04-15,132408,5,9990.0,17211.0,8325.0,14342.5926,8207.46
2021-04-16,132408,7,9990.0,17211.0,8325.0,14342.5926,7927.67
2021-04-19,132408,4,9990.0,17211.0,8325.0,14342.5926,7927.67
2021-04-20,132408,9,9990.0,17211.0,8325.0,14342.5926,7927.67
2021-04-21,132408,3,9990.0,17211.0,8325.0,14342.5926,7927.67
2021-04-22,132408,7,9990.0,17211.0,8325.0,14342.5926,7927.67
2021-04-23,132408,5,9990.0,17211.0,8325.0,14342.5926,7927.67
2021-04-26,132408,6,9990.0,17211.0,8325.0,14342.5926,7927.67
2021-04-27,132408,7,9990.0,17211.0,8325.0,14342.5926,7927.67
2021-04-28,132408,11,9990.0,17211.0,8325.0,14342.5926,8207.46
2021-04-29,132408,6,9990.0,17211.0,8325.0,14342.5926,8533.89495
2021-04-30,132408,1,9990.0,17211.0,8325.0,14342.5926,7368.06
2021-05-01,132408,1,9990.0,17211.0,8325.0,14342.5926,7134.9
2021-05-04,132408,5,9990.0,17211.0,8325.0,14342.5926,7927.67
2021-05-05,132408,12,9990.0,17211.0,8325.0,14342.5926,7927.66
2021-05-06,132408,8,9990.0,17211.0,8325.0,14342.5926,7927.66
2021-05-07,132408,10,9990.0,17211.0,8325.0,14342.5926,7927.66
2021-05-08,132408,1,9990.0,17211.0,8325.0,14342.5926,7927.66
2021-05-10,132408,2,9990.0,17211.0,8325.0,14342.5926,7927.66
2021-05-11,132408,3,9990.0,17211.0,8325.0,14342.5926,7927.66
2021-05-12,132408,2,14629.0,17211.0,12191.0,14342.5926,7927.66
2021-05-14,132408,4,9990.0,17211.0,8325.0,14342.5926,7927.66
2021-05-17,132408,1,9990.0,17211.0,8325.0,14342.5926,7927.66
2021-05-18,132408,1,9990.0,17211.0,8325.0,14342.5926,7927.66
2021-05-19,132408,2,11449.0,17211.0,9541.0,14342.5926,8067.559999999999
2021-05-20,132408,1,9990.0,17211.0,8325.0,14342.5926,7368.06
2021-05-21,132408,1,9990.0,17211.0,8325.0,14342.5926,7927.66
2021-05-27,132408,1,15490.0,17211.0,12908.0,14342.5926,8860.3299
2021-06-04,132408,1,9990.0,17211.0,8325.0,14342.5926,7134.9
2021-06-05,132408,1,12908.0,17211.0,10757.0,14342.5926,7927.66
2021-06-08,132408,1,12908.0,17211.0,10757.0,14342.5926,7927.66
2021-06-11,132408,2,12740.0,17211.0,10616.5,14342.5926,7927.66
2021-06-14,132408,3,9158.0,17211.0,7632.0,14342.5926,7927.66
2021-06-19,132408,1,10990.0,17211.0,9158.0,14342.5926,9326.664
2021-06-22,132408,2,10074.0,17211.0,8395.0,14342.5926,7927.66
2021-06-23,132408,1,10990.0,17211.0,9158.0,14342.5926,7927.66
2021-06-25,132408,1,10990.0,17211.0,9158.0,14342.5926,7927.66
2021-06-27,132408,1,10990.0,17211.0,9158.0,14342.5926,9326.664
2021-06-28,132408,1,10990.0,17211.0,9158.0,14342.5926,9326.664
2021-06-29,132408,2,13240.0,17211.0,11033.0,14342.5926,9326.664
2021-07-01,132408,5,10990.0,17211.0,9158.0,14342.5926,9326.664
2021-07-02,132408,1,10990.0,15544.0,9158.0,12953.7037,7927.66
2021-07-03,132408,1,11658.0,15544.0,9715.0,12953.7037,9326.664
2021-07-08,132408,3,11658.0,15544.0,9715.0,12953.7037,9326.664
2021-07-12,132408,1,13990.0,15544.0,11658.0,12953.7037,7554.6
2021-07-22,132408,1,13990.0,15544.0,11658.0,12953.7037,7554.6
2021-07-29,132408,1,11658.0,15544.0,9715.0,12953.7037,7554.6
2021-07-31,132408,2,11324.0,15544.0,9436.5,12953.7037,7741.13
2021-08-02,132408,2,11328.5,15544.0,9440.5,12953.7037,8440.632000000001
2021-08-03,132408,1,10999.0,15544.0,9166.0,12953.7037,9326.664
2021-08-04,132408,3,10999.0,15544.0,9166.0,12953.7037,9326.664
2021-08-05,132408,3,10999.0,15544.0,9166.0,12953.7037,7927.66
2021-08-10,132408,1,10999.0,15544.0,9166.0,12953.7037,7554.6
2021-08-12,132408,1,10999.0,15544.0,9166.0,12953.7037,9326.664
2021-08-16,132408,1,10999.0,15544.0,9166.0,12953.7037,9326.664
2021-08-17,132408,1,10999.0,15544.0,9166.0,12953.7037,9326.664
2021-08-20,132408,2,10999.0,15544.0,9166.0,12953.7037,8440.632000000001
2021-08-23,132408,1,10999.0,15544.0,9166.0,12953.7037,9326.664
2021-08-24,132408,3,10999.0,15544.0,9166.0,12953.7037,9326.664
2021-08-30,132408,2,10494.5,15544.0,8745.5,12953.7037,9326.664
2021-08-31,132408,1,10999.0,15544.0,9166.0,12953.7037,9326.664
2021-09-02,132408,2,10999.0,17767.0,9166.0,14805.5556,9326.664
2021-09-03,132408,1,10999.0,17767.0,9166.0,14805.5556,9326.664
2021-09-06,132408,2,10999.0,17767.0,9166.0,14805.5556,9326.664
2021-09-08,132408,1,15990.0,17767.0,13325.0,14805.5556,9326.664
2021-09-14,132408,1,13324.0,17767.0,11103.0,14805.5556,7554.6
2021-09-16,132408,1,13324.0,17767.0,11103.0,14805.5556,9326.664
2021-09-17,132408,1,13324.0,17767.0,11103.0,14805.5556,9326.664
2021-09-18,132408,1,13324.0,17767.0,11103.0,14805.5556,9326.664
2021-10-05,132408,1,15101.0,17767.0,12584.0,14805.5556,9326.664
2021-10-20,132408,1,13324.0,17767.0,11103.0,14805.5556,7927.66
2021-10-21,132408,1,13324.0,17767.0,11103.0,14805.5556,9326.664
2021-10-22,132408,2,11241.0,17767.0,9367.5,14805.5556,9620.232
2021-10-26,132408,2,10990.0,17767.0,9158.0,14805.5556,9913.8
2021-10-29,132408,1,10990.0,17767.0,9158.0,14805.5556,9913.8
2021-10-30,132408,1,10990.0,17767.0,9158.0,14805.5556,9326.664
2021-11-01,132408,3,10990.0,17767.0,9158.0,14805.5556,9326.664
2021-11-02,132408,1,10990.0,17767.0,9158.0,14805.5556,7927.66
2021-11-03,132408,1,10990.0,17767.0,9158.0,14805.5556,9913.8
2021-11-04,132408,2,10490.0,17767.0,8741.5,14805.5556,9913.8
2021-11-05,132408,3,9990.0,17767.0,8325.0,14805.5556,7134.9
2021-11-06,132408,2,9990.0,17767.0,8325.0,14805.5556,9326.664
2021-11-07,132408,1,9990.0,17767.0,8325.0,14805.5556,9326.664
2021-11-08,132408,2,9990.0,17767.0,8325.0,14805.5556,9620.232
2021-11-09,132408,1,9990.0,17767.0,8325.0,14805.5556,9913.8
2021-11-10,132408,5,9990.0,17767.0,8325.0,14805.5556,9913.8
2021-11-11,132408,1,9990.0,17767.0,8325.0,14805.5556,9913.8
2021-11-13,132408,4,9990.0,17767.0,8325.0,14805.5556,9913.8
2021-11-14,132408,1,9990.0,17767.0,8325.0,14805.5556,9913.8001
2021-11-15,132408,7,9990.0,17767.0,8325.0,14805.5556,9913.8
2021-11-16,132408,2,9990.0,17767.0,8325.0,14805.5556,9428.9
2021-11-17,132408,5,9990.0,17767.0,8325.0,14805.5556,9913.8
2021-11-18,132408,3,9990.0,17767.0,8325.0,14805.5556,9913.8
2021-11-19,132408,1,9990.0,17767.0,8325.0,14805.5556,9913.8
2021-11-23,132408,1,9990.0,17767.0,8325.0,14805.5556,9913.8
2021-11-24,132408,2,9990.0,17767.0,8325.0,14805.5556,9913.8
2021-11-25,132408,7,9990.0,17767.0,8325.0,14805.5556,9913.8
2021-11-26,132408,1,9990.0,17767.0,8325.0,14805.5556,7927.6701
2021-11-27,132408,4,9990.0,17767.0,8325.0,14805.5556,9913.80005
2021-11-30,132408,4,9990.0,17767.0,8325.0,14805.5556,9620.232
2021-12-02,132408,1,15101.0,17767.0,12584.0,14805.5556,8944.0
2021-12-04,132408,1,9990.0,17767.0,8325.0,14805.5556,7554.6
2021-12-06,132408,4,9990.0,17767.0,8325.0,14805.5556,9135.332
2021-12-07,132408,4,9990.0,17767.0,8325.0,14805.5556,10660.0
2021-12-14,132408,2,9990.0,17767.0,8325.0,14805.5556,10660.0
2021-12-15,132408,1,9990.0,17767.0,8325.0,14805.5556,10660.0
2021-12-30,132408,1,12437.0,17767.0,10364.0,14805.5556,10660.0
2021-12-31,132408,2,12437.0,17767.0,10364.0,14805.5556,10660.0
2021-01-08,136250,1,1244.0,1777.0,1037.0,1480.5556,885.0
2021-01-12,136250,1,1244.0,1777.0,1037.0,1480.5556,885.0
2021-01-13,136250,3,1244.0,1777.0,1037.0,1480.5556,885.0
2021-01-14,136250,1,1599.0,1777.0,1332.0,1480.5556,885.0
2021-01-15,136250,3,1510.0,1777.0,1258.0,1480.5556,885.0
2021-01-21,136250,3,1769.0,1777.0,1474.0,1480.5556,885.0
2021-02-02,136250,1,1325.0,1777.0,1104.0,1480.5556,885.0
2021-02-04,136250,2,1509.5,2767.0,1258.0,2305.5583,885.0
2021-02-05,136250,1,1990.0,2767.0,1658.0,2305.5583,885.0
2021-02-10,136250,2,1740.0,2767.0,1450.0,2305.5583,885.0
2021-03-12,136250,1,1990.0,2767.0,1658.0,2305.5583,980.0
2021-03-16,136250,1,1990.0,2767.0,1658.0,2305.5583,885.0
2021-03-24,136250,1,1990.0,2767.0,1658.0,2305.5583,885.0
2021-03-26,136250,1,1990.0,2767.0,1658.0,2305.5583,885.0
2021-03-29,136250,2,1990.0,2767.0,1658.0,2305.5583,885.0
2021-03-30,136250,1,1244.0,2767.0,1037.0,2305.5583,885.0
2021-03-31,136250,1,1990.0,2767.0,1658.0,2305.5583,885.0
2021-04-05,136250,2,1490.0,2767.0,1241.5,2305.5583,932.5
2021-04-06,136250,3,990.0,2767.0,825.0,2305.5583,980.0
2021-04-07,136250,2,1490.0,2767.0,1241.5,2305.5583,932.5
2021-04-08,136250,4,990.0,2767.0,825.0,2305.5583,932.5
2021-04-09,136250,1,990.0,2767.0,825.0,2305.5583,885.0
2021-04-10,136250,4,990.0,2767.0,825.0,2305.5583,932.5
2021-04-11,136250,1,990.0,2767.0,825.0,2305.5583,980.0
2021-04-12,136250,7,990.0,2767.0,825.0,2305.5583,916.666666
2021-04-13,136250,7,990.0,2767.0,825.0,2305.5583,980.0
2021-04-14,136250,4,990.0,2767.0,825.0,2305.5583,980.0
2021-04-15,136250,8,990.0,2767.0,825.0,2305.5583,980.0
2021-04-16,136250,5,990.0,2767.0,825.0,2305.5583,980.0
2021-04-17,136250,1,990.0,2767.0,825.0,2305.5583,980.0
2021-04-18,136250,1,990.0,2767.0,825.0,2305.5583,980.0
2021-04-19,136250,9,990.0,2767.0,825.0,2305.5583,980.0
2021-04-20,136250,2,954.0,2767.0,795.0,2305.5583,980.0
2021-04-21,136250,9,990.0,2767.0,825.0,2305.5583,980.0
2021-04-22,136250,10,990.0,2767.0,825.0,2305.5583,980.0
2021-04-23,136250,2,990.0,2767.0,825.0,2305.5583,980.0
2021-04-26,136250,1,2490.0,2767.0,2075.0,2305.5583,980.0
2021-04-29,136250,1,990.0,2767.0,825.0,2305.5583,980.0
2021-05-05,136250,1,2075.0,2211.0,1729.0,1842.5926,980.0
2021-05-11,136250,1,1879.0,2211.0,1566.0,1842.5926,980.0
2021-05-13,136250,1,1658.0,2211.0,1382.0,1842.5926,980.0
2021-05-14,136250,1,1990.0,2211.0,1658.0,1842.5926,980.0
2021-05-20,136250,1,1244.0,2211.0,1037.0,1842.5926,980.0
2021-06-07,136250,1,1990.0,2211.0,1658.0,1842.5926,980.0
2021-06-10,136250,1,1990.0,2211.0,1658.0,1842.5926,885.0
2021-06-15,136250,4,1290.0,2211.0,1075.0,1842.5926,980.0
2021-06-17,136250,3,1290.0,2211.0,1075.0,1842.5926,980.0
2021-06-21,136250,2,1290.0,2211.0,1075.0,1842.5926,980.0
2021-06-22,136250,4,1161.0,2211.0,968.0,1842.5926,932.5
2021-06-23,136250,4,1290.0,2211.0,1075.0,1842.5926,932.5
2021-06-24,136250,2,1290.0,2211.0,1075.0,1842.5926,980.0
2021-06-25,136250,1,1161.0,2211.0,968.0,1842.5926,980.0
2021-07-08,136250,1,1990.0,2211.0,1658.0,1842.5926,980.0
2021-07-12,136250,1,1990.0,2211.0,1658.0,1842.5926,980.0
2021-07-19,136250,2,1934.5,2211.0,1612.0,1842.5926,980.0
2021-07-21,136250,1,1658.0,2211.0,1382.0,1842.5926,980.0
2021-07-23,136250,1,1990.0,2211.0,1658.0,1842.5926,980.0
2021-07-28,136250,2,1658.0,2211.0,1382.0,1842.5926,980.0
2021-08-03,136250,1,1879.0,2211.0,1566.0,1842.5926,980.0
2021-08-04,136250,1,1658.0,2211.0,1382.0,1842.5926,980.0
2021-08-18,136250,1,990.0,2211.0,825.0,1842.5926,980.0
2021-08-21,136250,1,1658.0,2211.0,1382.0,1842.5926,980.0
2021-09-02,136250,2,990.0,2211.0,825.0,1842.5926,980.0
2021-09-03,136250,1,990.0,2211.0,825.0,1842.5926,980.0
2021-09-04,136250,2,990.0,2211.0,825.0,1842.5926,980.0
2021-09-06,136250,2,990.0,2211.0,825.0,1842.5926,980.0
2021-09-07,136250,9,990.0,2211.0,825.0,1842.5926,980.0
2021-09-08,136250,5,990.0,2211.0,825.0,1842.5926,980.0
2021-09-09,136250,6,990.0,2211.0,825.0,1842.5926,980.0
2021-09-10,136250,11,990.0,2211.0,825.0,1842.5926,980.0
2021-09-11,136250,3,990.0,2211.0,825.0,1842.5926,980.0
2021-09-13,136250,13,990.0,2211.0,825.0,1842.5926,980.0
2021-09-14,136250,10,990.0,2211.0,825.0,1842.5926,980.0
2021-09-15,136250,8,990.0,2211.0,825.0,1842.5926,980.0
2021-09-16,136250,17,990.0,2211.0,825.0,1842.5926,980.0
2021-09-17,136250,11,990.0,2211.0,825.0,1842.5926,980.0
2021-09-18,136250,6,990.0,2211.0,825.0,1842.5926,980.0
2021-09-19,136250,1,990.0,2211.0,825.0,1842.5926,1050.0
2021-09-20,136250,20,990.0,2211.0,825.0,1842.5926,980.0
2021-09-21,136250,10,990.0,2211.0,825.0,1842.5926,980.0
2021-09-22,136250,9,990.0,2211.0,825.0,1842.5926,980.0
2021-09-23,136250,21,990.0,2211.0,825.0,1842.5926,980.0
2021-09-24,136250,14,990.0,2211.0,825.0,1842.5926,980.0
2021-09-27,136250,5,990.0,2211.0,825.0,1842.5926,980.0
2021-09-28,136250,16,990.0,2211.0,825.0,1842.5926,980.0
2021-09-29,136250,7,990.0,2211.0,825.0,1842.5926,980.0
2021-09-30,136250,9,990.0,2211.0,825.0,1842.5926,980.0
2021-10-01,136250,2,990.0,2211.0,825.0,1842.5926,1015.0
2021-10-02,136250,1,990.0,2211.0,825.0,1842.5926,980.0
2021-10-04,136250,2,990.0,2211.0,825.0,1842.5926,1015.0
2021-10-05,136250,1,1990.0,2211.0,1658.0,1842.5926,980.0
2021-10-06,136250,4,990.0,2211.0,825.0,1842.5926,980.0
2021-10-07,136250,6,990.0,2211.0,825.0,1842.5926,980.0
2021-10-08,136250,2,990.0,2211.0,825.0,1842.5926,980.0
2021-10-12,136250,1,1990.0,2211.0,1658.0,1842.5926,980.0
2021-10-14,136250,1,1990.0,2211.0,1658.0,1842.5926,1050.0
2021-10-16,136250,2,1658.0,2211.0,1382.0,1842.5926,980.0
2021-10-17,136250,1,1658.0,2211.0,1382.0,1842.5926,980.0
2021-10-19,136250,1,1879.0,2211.0,1566.0,1842.5926,980.0
2021-10-21,136250,1,1658.0,2211.0,1382.0,1842.5926,980.0
2021-10-26,136250,1,1990.0,2211.0,1658.0,1842.5926,980.0
2021-10-28,136250,1,990.0,2211.0,825.0,1842.5926,980.0
2021-10-29,136250,1,1290.0,2211.0,1075.0,1842.5926,980.0
2021-10-30,136250,1,1290.0,2211.0,1075.0,1842.5926,1050.0
2021-11-01,136250,2,1290.0,2211.0,1075.0,1842.5926,980.0
2021-11-02,136250,2,1290.0,2211.0,1075.0,1842.5926,980.0
2021-11-08,136250,2,1290.0,2211.0,1075.0,1842.5926,932.5
2021-11-09,136250,2,1658.0,2211.0,1382.0,1842.5926,980.0
2021-11-15,136250,1,1990.0,2211.0,1658.0,1842.5926,980.0
2021-11-16,136250,1,1990.0,2211.0,1658.0,1842.5926,980.0
2021-11-18,136250,1,1490.0,2211.0,1242.0,1842.5926,980.0
2021-11-19,136250,2,1490.0,2211.0,1242.0,1842.5926,980.0
2021-11-25,136250,1,1990.0,2211.0,1658.0,1842.5926,980.0
2021-12-06,136250,1,1658.0,2211.0,1382.0,1842.5926,1050.0
2021-12-10,136250,1,1244.0,2211.0,1037.0,1842.5926,1050.0
2021-12-30,136250,1,1990.0,2211.0,1658.0,1842.5926,980.0
