sales_data.csv
sale_date,product_id,quantity,sales_price_tax,regular_price_tax,sales_price,regular_price,purchase_price
2021-01-08,145377,5,1785.0,2100.0,1488.0,1750.0,1060.0
2021-01-11,145377,2,1890.0,2100.0,1575.0,1750.0,1060.0
2021-01-12,145377,1,1785.0,2100.0,1488.0,1750.0,1050.0
2021-01-13,145377,1,1890.0,2100.0,1575.0,1750.0,1060.0
2021-01-14,145377,1,1890.0,2100.0,1575.0,1750.0,1060.0
2021-01-17,145377,1,1680.0,2100.0,1400.0,1750.0,1060.0
2021-01-18,145377,3,1890.0,2100.0,1575.0,1750.0,1060.0
2021-01-22,145377,2,1785.0,2100.0,1487.5,1750.0,1060.0
2021-01-26,145377,1,1890.0,2100.0,1575.0,1750.0,1060.0
2021-01-28,145377,1,1890.0,2100.0,1575.0,1750.0,1060.0
2021-02-01,145377,1,1890.0,2100.0,1575.0,1750.0,1060.0
2021-02-02,145377,1,1890.0,2100.0,1575.0,1750.0,1060.0
2021-02-03,145377,2,1890.0,2100.0,1575.0,1750.0,1060.0
2021-02-09,145377,1,1867.0,2100.0,1556.0,1750.0,1060.0
2021-02-10,145377,2,1190.0,2100.0,992.0,1750.0,1060.0
2021-02-12,145377,2,1190.0,2100.0,992.0,1750.0,1060.0
2021-02-13,145377,2,1190.0,2100.0,992.0,1750.0,1060.0
2021-02-14,145377,1,1190.0,2100.0,992.0,1750.0,1060.0
2021-02-15,145377,1,1190.0,2100.0,992.0,1750.0,860.0
2021-02-16,145377,1,1190.0,2100.0,992.0,1750.0,1060.0
2021-02-17,145377,1,1190.0,2100.0,992.0,1750.0,1060.0
2021-02-19,145377,2,1190.0,2100.0,992.0,1750.0,1060.0
2021-02-23,145377,9,1190.0,2100.0,992.0,1750.0,860.0
2021-02-24,145377,2,1190.0,2100.0,992.0,1750.0,860.0
2021-02-25,145377,1,1190.0,2100.0,992.0,1750.0,860.0
2021-03-03,145377,1,1190.0,2100.0,992.0,1750.0,860.0
2021-03-04,145377,1,1190.0,2100.0,992.0,1750.0,860.0
2021-03-05,145377,4,1680.0,2100.0,1400.0,1750.0,860.0
2021-03-08,145377,9,1785.0,2100.0,1487.5,1750.0,860.0
2021-03-09,145377,1,1190.0,2100.0,992.0,1750.0,1060.0
2021-03-10,145377,3,1487.5,2100.0,1240.0,1750.0,860.0
2021-03-11,145377,2,1732.5,2100.0,1444.0,1750.0,960.0
2021-03-12,145377,3,1190.0,2100.0,992.0,1750.0,860.0
2021-03-13,145377,2,1487.5,2100.0,1240.0,1750.0,860.0
2021-03-15,145377,11,1190.0,2100.0,992.0,1750.0,960.0
2021-03-16,145377,6,1190.0,2100.0,992.0,1750.0,860.0
2021-03-17,145377,2,1190.0,2100.0,992.0,1750.0,860.0
2021-03-18,145377,4,1190.0,2100.0,992.0,1750.0,860.0
2021-03-19,145377,8,1190.0,2100.0,992.0,1750.0,860.0
2021-03-20,145377,3,1190.0,2100.0,992.0,1750.0,860.0
2021-03-22,145377,5,1190.0,2100.0,992.0,1750.0,860.0
2021-03-23,145377,4,1190.0,2100.0,992.0,1750.0,860.0
2021-03-24,145377,5,1190.0,2100.0,992.0,1750.0,860.0
2021-03-25,145377,4,1190.0,2100.0,992.0,1750.0,860.0
2021-03-26,145377,1,1190.0,2100.0,992.0,1750.0,860.0
2021-03-27,145377,3,1190.0,2100.0,992.0,1750.0,860.0
2021-03-29,145377,7,1190.0,2100.0,992.0,1750.0,860.0
2021-03-30,145377,13,1190.0,2100.0,992.0,1750.0,860.0
2021-03-31,145377,15,1190.0,2100.0,992.0,1750.0,860.0
2021-04-01,145377,5,1190.0,2100.0,992.0,1750.0,860.0
2021-04-02,145377,3,1890.0,2100.0,1575.0,1750.0,860.0
2021-04-03,145377,2,1190.0,2100.0,992.0,1750.0,860.0
2021-04-05,145377,4,1190.0,2100.0,992.0,1750.0,860.0
2021-04-07,145377,1,1890.0,2100.0,1575.0,1750.0,860.0
2021-04-08,145377,1,1890.0,2100.0,1575.0,1750.0,860.0
2021-04-12,145377,1,1890.0,2100.0,1575.0,1750.0,860.0
2021-04-13,145377,4,1190.0,2100.0,992.0,1750.0,860.0
2021-04-14,145377,8,1190.0,2100.0,992.0,1750.0,860.0
2021-04-15,145377,17,1190.0,2100.0,992.0,1750.0,860.0
2021-04-16,145377,5,1190.0,2100.0,992.0,1750.0,860.0
2021-04-18,145377,1,1190.0,2100.0,992.0,1750.0,1060.0
2021-04-19,145377,6,1190.0,2100.0,992.0,1750.0,860.0
2021-04-20,145377,7,1190.0,2100.0,992.0,1750.0,860.0
2021-04-21,145377,3,1190.0,2100.0,992.0,1750.0,860.0
2021-04-22,145377,9,1190.0,2100.0,992.0,1750.0,860.0
2021-04-23,145377,7,1190.0,2100.0,992.0,1750.0,860.0
2021-04-26,145377,10,1190.0,2100.0,992.0,1750.0,860.0
2021-04-27,145377,2,1190.0,2100.0,992.0,1750.0,860.0
2021-04-28,145377,2,1190.0,2100.0,992.0,1750.0,860.0
2021-04-29,145377,7,1190.0,2100.0,992.0,1750.0,860.0
2021-05-04,145377,1,1190.0,2100.0,992.0,1750.0,1060.0
2021-05-05,145377,7,1190.0,2100.0,992.0,1750.0,1060.0
2021-05-06,145377,1,1190.0,2100.0,992.0,1750.0,1060.0
2021-05-08,145377,1,1190.0,2100.0,992.0,1750.0,1060.0
2021-05-12,145377,1,1190.0,2100.0,992.0,1750.0,860.0
2021-05-13,145377,1,1190.0,2100.0,992.0,1750.0,1060.0
2021-05-17,145377,3,1190.0,2100.0,992.0,1750.0,860.0
2021-05-20,145377,1,1190.0,2100.0,992.0,1750.0,860.0
2021-05-21,145377,1,1190.0,2100.0,992.0,1750.0,1060.0
2021-05-24,145377,3,1190.0,2100.0,992.0,1750.0,860.0
2021-05-25,145377,1,1190.0,2100.0,992.0,1750.0,1060.0
2021-06-02,145377,2,1190.0,2100.0,992.0,1750.0,1060.0
2021-06-08,145377,1,1190.0,2100.0,992.0,1750.0,860.0
2021-06-10,145377,2,1190.0,2100.0,992.0,1750.0,860.0
2021-06-15,145377,1,1190.0,2100.0,992.0,1750.0,1060.0
2021-06-21,145377,1,1890.0,2100.0,1575.0,1750.0,860.0
2021-06-22,145377,1,1785.0,2100.0,1488.0,1750.0,860.0
2021-06-24,145377,1,1890.0,2100.0,1575.0,1750.0,860.0
2021-06-25,145377,1,1190.0,2100.0,992.0,1750.0,860.0
2021-07-27,145377,1,1890.0,2100.0,1575.0,1750.0,860.0
2021-07-29,145377,1,1890.0,2100.0,1575.0,1750.0,860.0
2021-08-09,145377,1,1890.0,2100.0,1575.0,1750.0,860.0
2021-08-11,145377,1,1890.0,2100.0,1575.0,1750.0,860.0
2021-08-19,145377,1,1290.0,2100.0,1075.0,1750.0,1060.0
2021-09-23,145377,1,1890.0,2100.0,1575.0,1750.0,860.0
2021-01-08,156095,1,3890.0,4322.0,3242.0,3601.85,2616.7466
2021-01-11,156095,1,3890.0,4322.0,3242.0,3601.85,2616.7466
2021-01-18,156095,1,3890.0,4322.0,3242.0,3601.85,2361.646
2021-01-19,156095,6,3290.0,4322.0,2742.0,3601.85,2584.1784
2021-01-20,156095,4,3290.0,3878.0,2742.0,3231.4815,2584.1784
2021-01-21,156095,3,3890.0,3878.0,3242.0,3231.4815,2584.1784
2021-01-22,156095,11,3290.0,3878.0,2742.0,3231.4815,2584.1784
2021-01-23,156095,1,3490.0,3878.0,2908.0,3231.4815,2616.7466
2021-01-25,156095,3,3290.0,3878.0,2742.0,3231.4815,2584.1784
2021-01-26,156095,12,3290.0,3878.0,2742.0,3231.4815,2584.1784
2021-01-27,156095,2,3390.0,3878.0,2825.0,3231.4815,2584.1784
2021-01-28,156095,1,3290.0,3878.0,2742.0,3231.4815,2584.1784
2021-02-01,156095,2,3490.0,3878.0,2908.0,3231.4815,2584.1784
2021-02-02,156095,1,3490.0,3878.0,2908.0,3231.4815,2584.1784
2021-02-04,156095,1,3490.0,3878.0,2908.0,3231.4815,2584.1784
2021-02-06,156095,2,3490.0,3878.0,2908.0,3231.4815,2584.1784
2021-02-08,156095,1,3490.0,3878.0,2908.0,3231.4815,2584.1784
2021-02-09,156095,4,3490.0,3878.0,2908.0,3231.4815,2375.0287
2021-02-10,156095,1,3296.0,3878.0,2747.0,3231.4815,2375.0287
2021-02-12,156095,4,3490.0,3878.0,2908.0,3231.4815,2375.0287
2021-02-18,156095,1,3102.0,3878.0,2585.0,3231.4815,2375.0287
2021-02-19,156095,3,3102.0,3878.0,2585.0,3231.4815,2584.1784
2021-02-22,156095,2,3393.0,3878.0,2827.5,3231.4815,2479.60355
2021-02-23,156095,7,3393.0,3878.0,2827.5,3231.4815,2375.0287
2021-02-25,156095,22,3296.0,3878.0,2747.0,3231.4815,2375.0287
2021-03-01,156095,1,3490.0,3878.0,2908.0,3231.4815,2375.0287
2021-03-03,156095,1,3490.0,4100.0,2908.0,3416.6667,2375.0287
2021-03-04,156095,1,3296.0,4100.0,2747.0,3416.6667,2375.0287
2021-03-05,156095,3,3102.0,4100.0,2585.0,3416.6667,2375.0287
2021-03-08,156095,23,3102.0,4100.0,2585.0,3416.6667,2361.646
2021-03-09,156095,6,3490.0,4100.0,2908.0,3416.6667,2361.646
2021-03-10,156095,1,3280.0,4100.0,2733.0,3416.6667,2361.646
2021-03-11,156095,1,3485.0,4100.0,2904.0,3416.6667,2361.646
2021-03-12,156095,1,3102.0,4100.0,2585.0,3416.6667,2375.0287
2021-03-13,156095,1,3485.0,4100.0,2904.0,3416.6667,2375.0287
2021-03-15,156095,8,3485.0,4100.0,2904.0,3416.6667,2375.0287
2021-03-16,156095,6,3690.0,4100.0,3075.0,3416.6667,2375.0287
2021-03-17,156095,7,3190.0,4100.0,2658.0,3416.6667,2375.0287
2021-03-18,156095,14,3190.0,4100.0,2658.0,3416.6667,2375.0287
2021-03-19,156095,13,3190.0,4100.0,2658.0,3416.6667,2375.0287
2021-03-23,156095,5,3190.0,4100.0,2658.0,3416.6667,2375.0287
2021-03-24,156095,6,3190.0,4100.0,2658.0,3416.6667,2375.0287
2021-03-25,156095,2,3235.0,4100.0,2695.5,3416.6667,2375.0287
2021-03-26,156095,4,3280.0,4100.0,2733.0,3416.6667,2375.0287
2021-03-27,156095,3,3280.0,4100.0,2733.0,3416.6667,2375.0287
2021-03-29,156095,15,3235.0,4100.0,2695.5,3416.6667,2375.0287
2021-03-30,156095,32,3280.0,4100.0,2733.0,3416.6667,2375.0287
2021-03-31,156095,7,3280.0,4100.0,2733.0,3416.6667,2375.0287
2021-04-02,156095,6,3485.0,4100.0,2904.0,3416.6667,2361.646
2021-04-05,156095,2,3280.0,4100.0,2733.0,3416.6667,2375.0287
2021-04-07,156095,2,3690.0,4100.0,3075.0,3416.6667,2472.9122
2021-04-09,156095,7,3690.0,4100.0,3075.0,3416.6667,2361.646
2021-04-12,156095,1,3690.0,4100.0,3075.0,3416.6667,2361.646
2021-04-13,156095,3,3690.0,4100.0,3075.0,3416.6667,2361.646
2021-04-15,156095,1,3690.0,4100.0,3075.0,3416.6667,2375.0287
2021-05-18,156095,1,3485.0,4100.0,2904.0,3416.6667,2375.0287
2021-05-24,156095,1,3690.0,4100.0,3075.0,3416.6667,2375.0287
2021-05-25,156095,1,3690.0,4100.0,3075.0,3416.6667,2375.0287
2021-06-10,156095,1,3690.0,4100.0,3075.0,3416.6667,2361.646
2021-07-20,156095,1,3690.0,4100.0,3075.0,3416.6667,2375.0287
2021-07-26,156095,6,3296.0,4100.0,2747.0,3416.6667,2375.0287
2021-01-12,133888,1,4240.0,5544.0,3533.0,4620.3704,2694.0
2021-01-18,133888,1,3742.0,5544.0,3118.0,4620.3704,2694.0
2021-01-19,133888,3,4240.0,5544.0,3533.0,4620.3704,2843.67
2021-01-21,133888,1,4490.0,5544.0,3742.0,4620.3704,2694.0
2021-01-22,133888,1,3991.0,5544.0,3326.0,4620.3704,2694.0
2021-01-26,133888,1,3991.0,5544.0,3326.0,4620.3704,2694.0
2021-01-30,133888,1,3742.0,5544.0,3118.0,4620.3704,2694.0
2021-02-02,133888,1,4240.0,5544.0,3533.0,4620.3704,2993.34
2021-02-04,133888,2,3742.0,5544.0,3118.0,4620.3704,2993.34
2021-02-05,133888,2,3742.0,5544.0,3118.0,4620.3704,2993.34
2021-02-11,133888,3,4158.0,5544.0,3465.0,4620.3704,2993.34
2021-02-12,133888,1,4158.0,5544.0,3465.0,4620.3704,2993.34
2021-02-17,133888,2,4851.5,5544.0,4043.0,4620.3704,2993.34
2021-02-19,133888,1,4436.0,5544.0,3697.0,4620.3704,2993.34
2021-02-23,133888,2,4990.0,5544.0,4158.0,4620.3704,2993.34
2021-02-24,133888,1,4436.0,5544.0,3697.0,4620.3704,2993.34
2021-03-02,133888,3,4158.0,5544.0,3465.0,4620.3704,2993.34
2021-03-08,133888,1,4158.0,5544.0,3465.0,4620.3704,2993.34
2021-03-09,133888,2,4574.0,5544.0,3811.5,4620.3704,2993.34
2021-03-10,133888,3,4436.0,5544.0,3697.0,4620.3704,2993.34
2021-03-15,133888,1,4158.0,5544.0,3465.0,4620.3704,2993.34
2021-03-18,133888,2,4990.0,5544.0,4158.0,4620.3704,2993.34
2021-03-19,133888,2,4574.0,5544.0,3811.5,4620.3704,2993.34
2021-03-21,133888,1,4158.0,5544.0,3465.0,4620.3704,2993.336
2021-03-22,133888,1,4158.0,5544.0,3465.0,4620.3704,2993.34
2021-03-23,133888,5,4158.0,5544.0,3465.0,4620.3704,2993.34
2021-03-24,133888,1,4158.0,5544.0,3465.0,4620.3704,2993.34
2021-03-25,133888,13,4158.0,5544.0,3465.0,4620.3704,2993.34
2021-03-26,133888,2,4297.0,5544.0,3581.0,4620.3704,2484.47
2021-03-27,133888,1,4436.0,5544.0,3697.0,4620.3704,2484.47
2021-03-29,133888,2,4158.0,5544.0,3465.0,4620.3704,2484.47
2021-03-30,133888,5,4436.0,5544.0,3697.0,4620.3704,2484.47
2021-04-01,133888,2,4158.0,5544.0,3465.0,4620.3704,2484.47
2021-04-02,133888,2,4158.0,5544.0,3465.0,4620.3704,2484.47
2021-04-05,133888,2,4158.0,5544.0,3465.0,4620.3704,2484.47
2021-04-06,133888,3,4990.0,5544.0,4158.0,4620.3704,2484.47
2021-04-07,133888,1,4990.0,5544.0,4158.0,4620.3704,2484.47
2021-04-08,133888,3,4990.0,5544.0,4158.0,4620.3704,2484.47
2021-04-09,133888,2,4990.0,5544.0,4158.0,4620.3704,2484.47
2021-04-10,133888,1,4158.0,5544.0,3465.0,4620.3704,2484.47
2021-04-12,133888,1,4158.0,5544.0,3465.0,4620.3704,2993.34
2021-04-15,133888,2,4158.0,5544.0,3465.0,4620.3704,2738.903
2021-04-19,133888,1,4713.0,5544.0,3928.0,4620.3704,2484.47
2021-04-20,133888,1,4158.0,5544.0,3465.0,4620.3704,2484.47
2021-04-22,133888,4,4297.0,5544.0,3581.0,4620.3704,2484.47
2021-04-23,133888,1,4158.0,5544.0,3465.0,4620.3704,2484.47
2021-04-26,133888,1,4436.0,5544.0,3697.0,4620.3704,2484.47
2021-04-27,133888,2,4713.0,5544.0,3927.5,4620.3704,2484.47
2021-04-28,133888,1,4990.0,5544.0,4158.0,4620.3704,2993.34
2021-04-29,133888,1,4990.0,5544.0,4158.0,4620.3704,2484.47
2021-05-11,133888,1,4713.0,5544.0,3928.0,4620.3704,2993.34
2021-05-12,133888,1,4713.0,5544.0,3928.0,4620.3704,2993.34
2021-05-17,133888,1,4158.0,5544.0,3465.0,4620.3704,2993.34
2021-05-20,133888,1,4990.0,5544.0,4158.0,4620.3704,2993.34
2021-05-21,133888,1,4713.0,5544.0,3928.0,4620.3704,2993.34
2021-05-24,133888,3,4158.0,5544.0,3465.0,4620.3704,2993.336
2021-05-27,133888,2,4158.0,5544.0,3465.0,4620.3704,2738.905
2021-05-28,133888,1,4990.0,5544.0,4158.0,4620.3704,2993.336
2021-06-02,133888,1,4158.0,5544.0,3465.0,4620.3704,2993.34
2021-06-03,133888,1,4158.0,5544.0,3465.0,4620.3704,2993.336
2021-06-04,133888,1,4158.0,5544.0,3465.0,4620.3704,2993.336
2021-06-14,133888,1,4990.0,5544.0,4158.0,4620.3704,2993.336
2021-06-17,133888,1,4713.0,5544.0,3928.0,4620.3704,2993.34
2021-06-21,133888,1,4158.0,5544.0,3465.0,4620.3704,2993.336
2021-06-29,133888,1,4620.0,5544.0,3850.0,4620.3704,2993.336
2021-07-08,133888,1,3742.0,4989.0,3118.0,4157.4074,2993.336
2021-07-14,133888,1,4490.0,4989.0,3742.0,4157.4074,2993.336
2021-07-19,133888,1,4490.0,4989.0,3742.0,4157.4074,2993.336
2021-07-30,133888,1,3742.0,4989.0,3118.0,4157.4074,2993.336
2021-07-31,133888,1,3742.0,4989.0,3118.0,4157.4074,2993.336
2021-08-01,133888,1,3742.0,4989.0,3118.0,4157.4074,2993.336
2021-08-03,133888,1,4490.0,4989.0,3742.0,4157.4074,2993.336
2021-08-04,133888,3,3742.0,4989.0,3118.0,4157.4074,2993.336
2021-08-05,133888,2,3742.0,4989.0,3118.0,4157.4074,2993.336
2021-08-06,133888,1,4490.0,4989.0,3742.0,4157.4074,2993.336
2021-08-12,133888,1,4490.0,4989.0,3742.0,4157.4074,2993.336
2021-08-20,133888,2,3742.0,4989.0,3118.0,4157.4074,2993.336
2021-08-25,133888,1,3742.0,4989.0,3118.0,4157.4074,2993.336
2021-08-26,133888,1,3742.0,4989.0,3118.0,4157.4074,2993.336
2021-08-28,133888,1,3742.0,4989.0,3118.0,4157.4074,2993.336
2021-08-30,133888,9,3742.0,4989.0,3118.0,4157.4074,2993.336
2021-08-31,133888,1,4240.0,4989.0,3533.0,4157.4074,2993.336
2021-09-01,133888,1,3742.0,5544.0,3118.0,4620.3704,2993.336
2021-09-02,133888,3,3742.0,5544.0,3118.0,4620.3704,2993.336
2021-09-04,133888,2,4158.0,5544.0,3465.0,4620.3704,2993.336
2021-09-05,133888,1,4158.0,5544.0,3465.0,4620.3704,2993.336
2021-09-14,133888,1,4990.0,5544.0,4158.0,4620.3704,2993.336
2021-09-23,133888,1,4713.0,5544.0,3928.0,4620.3704,2993.336
2021-10-01,133888,1,4158.0,5544.0,3465.0,4620.3704,3126.66
2021-10-04,133888,1,4990.0,5544.0,4158.0,4620.3704,3126.66
2021-10-05,133888,1,4990.0,5544.0,4158.0,4620.3704,2993.336
2021-10-11,133888,1,4158.0,5544.0,3465.0,4620.3704,2993.336
2021-10-12,133888,1,4158.0,5544.0,3465.0,4620.3704,3126.66
2021-10-14,133888,1,4158.0,5544.0,3465.0,4620.3704,3126.66
2021-10-15,133888,2,4158.0,5544.0,3465.0,4620.3704,3059.998
2021-10-18,133888,1,4713.0,5544.0,3928.0,4620.3704,3126.66
2021-10-19,133888,1,4158.0,5544.0,3465.0,4620.3704,3126.66
2021-10-21,133888,2,4158.0,5544.0,3465.0,4620.3704,3126.66
2021-10-23,133888,3,4158.0,5544.0,3465.0,4620.3704,3126.66
2021-10-27,133888,1,4158.0,5544.0,3465.0,4620.3704,3126.66
2021-11-01,133888,4,3990.0,5544.0,3325.0,4620.3704,3126.66
2021-11-02,133888,2,4074.0,5544.0,3395.0,4620.3704,3059.998
2021-11-03,133888,1,3990.0,5544.0,3325.0,4620.3704,3126.66
2021-11-04,133888,2,4074.0,5544.0,3395.0,4620.3704,3126.66
2021-11-05,133888,1,4158.0,5544.0,3465.0,4620.3704,3126.664
2021-11-06,133888,1,4158.0,5544.0,3465.0,4620.3704,2993.336
2021-11-08,133888,2,4074.0,5544.0,3395.0,4620.3704,3126.66
2021-11-09,133888,4,4158.0,5544.0,3465.0,4620.3704,3126.66
2021-11-10,133888,2,4158.0,5544.0,3465.0,4620.3704,3060.0
2021-11-11,133888,2,4158.0,5544.0,3465.0,4620.3704,3060.0
2021-11-12,133888,1,4158.0,5544.0,3465.0,4620.3704,2993.336
2021-11-13,133888,1,4158.0,5544.0,3465.0,4620.3704,3126.66
2021-11-15,133888,2,4158.0,5544.0,3465.0,4620.3704,3059.998
2021-11-17,133888,1,4158.0,5544.0,3465.0,4620.3704,2993.336
2021-11-19,133888,1,4158.0,5544.0,3465.0,4620.3704,2993.336
2021-11-24,133888,2,4351.5,5544.0,3626.5,4620.3704,3126.664
2021-11-25,133888,1,4158.0,5544.0,3465.0,4620.3704,3126.664
2021-11-26,133888,4,3990.0,5544.0,3325.0,4620.3704,3126.664
2021-11-27,133888,4,3990.0,5544.0,3325.0,4620.3704,3126.664
2021-11-29,133888,6,3990.0,5544.0,3325.0,4620.3704,3126.664
2021-11-30,133888,7,3990.0,5544.0,3325.0,4620.3704,3126.664
2021-12-01,133888,1,3990.0,5544.0,3325.0,4620.3704,3126.664
2021-12-02,133888,3,3990.0,5544.0,3325.0,4620.3704,3126.664
2021-12-03,133888,7,3990.0,5544.0,3325.0,4620.3704,3126.664
2021-12-06,133888,1,4990.0,5544.0,4158.0,4620.3704,2993.336
2021-12-07,133888,3,3990.0,5544.0,3325.0,4620.3704,2993.336
2021-12-08,133888,1,4490.0,5544.0,3742.0,4620.3704,3126.664
2021-12-09,133888,1,3990.0,5544.0,3325.0,4620.3704,3126.664
2021-12-10,133888,8,3990.0,5544.0,3325.0,4620.3704,3126.664
2021-12-13,133888,1,4713.0,5544.0,3928.0,4620.3704,3126.664
2021-12-14,133888,4,4713.0,5544.0,3928.0,4620.3704,3126.664
2021-12-17,133888,3,3990.0,5544.0,3325.0,4620.3704,3126.664
2021-12-20,133888,1,4990.0,5544.0,4158.0,4620.3704,3126.664
2021-12-23,133888,2,3990.0,5544.0,3325.0,4620.3704,3060.0
2021-12-24,133888,3,4990.0,5544.0,4158.0,4620.3704,3126.664
2021-12-26,133888,2,3990.0,5544.0,3325.0,4620.3704,3126.664
2021-12-27,133888,4,3990.0,5544.0,3325.0,4620.3704,3126.664
2021-12-28,133888,1,4990.0,5544.0,4158.0,4620.3704,3126.664
2021-12-29,133888,1,3990.0,5544.0,3325.0,4620.3704,3126.664
2021-12-31,133888,1,3990.0,5544.0,3325.0,4620.3704,3126.664
