sales_data.csv
sale_date,product_id,quantity,sales_price_tax,regular_price_tax,sales_price,regular_price,purchase_price
2021-01-12,134358,2,39656.0,46656.0,33047.0,38880.0,30250.0
2021-01-13,134358,2,40823.0,46656.0,34019.5,38880.0,30250.0
2021-01-14,134358,2,39656.0,46656.0,33047.0,38880.0,30250.0
2021-01-25,134358,3,37325.0,46656.0,31104.0,38880.0,30250.0
2021-01-26,134358,1,41990.0,46656.0,34992.0,38880.0,30250.0
2021-01-29,134358,2,40823.0,46656.0,34019.5,38880.0,30250.0
2021-02-03,134358,1,37325.0,46656.0,31104.0,38880.0,30250.0
2021-02-04,134358,2,38490.5,46656.0,32075.5,38880.0,30250.0
2021-02-05,134358,4,37325.0,46656.0,31104.0,38880.0,30250.0
2021-02-06,134358,1,37325.0,46656.0,31104.0,38880.0,30250.0
2021-02-08,134358,3,37325.0,46656.0,31104.0,38880.0,30250.0
2021-02-09,134358,1,39656.0,46656.0,33047.0,38880.0,30250.0
2021-02-11,134358,1,41990.0,46656.0,34992.0,38880.0,30250.0
2021-02-12,134358,1,37325.0,46656.0,31104.0,38880.0,30250.0
2021-02-22,134358,1,39656.0,46656.0,33047.0,38880.0,30250.0
2021-02-23,134358,2,38490.5,46656.0,32075.5,38880.0,30250.0
2021-02-25,134358,2,37325.0,46656.0,31104.0,38880.0,30250.0
2021-02-26,134358,1,41990.0,46656.0,34992.0,38880.0,30250.0
2021-02-27,134358,1,37325.0,46656.0,31104.0,38880.0,30250.0
2021-03-01,134358,1,37325.0,46656.0,31104.0,38880.0,30250.0
2021-03-02,134358,2,39657.5,46656.0,33048.0,38880.0,30250.0
2021-03-05,134358,3,37325.0,46656.0,31104.0,38880.0,30250.0
2021-03-08,134358,3,37325.0,46656.0,31104.0,38880.0,30250.0
2021-03-09,134358,1,39656.0,46656.0,33047.0,38880.0,30250.0
2021-03-10,134358,2,38490.5,46656.0,32075.5,38880.0,30430.0
2021-03-11,134358,1,37325.0,46656.0,31104.0,38880.0,30430.0
2021-03-15,134358,1,39656.0,46656.0,33047.0,38880.0,30430.0
2021-03-16,134358,1,37325.0,46656.0,31104.0,38880.0,30430.0
2021-03-17,134358,3,37325.0,46656.0,31104.0,38880.0,30430.0
2021-03-18,134358,1,37325.0,46656.0,31104.0,38880.0,30430.0
2021-03-19,134358,2,39657.5,46656.0,33048.0,38880.0,30430.0
2021-03-30,134358,1,37325.0,46656.0,31104.0,38880.0,30430.0
2021-03-31,134358,2,37325.0,46656.0,31104.0,38880.0,30340.0
2021-04-02,134358,1,37325.0,46656.0,31104.0,38880.0,30430.0
2021-04-05,134358,4,37325.0,46656.0,31104.0,38880.0,30430.0
2021-04-06,134358,1,37325.0,46656.0,31104.0,38880.0,30430.0
2021-04-07,134358,3,37325.0,46656.0,31104.0,38880.0,30430.0
2021-04-08,134358,5,37325.0,46656.0,31104.0,38880.0,30430.0
2021-04-09,134358,2,37325.0,46656.0,31104.0,38880.0,30430.0
2021-04-12,134358,1,37325.0,46656.0,31104.0,38880.0,30430.0
2021-04-14,134358,3,39656.0,46656.0,33047.0,38880.0,30430.0
2021-04-15,134358,1,41990.0,46656.0,34992.0,38880.0,30430.0
2021-04-17,134358,2,39656.0,46656.0,33047.0,38880.0,30430.0
2021-04-22,134358,1,38956.0,46656.0,32463.0,38880.0,30430.0
2021-04-23,134358,2,39656.0,46656.0,33047.0,38880.0,30430.0
2021-04-24,134358,2,38490.5,46656.0,32075.5,38880.0,30430.0
2021-04-26,134358,2,39656.0,46656.0,33047.0,38880.0,30430.0
2021-04-28,134358,1,37325.0,46656.0,31104.0,38880.0,30430.0
2021-05-04,134358,1,39656.0,46656.0,33047.0,38880.0,30430.0
2021-05-05,134358,1,39656.0,46656.0,33047.0,38880.0,30430.0
2021-05-06,134358,1,39656.0,46656.0,33047.0,38880.0,30430.0
2021-05-10,134358,1,41990.0,46656.0,34992.0,38880.0,30430.0
2021-05-11,134358,1,39656.0,46656.0,33047.0,38880.0,30430.0
2021-05-12,134358,1,39656.0,46656.0,33047.0,38880.0,30430.0
2021-05-14,134358,2,40823.0,46656.0,34019.5,38880.0,30430.0
2021-05-17,134358,1,39656.0,46656.0,33047.0,38880.0,30430.0
2021-05-18,134358,1,38956.0,46656.0,32463.0,38880.0,30430.0
2021-05-20,134358,3,40455.0,46656.0,33712.0,38880.0,30430.0
2021-05-24,134358,2,38890.0,46656.0,32408.0,38880.0,30430.0
2021-05-25,134358,1,40455.0,46656.0,33712.0,38880.0,30430.0
2021-05-26,134358,1,40455.0,46656.0,33712.0,38880.0,30430.0
2021-05-31,134358,2,39656.0,46656.0,33047.0,38880.0,30430.0
2021-06-02,134358,1,38690.0,46656.0,32242.0,38880.0,30430.0
2021-06-05,134358,1,34821.0,46656.0,29018.0,38880.0,30430.0
2021-06-07,134358,2,36755.5,46656.0,30630.0,38880.0,30430.0
2021-06-08,134358,3,38690.0,46656.0,32242.0,38880.0,30430.0
2021-06-09,134358,1,38690.0,46656.0,32242.0,38880.0,30430.0
2021-06-10,134358,2,38690.0,46656.0,32242.0,38880.0,30430.0
2021-06-11,134358,1,38690.0,46656.0,32242.0,38880.0,30430.0
2021-06-12,134358,1,39656.0,46656.0,33047.0,38880.0,29993.0
2021-06-14,134358,3,34991.0,46656.0,29159.0,38880.0,30430.0
2021-06-15,134358,2,39173.0,46656.0,32644.5,38880.0,30430.0
2021-06-16,134358,3,34991.0,46656.0,29159.0,38880.0,30430.0
2021-06-17,134358,1,39656.0,46656.0,33047.0,38880.0,30430.0
2021-06-18,134358,3,34991.0,46656.0,29159.0,38880.0,30430.0
2021-06-21,134358,1,34991.0,46656.0,29159.0,38880.0,30430.0
2021-06-22,134358,3,38690.0,46656.0,32242.0,38880.0,30430.0
2021-06-23,134358,2,38490.5,46656.0,32075.5,38880.0,30430.0
2021-06-24,134358,1,41990.0,46656.0,34992.0,38880.0,30430.0
2021-06-29,134358,6,34991.0,46656.0,29159.0,38880.0,30430.0
2021-06-30,134358,2,34991.0,46656.0,29159.0,38880.0,30211.5
2021-07-02,134358,3,34991.0,46656.0,29159.0,38880.0,29993.0
2021-07-03,134358,2,36840.5,46656.0,30700.5,38880.0,29993.0
2021-07-06,134358,2,34991.0,46656.0,29159.0,38880.0,29993.0
2021-07-07,134358,1,34991.0,46656.0,29159.0,38880.0,29993.0
2021-07-09,134358,5,34991.0,46656.0,29159.0,38880.0,30430.0
2021-07-12,134358,3,34991.0,46656.0,29159.0,38880.0,30430.0
2021-07-13,134358,2,37323.5,46656.0,31103.0,38880.0,30430.0
2021-07-14,134358,1,34991.0,46656.0,29159.0,38880.0,30430.0
2021-07-15,134358,3,34991.0,46656.0,29159.0,38880.0,30430.0
2021-07-20,134358,2,38490.5,46656.0,32075.5,38880.0,30430.0
2021-07-21,134358,2,37325.0,46656.0,31104.0,38880.0,30430.0
2021-07-22,134358,1,37325.0,46656.0,31104.0,38880.0,30430.0
2021-07-23,134358,1,37325.0,46656.0,31104.0,38880.0,30430.0
2021-07-26,134358,2,37325.0,46656.0,31104.0,38880.0,30430.0
2021-07-27,134358,2,39656.0,46656.0,33047.0,38880.0,30430.0
2021-07-31,134358,1,37325.0,46656.0,31104.0,38880.0,30430.0
2021-08-03,134358,1,37325.0,46656.0,31104.0,38880.0,30430.0
2021-08-06,134358,3,33593.0,46656.0,27994.0,38880.0,30430.0
2021-08-09,134358,3,37325.0,46656.0,31104.0,38880.0,30430.0
2021-08-10,134358,4,37325.0,46656.0,31104.0,38880.0,30430.0
2021-08-11,134358,3,37325.0,46656.0,31104.0,38880.0,30430.0
2021-08-13,134358,2,37325.0,46656.0,31104.0,38880.0,30430.0
2021-08-16,134358,1,37325.0,46656.0,31104.0,38880.0,35409.0
2021-08-17,134358,4,37325.0,46656.0,31104.0,38880.0,35409.0
2021-08-18,134358,2,37325.0,46656.0,31104.0,38880.0,32701.0
2021-08-19,134358,2,37325.0,46656.0,31104.0,38880.0,35409.0
2021-08-20,134358,3,37325.0,46656.0,31104.0,38880.0,35409.0
2021-08-21,134358,1,37325.0,46656.0,31104.0,38880.0,35409.0
2021-08-23,134358,3,37325.0,46656.0,31104.0,38880.0,35409.0
2021-08-24,134358,1,37325.0,46656.0,31104.0,38880.0,35409.0
2021-08-26,134358,4,37325.0,46656.0,31104.0,38880.0,35409.0
2021-08-28,134358,1,37325.0,46656.0,31104.0,38880.0,35409.0
2021-08-30,134358,1,37325.0,46656.0,31104.0,38880.0,35409.0
2021-08-31,134358,3,39657.5,46656.0,33048.0,38880.0,35409.0
2021-09-01,134358,1,39656.0,46656.0,33047.0,38880.0,35409.0
2021-09-02,134358,1,37325.0,46656.0,31104.0,38880.0,35409.0
2021-09-03,134358,4,37325.0,46656.0,31104.0,38880.0,35409.0
2021-09-04,134358,2,37325.0,46656.0,31104.0,38880.0,35409.0
2021-09-06,134358,1,37325.0,46656.0,31104.0,38880.0,35409.0
2021-09-07,134358,5,37325.0,46656.0,31104.0,38880.0,35409.0
2021-09-08,134358,8,37325.0,46656.0,31104.0,38880.0,30430.0
2021-09-13,134358,4,37325.0,46656.0,31104.0,38880.0,30430.0
2021-09-16,134358,2,37325.0,46656.0,31104.0,38880.0,30430.0
2021-09-22,134358,1,37325.0,46656.0,31104.0,38880.0,30430.0
2021-09-24,134358,1,37325.0,46656.0,31104.0,38880.0,30430.0
2021-09-28,134358,1,37325.0,46656.0,31104.0,38880.0,30430.0
2021-10-02,134358,2,39656.0,46656.0,33047.0,38880.0,30430.0
2021-10-05,134358,3,39656.0,46656.0,33047.0,38880.0,30430.0
2021-10-06,134358,3,39656.0,46656.0,33047.0,38880.0,30430.0
2021-10-08,134358,2,37325.0,46656.0,31104.0,38880.0,35409.0
2021-10-09,134358,1,37325.0,46656.0,31104.0,38880.0,35409.0
2021-10-12,134358,2,39657.5,56656.0,33048.0,47212.963,35409.0
2021-10-13,134358,5,37325.0,56656.0,31104.0,47212.963,35409.0
2021-10-14,134358,1,37325.0,56656.0,31104.0,47212.963,35409.0
2021-10-15,134358,1,48155.0,56656.0,40129.0,47212.963,35409.0
2021-10-18,134358,1,37325.0,56656.0,31104.0,47212.963,35409.0
2021-10-26,134358,1,34991.0,56656.0,29159.0,47212.963,35409.0
2021-10-29,134358,1,45325.0,56656.0,37771.0,47212.963,35409.0
2021-11-01,134358,1,45325.0,56656.0,37771.0,47212.963,35409.0
2021-11-02,134358,1,45325.0,56656.0,37771.0,47212.963,35409.0
2021-11-05,134358,1,43990.0,56656.0,36658.0,47212.963,35409.0
2021-11-10,134358,1,43990.0,56656.0,36658.0,47212.963,35409.0
2021-11-13,134358,1,38690.0,56656.0,32242.0,47212.963,35409.0
2021-11-18,134358,1,43990.0,56656.0,36658.0,47212.963,35409.0
2021-11-24,134358,2,43990.0,56656.0,36658.0,47212.963,35408.999899999995
2021-11-26,134358,2,43990.0,56656.0,36658.0,47212.963,35409.0
2021-11-27,134358,1,37325.0,56656.0,31104.0,47212.963,35409.0
2021-11-30,134358,1,43990.0,56656.0,36658.0,47212.963,30430.0
2021-12-01,134358,3,43990.0,59989.0,36658.0,49990.7407,35409.0
2021-12-02,134358,1,43990.0,59989.0,36658.0,49990.7407,35409.0
2021-12-03,134358,2,43990.0,59989.0,36658.0,49990.7407,35409.0
2021-12-07,134358,1,43990.0,59989.0,36658.0,49990.7407,35409.0
2021-12-17,134358,1,41990.0,59989.0,34992.0,49990.7407,35409.0
2021-12-20,134358,1,43990.0,59989.0,36658.0,49990.7407,35409.0
2021-01-12,139935,2,1499.0,1666.0,1249.0,1387.963,720.0
2021-01-19,139935,1,1499.0,1666.0,1249.0,1387.963,720.0
2021-01-20,139935,1,1499.0,1666.0,1249.0,1387.963,720.0
2021-01-22,139935,3,1499.0,1666.0,1249.0,1387.963,761.25
2021-01-25,139935,1,1332.0,1666.0,1110.0,1387.963,720.0
2021-01-28,139935,1,1499.0,1666.0,1249.0,1387.963,720.0
2021-02-05,139935,1,1499.0,1666.0,1249.0,1387.963,720.0
2021-02-10,139935,1,1499.0,1666.0,1249.0,1387.963,720.0
2021-02-18,139935,1,1416.0,1666.0,1180.0,1387.963,720.0
2021-02-19,139935,2,1499.0,1666.0,1249.0,1387.963,720.0
2021-02-23,139935,1,1499.0,1666.0,1249.0,1387.963,720.0
2021-02-27,139935,1,1499.0,1666.0,1249.0,1387.963,720.0
2021-03-03,139935,1,1499.0,1666.0,1249.0,1387.963,720.0
2021-03-05,139935,1,1499.0,1666.0,1249.0,1387.963,720.0
2021-03-11,139935,1,990.0,1666.0,825.0,1387.963,720.0
2021-03-12,139935,2,990.0,1666.0,825.0,1387.963,720.0
2021-03-15,139935,2,990.0,1666.0,825.0,1387.963,720.0
2021-03-16,139935,1,990.0,1666.0,825.0,1387.963,720.0
2021-03-17,139935,3,990.0,1666.0,825.0,1387.963,720.0
2021-03-18,139935,5,990.0,1666.0,825.0,1387.963,720.0
2021-03-19,139935,5,990.0,1666.0,825.0,1387.963,720.0
2021-03-22,139935,3,990.0,1666.0,825.0,1387.963,720.0
2021-03-24,139935,2,1499.0,1666.0,1249.0,1387.963,747.5
2021-03-27,139935,1,1332.0,1666.0,1110.0,1387.963,720.0
2021-03-29,139935,2,1499.0,1666.0,1249.0,1387.963,720.0
2021-03-30,139935,4,1332.0,1666.0,1110.0,1387.963,720.0
2021-03-31,139935,1,1332.0,1666.0,1110.0,1387.963,720.0
2021-04-06,139935,1,1499.0,1666.0,1249.0,1387.963,720.0
2021-04-09,139935,1,1499.0,1666.0,1249.0,1387.963,720.0
2021-04-12,139935,1,1332.0,1666.0,1110.0,1387.963,720.0
2021-04-16,139935,2,1203.0,1666.0,1002.5,1387.963,720.0
2021-04-19,139935,1,1499.0,1666.0,1249.0,1387.963,775.0
2021-04-26,139935,1,1499.0,1666.0,1249.0,1387.963,720.0
2021-05-10,139935,1,1499.0,1666.0,1249.0,1387.963,775.0
2021-05-13,139935,1,1499.0,1666.0,1249.0,1387.963,720.0
2021-05-17,139935,1,998.0,1666.0,832.0,1387.963,720.0
2021-05-19,139935,1,1499.0,1666.0,1249.0,1387.963,720.0
2021-05-25,139935,1,1499.0,1666.0,1249.0,1387.963,720.0
2021-05-26,139935,2,1244.5,1666.0,1037.0,1387.963,747.5
2021-06-17,139935,1,1499.0,1666.0,1249.0,1387.963,775.0
2021-07-01,139935,2,1499.0,1666.0,1249.0,1387.963,775.0
2021-07-20,139935,1,1416.0,1666.0,1180.0,1387.963,775.0
2021-08-11,139935,1,1499.0,1666.0,1249.0,1387.963,775.0
2021-08-12,139935,1,1349.0,1666.0,1124.0,1387.963,720.0
2021-08-17,139935,1,1499.0,1666.0,1249.0,1387.963,775.0
2021-08-28,139935,1,1499.0,1666.0,1249.0,1387.963,720.0
2021-09-03,139935,1,1416.0,1666.0,1180.0,1387.963,775.0
2021-09-07,139935,1,1499.0,1666.0,1249.0,1387.963,775.0
2021-09-09,139935,1,1499.0,1666.0,1249.0,1387.963,775.0
2021-09-11,139935,1,1499.0,1666.0,1249.0,1387.963,775.0
2021-09-14,139935,1,1499.0,1666.0,1249.0,1387.963,775.0
2021-09-16,139935,1,1499.0,1666.0,1249.0,1387.963,775.0
2021-09-17,139935,2,1499.0,1666.0,1249.0,1387.963,775.0
2021-09-21,139935,1,1416.0,1666.0,1180.0,1387.963,775.0
2021-09-27,139935,1,1499.0,1666.0,1249.0,1387.963,720.0
2021-09-29,139935,1,1499.0,1666.0,1249.0,1387.963,720.0
2021-10-05,139935,1,1499.0,1666.0,1249.0,1387.963,720.0
2021-10-08,139935,1,1499.0,1666.0,1249.0,1387.963,720.0
2021-10-11,139935,1,1499.0,1666.0,1249.0,1387.963,720.0
2021-10-15,139935,1,1416.0,1666.0,1180.0,1387.963,720.0
2021-10-18,139935,1,1416.0,1666.0,1180.0,1387.963,720.0
2021-10-26,139935,1,1499.0,1666.0,1249.0,1387.963,720.0
2021-10-28,139935,2,1499.0,1666.0,1249.0,1387.963,720.0
2021-11-04,139935,1,1499.0,1666.0,1249.0,1387.963,720.0
2021-11-06,139935,1,990.0,1666.0,825.0,1387.963,720.0
2021-11-08,139935,3,990.0,1666.0,825.0,1387.963,720.0
2021-11-10,139935,1,990.0,1666.0,825.0,1387.963,720.0
2021-11-11,139935,1,990.0,1666.0,825.0,1387.963,720.0
2021-11-12,139935,2,990.0,1666.0,825.0,1387.963,720.0
2021-11-13,139935,7,990.0,1666.0,825.0,1387.963,720.0
2021-11-15,139935,5,990.0,1666.0,825.0,1387.963,720.0
2021-11-16,139935,5,990.0,1666.0,825.0,1387.963,720.0
2021-11-17,139935,7,990.0,1666.0,825.0,1387.963,720.0
2021-11-18,139935,3,990.0,1666.0,825.0,1387.963,720.0
2021-11-20,139935,1,990.0,1666.0,825.0,1387.963,720.0
2021-11-21,139935,1,990.0,1666.0,825.0,1387.963,720.0
2021-11-22,139935,10,990.0,1666.0,825.0,1387.963,720.0
2021-11-23,139935,6,990.0,1666.0,825.0,1387.963,720.0
2021-11-24,139935,10,990.0,1666.0,825.0,1387.963,720.0
2021-11-25,139935,5,990.0,1666.0,825.0,1387.963,720.0
2021-11-26,139935,6,990.0,1666.0,825.0,1387.963,720.0
2021-11-27,139935,3,990.0,1666.0,825.0,1387.963,720.0
2021-11-28,139935,1,990.0,1666.0,825.0,1387.963,720.0
2021-11-29,139935,9,990.0,1666.0,825.0,1387.963,720.0
2021-11-30,139935,15,990.0,1666.0,825.0,1387.963,720.0
2021-12-01,139935,8,990.0,1666.0,825.0,1387.963,720.0
2021-12-02,139935,11,990.0,1666.0,825.0,1387.963,720.0
2021-12-03,139935,3,990.0,1666.0,825.0,1387.963,720.0
2021-12-04,139935,1,990.0,1666.0,825.0,1387.963,720.0
2021-12-06,139935,3,990.0,1666.0,825.0,1387.963,720.0
2021-12-07,139935,3,990.0,1666.0,825.0,1387.963,720.0
2021-12-11,139935,1,1416.0,1666.0,1180.0,1387.963,720.0
2021-12-13,139935,15,990.0,1666.0,825.0,1387.963,720.0
2021-12-14,139935,5,990.0,1666.0,825.0,1387.963,720.0
2021-12-15,139935,1,990.0,1666.0,825.0,1387.963,720.0
2021-12-17,139935,1,990.0,1666.0,825.0,1387.963,720.0
2021-12-18,139935,1,990.0,1666.0,825.0,1387.963,720.0
2021-12-21,139935,1,990.0,1666.0,825.0,1387.963,720.0
2021-12-27,139935,1,1499.0,1666.0,1249.0,1387.963,720.0
