sales_data.csv
sale_date,product_id,quantity,sales_price_tax,regular_price_tax,sales_price,regular_price,purchase_price
2021-01-12,156485,1,59488.0,69989.0,49573.0,58324.0741,44618.2
2021-01-14,156485,1,54990.0,69989.0,45825.0,58324.0741,44618.2
2021-01-26,156485,2,55992.0,69989.0,46660.0,58324.0741,44618.2
2021-02-08,156485,1,50988.0,69989.0,42490.0,58324.0741,41243.0
2021-02-09,156485,1,50988.0,69989.0,42490.0,58324.0741,41243.0
2021-02-11,156485,1,47992.0,69989.0,39993.0,58324.0741,44618.2
2021-02-17,156485,1,47992.0,69989.0,39993.0,58324.0741,41243.0
2021-02-18,156485,1,50988.0,69989.0,42490.0,58324.0741,41243.0
2021-04-05,156485,1,55992.0,69989.0,46660.0,58324.0741,41243.0
2021-04-13,156485,1,55992.0,69989.0,46660.0,58324.0741,44618.2
2021-04-14,156485,1,55992.0,69989.0,46660.0,58324.0741,44618.2
2021-04-19,156485,2,55992.0,69989.0,46660.0,58324.0741,44618.2
2021-07-01,156485,1,54156.0,72211.0,45130.0,60175.9259,44618.2
2021-07-15,156485,1,57770.0,72211.0,48142.0,60175.9259,44618.2
2021-07-23,156485,1,57770.0,72211.0,48142.0,60175.9259,44618.2
2021-07-26,156485,1,54156.0,72211.0,45130.0,60175.9259,44618.2
2021-07-29,156485,1,58990.0,72211.0,49158.0,60175.9259,44618.2
2021-08-07,156485,1,58990.0,72211.0,49158.0,60175.9259,44618.2
2021-08-17,156485,1,53091.0,72211.0,44242.0,60175.9259,44618.2
2021-08-25,156485,1,57770.0,72211.0,48142.0,60175.9259,44618.2
2021-09-02,156485,1,58990.0,72211.0,49158.0,60175.9259,44618.2
2021-09-25,156485,1,56990.0,72211.0,47492.0,60175.9259,44618.2
2021-09-28,156485,1,56990.0,72211.0,47492.0,60175.9259,46034.3
2021-09-30,156485,1,56990.0,72211.0,47492.0,60175.9259,46034.3
2021-10-12,156485,1,60436.0,75544.0,50363.0,62953.7037,46034.3
2021-10-16,156485,1,60436.0,75544.0,50363.0,62953.7037,46034.3
2021-10-19,156485,1,67990.0,75544.0,56658.0,62953.7037,46034.3
2021-10-21,156485,1,60436.0,75544.0,50363.0,62953.7037,46034.3
2021-10-26,156485,4,49990.0,75544.0,41658.0,62953.7037,46034.3
2021-10-27,156485,3,49990.0,75544.0,41658.0,62953.7037,33250.0
2021-10-28,156485,1,49990.0,75544.0,41658.0,62953.7037,33250.0
2021-10-29,156485,1,49990.0,75544.0,41658.0,62953.7037,33250.0
2021-11-19,156485,3,43990.0,75544.0,36658.0,62953.7037,33250.0
2021-11-20,156485,2,43990.0,75544.0,36658.0,62953.7037,33250.0
2021-11-22,156485,14,43990.0,75544.0,36658.0,62953.7037,33250.0
2021-11-23,156485,12,43990.0,75544.0,36658.0,62953.7037,33250.0
2021-11-24,156485,22,43990.0,75544.0,36658.0,62953.7037,33250.0
2021-11-25,156485,17,43990.0,75544.0,36658.0,62953.7037,33250.0
2021-11-26,156485,25,43990.0,75544.0,36658.0,62953.7037,33250.0001
2021-11-27,156485,14,43990.0,75544.0,36658.0,62953.7037,33250.0001
2021-11-28,156485,6,43990.0,75544.0,36658.0,62953.7037,33250.0001
2021-11-29,156485,18,43990.0,75544.0,36658.0,62953.7037,33250.0001
2021-11-30,156485,14,43990.0,75544.0,36658.0,62953.7037,33250.0001
2021-12-01,156485,7,43990.0,77767.0,36658.0,64805.5556,33250.0001
2021-12-02,156485,7,43990.0,77767.0,36658.0,64805.5556,33250.0001
2021-12-03,156485,3,43990.0,77767.0,36658.0,64805.5556,33250.0
2021-12-04,156485,2,43990.0,77767.0,36658.0,64805.5556,33250.0
2021-12-07,156485,7,43990.0,77767.0,36658.0,64805.5556,33250.0
2021-12-08,156485,6,43990.0,77767.0,36658.0,64805.5556,33250.0001
2021-12-10,156485,1,43990.0,77767.0,36658.0,64805.5556,33250.0001
2021-12-14,156485,3,43990.0,77767.0,36658.0,64805.5556,33250.0001
2021-12-15,156485,2,43990.0,77767.0,36658.0,64805.5556,33250.00005
2021-12-17,156485,4,43990.0,77767.0,36658.0,64805.5556,33250.0
2021-12-18,156485,1,59990.0,77767.0,49992.0,64805.5556,33250.0001
2021-12-20,156485,1,43990.0,77767.0,36658.0,64805.5556,48159.3
2021-12-21,156485,2,43990.0,77767.0,36658.0,64805.5556,48159.3
2021-12-23,156485,1,43990.0,77767.0,36658.0,64805.5556,48159.3
2021-12-27,156485,1,59990.0,77767.0,49992.0,64805.5556,48159.3
2021-12-28,156485,1,59990.0,77767.0,49992.0,64805.5556,33250.0
2021-12-29,156485,1,43990.0,77767.0,36658.0,64805.5556,48159.3
2021-12-30,156485,1,43990.0,77767.0,36658.0,64805.5556,48159.3
2021-01-12,157913,1,4190.0,6656.0,3492.0,5546.3,3380.0
2021-01-14,157913,1,4190.0,6656.0,3492.0,5546.3,3380.0
2021-01-25,157913,2,4190.0,6656.0,3492.0,5546.3,3380.0
2021-01-26,157913,1,4190.0,6656.0,3492.0,5546.3,3380.0
2021-01-28,157913,2,4190.0,6656.0,3492.0,5546.3,3380.0
2021-01-29,157913,1,4190.0,6656.0,3492.0,5546.3,3380.0
2021-02-10,157913,1,4190.0,6656.0,3492.0,5546.3,3380.0
2021-02-12,157913,1,4190.0,6656.0,3492.0,5546.3,3380.0
2021-02-13,157913,1,4190.0,6656.0,3492.0,5546.3,3380.0
2021-02-15,157913,1,4190.0,6656.0,3492.0,5546.3,3380.0
2021-02-17,157913,1,4190.0,6656.0,3492.0,5546.3,3380.0
2021-02-20,157913,1,4190.0,6656.0,3492.0,5546.3,3380.0
2021-02-22,157913,1,4190.0,6656.0,3492.0,5546.3,3380.0
2021-02-23,157913,1,4190.0,6656.0,3492.0,5546.3,3380.0
2021-02-25,157913,1,4190.0,6656.0,3492.0,5546.3,3380.0
2021-03-02,157913,2,4190.0,6656.0,3492.0,5546.3,3380.0
2021-03-03,157913,2,4190.0,6656.0,3492.0,5546.3,3380.0
2021-03-04,157913,1,4190.0,6656.0,3492.0,5546.3,3380.0
2021-03-05,157913,1,4190.0,6656.0,3492.0,5546.3,3380.0
2021-03-09,157913,1,4190.0,6656.0,3492.0,5546.3,3380.0
2021-03-10,157913,1,4190.0,6656.0,3492.0,5546.3,3380.0
2021-03-11,157913,1,4190.0,6656.0,3492.0,5546.3,3380.0
2021-03-12,157913,1,4190.0,6656.0,3492.0,5546.3,3380.0
2021-03-25,157913,1,5990.0,6656.0,4992.0,5546.3,3380.0
2021-04-20,157913,1,3990.0,6656.0,3325.0,5546.3,3380.0
2021-04-21,157913,1,3990.0,6656.0,3325.0,5546.3,3380.0
2021-04-26,157913,3,3990.0,6656.0,3325.0,5546.3,3380.0
2021-04-27,157913,1,3990.0,6656.0,3325.0,5546.3,3380.0
2021-04-28,157913,3,3990.0,6656.0,3325.0,5546.3,3380.0
2021-04-29,157913,3,3990.0,6656.0,3325.0,5546.3,3380.0
2021-05-04,157913,4,3990.0,6656.0,3325.0,5546.3,3380.0
2021-05-05,157913,2,4490.0,6656.0,3741.5,5546.3,3380.0
2021-05-06,157913,1,3990.0,6656.0,3325.0,5546.3,3380.0
2021-05-07,157913,6,3990.0,6656.0,3325.0,5546.3,3380.0
2021-05-10,157913,1,3990.0,6656.0,3325.0,5546.3,3380.0
2021-06-10,157913,1,5990.0,6656.0,4992.0,5546.3,3380.0
2021-06-14,157913,1,4490.0,6656.0,3742.0,5546.3,3380.0
2021-06-17,157913,1,4490.0,6656.0,3742.0,5546.3,3380.0
2021-07-29,157913,1,3990.0,6656.0,3325.0,5546.3,3380.0
2021-08-03,157913,1,5990.0,6656.0,4992.0,5546.3,3380.0
2021-09-14,157913,1,5990.0,6656.0,4992.0,5546.3,3380.0
2021-09-21,157913,1,4490.0,6656.0,3742.0,5546.3,3380.0
2021-09-27,157913,2,4490.0,6656.0,3742.0,5546.3,3380.0
2021-09-30,157913,1,4490.0,6656.0,3742.0,5546.3,3380.0
2021-10-01,157913,1,4490.0,6656.0,3742.0,5546.3,3380.0
2021-10-02,157913,2,4490.0,6656.0,3742.0,5546.3,3380.0
2021-10-05,157913,1,4490.0,6656.0,3742.0,5546.3,3380.0
2021-10-20,157913,1,5990.0,6656.0,4992.0,5546.3,3380.0
2021-11-03,157913,2,5990.0,6656.0,4992.0,5546.3,3380.0
2021-11-09,157913,1,5990.0,6656.0,4992.0,5546.3,3380.0
2021-11-24,157913,3,2990.0,6656.0,2492.0,5546.3,2200.0
2021-11-25,157913,4,2990.0,6656.0,2492.0,5546.3,2200.0
2021-11-26,157913,8,2990.0,6656.0,2492.0,5546.3,2200.0
2021-11-27,157913,11,2990.0,6656.0,2492.0,5546.3,2200.0
2021-11-28,157913,2,2990.0,6656.0,2492.0,5546.3,2200.0
2021-11-29,157913,13,2990.0,6656.0,2492.0,5546.3,2200.0
2021-11-30,157913,19,2990.0,6656.0,2492.0,5546.3,2200.0
2021-12-01,157913,29,2990.0,6656.0,2492.0,5546.3,2200.0
2021-12-02,157913,24,2990.0,6656.0,2492.0,5546.3,2200.0
2021-12-03,157913,10,2990.0,6656.0,2492.0,5546.3,2200.0
2021-12-04,157913,4,2990.0,6656.0,2492.0,5546.3,2200.0
2021-12-06,157913,15,2990.0,6656.0,2492.0,5546.3,2200.0
2021-12-07,157913,9,2990.0,6656.0,2492.0,5546.3,2200.0
2021-12-08,157913,5,2990.0,6656.0,2492.0,5546.3,2200.0
2021-12-09,157913,1,2990.0,6656.0,2492.0,5546.3,2200.0
2021-12-10,157913,9,2990.0,6656.0,2492.0,5546.3,2200.0
2021-12-11,157913,1,2990.0,6656.0,2492.0,5546.3,2200.0
2021-12-14,157913,4,2990.0,6656.0,2492.0,5546.3,2200.0
2021-12-15,157913,3,2990.0,6656.0,2492.0,5546.3,2200.0
2021-12-16,157913,2,2990.0,6656.0,2492.0,5546.3,2200.0
2021-12-17,157913,5,2990.0,6656.0,2492.0,5546.3,2200.0
2021-12-25,157913,1,2990.0,6656.0,2492.0,5546.3,3380.0
2021-12-27,157913,1,2990.0,6656.0,2492.0,5546.3,2200.0
2021-12-30,157913,1,2990.0,6656.0,2492.0,5546.3,2200.0
2021-12-31,157913,8,2990.0,6656.0,2492.0,5546.3,2200.0
2021-01-13,134200,1,3590.0,3590.0,2992.0,2991.6667,2333.5026
2021-01-20,134200,1,3590.0,3590.0,2992.0,2991.6667,2333.5026
2021-01-22,134200,1,3590.0,3590.0,2992.0,2991.6667,2333.5026
2021-01-28,134200,2,3590.0,3590.0,2992.0,2991.6667,2333.5026
2021-02-01,134200,1,3590.0,3590.0,2992.0,2991.6667,2333.5026
2021-02-05,134200,1,3590.0,3590.0,2992.0,2991.6667,2333.5026
2021-02-08,134200,1,3590.0,3590.0,2992.0,2991.6667,2333.5026
2021-02-17,134200,2,3590.0,3590.0,2992.0,2991.6667,2333.5026
2021-02-22,134200,1,3590.0,3590.0,2992.0,2991.6667,2333.5026
2021-02-23,134200,1,3590.0,3590.0,2992.0,2991.6667,2333.5026
2021-02-24,134200,1,3590.0,3590.0,2992.0,2991.6667,2333.5026
2021-02-25,134200,1,3590.0,3590.0,2992.0,2991.6667,2333.5026
2021-02-26,134200,4,3590.0,3590.0,2992.0,2991.6667,2333.5026
2021-02-27,134200,1,3590.0,3590.0,2992.0,2991.6667,2333.5026
2021-02-28,134200,1,2992.0,3590.0,2493.0,2991.6667,2333.5026
2021-03-01,134200,2,2992.0,3590.0,2493.0,2991.6667,2333.5026
2021-03-02,134200,2,3590.0,3590.0,2992.0,2991.6667,2333.5026
2021-03-04,134200,4,2992.0,3590.0,2493.0,2991.6667,2333.5026
2021-03-05,134200,1,2992.0,3590.0,2493.0,2991.6667,2333.5026
2021-03-09,134200,1,3590.0,3590.0,2992.0,2991.6667,2333.5026
2021-03-17,134200,1,3390.0,3590.0,2825.0,2991.6667,2333.5026
2021-03-18,134200,1,3390.0,3590.0,2825.0,2991.6667,2333.5026
2021-03-19,134200,2,3490.0,3590.0,2908.5,2991.6667,2333.5026
2021-03-20,134200,1,3390.0,3590.0,2825.0,2991.6667,2333.5026
2021-03-24,134200,1,3590.0,3590.0,2992.0,2991.6667,2333.5026
2021-03-25,134200,1,2872.0,3590.0,2393.0,2991.6667,2333.5026
2021-03-29,134200,3,3590.0,3590.0,2992.0,2991.6667,2333.5026
2021-03-30,134200,5,2872.0,3590.0,2393.0,2991.6667,2333.5026
2021-03-31,134200,5,2872.0,3590.0,2393.0,2991.6667,2333.5026
2021-04-01,134200,1,3590.0,3590.0,2992.0,2991.6667,2333.5026
2021-04-02,134200,2,3590.0,3590.0,2992.0,2991.6667,2333.5026
2021-04-05,134200,1,3590.0,3590.0,2992.0,2991.6667,2333.5026
2021-04-06,134200,2,3231.0,3590.0,2692.5,2991.6667,2333.5026
2021-04-08,134200,1,3590.0,3590.0,2992.0,2991.6667,2333.5026
2021-04-15,134200,3,3590.0,3590.0,2992.0,2991.6667,2333.5026
2021-04-16,134200,3,3052.0,3590.0,2543.0,2991.6667,2333.5026
2021-04-19,134200,1,3052.0,3590.0,2543.0,2991.6667,2333.5026
2021-04-21,134200,3,3052.0,3590.0,2543.0,2991.6667,2333.5026
2021-04-22,134200,2,3052.0,3590.0,2543.0,2991.6667,2333.5026
2021-04-27,134200,1,3590.0,3590.0,2992.0,2991.6667,2333.5026
2021-04-29,134200,2,3052.0,3590.0,2543.0,2991.6667,2333.5013
2021-05-05,134200,2,3052.0,3590.0,2543.0,2991.6667,2333.5
2021-05-07,134200,3,3590.0,3590.0,2992.0,2991.6667,2333.50065
2021-05-14,134200,1,3052.0,3590.0,2543.0,2991.6667,2333.5
2021-05-17,134200,2,3052.0,3590.0,2543.0,2991.6667,2333.5013
2021-05-18,134200,1,3590.0,3590.0,2992.0,2991.6667,2333.5
2021-05-19,134200,1,3052.0,3590.0,2543.0,2991.6667,2333.5
2021-05-20,134200,1,3052.0,3590.0,2543.0,2991.6667,2333.5026
2021-05-21,134200,2,3052.0,3590.0,2543.0,2991.6667,2333.5013
2021-05-22,134200,3,3590.0,3590.0,2992.0,2991.6667,2333.500866
2021-05-24,134200,1,3590.0,3590.0,2992.0,2991.6667,2333.5017
2021-05-25,134200,1,3052.0,3590.0,2543.0,2991.6667,2333.5017
2021-05-27,134200,1,3590.0,3590.0,2992.0,2991.6667,2333.5017
2021-05-31,134200,1,3052.0,3590.0,2543.0,2991.6667,2333.5026
2021-06-02,134200,1,3590.0,3590.0,2992.0,2991.6667,2333.5026
2021-06-03,134200,2,3590.0,3590.0,2992.0,2991.6667,2333.5026
2021-06-09,134200,1,3052.0,3590.0,2543.0,2991.6667,2333.5026
2021-06-10,134200,1,3590.0,3590.0,2992.0,2991.6667,2333.5026
2021-06-11,134200,1,3590.0,3590.0,2992.0,2991.6667,2333.5026
2021-06-14,134200,1,3052.0,3590.0,2543.0,2991.6667,2333.5026
2021-06-16,134200,1,3590.0,3590.0,2992.0,2991.6667,2333.5026
2021-06-21,134200,1,3590.0,3590.0,2992.0,2991.6667,2333.5026
2021-06-23,134200,1,2872.0,3590.0,2393.0,2991.6667,2333.5026
2021-07-01,134200,1,3590.0,3590.0,2992.0,2991.6667,2333.5026
2021-07-02,134200,2,3590.0,3590.0,2992.0,2991.6667,2333.5026
2021-07-05,134200,1,3590.0,3590.0,2992.0,2991.6667,2333.5026
2021-07-07,134200,1,3590.0,3590.0,2992.0,2991.6667,2333.5026
2021-07-08,134200,1,3590.0,3590.0,2992.0,2991.6667,2333.5026
2021-07-09,134200,2,3231.0,3590.0,2692.5,2991.6667,2333.5026
2021-07-12,134200,2,3590.0,3590.0,2992.0,2991.6667,2333.5026
2021-07-14,134200,1,3590.0,3590.0,2992.0,2991.6667,2333.5026
2021-07-15,134200,1,3590.0,3590.0,2992.0,2991.6667,2333.5026
2021-07-19,134200,2,3590.0,3590.0,2992.0,2991.6667,2333.5026
2021-07-20,134200,1,2872.0,3590.0,2393.0,2991.6667,2333.5026
2021-07-22,134200,3,3052.0,3590.0,2543.0,2991.6667,2333.5026
2021-07-29,134200,2,3590.0,3590.0,2992.0,2991.6667,2333.5026
2021-08-02,134200,1,3052.0,3590.0,2543.0,2991.6667,2333.5026
2021-08-04,134200,2,3321.0,3590.0,2767.5,2991.6667,2333.5026
2021-08-05,134200,1,3052.0,3590.0,2543.0,2991.6667,2333.5026
2021-08-12,134200,2,3321.0,3590.0,2767.5,2991.6667,2333.5026
2021-08-16,134200,1,3590.0,3590.0,2992.0,2991.6667,2333.5026
2021-08-20,134200,1,3590.0,3590.0,2992.0,2991.6667,2333.5026
2021-08-26,134200,1,3590.0,3590.0,2992.0,2991.6667,2333.5026
2021-08-28,134200,1,3590.0,3590.0,2992.0,2991.6667,2333.5026
2021-09-01,134200,1,3590.0,3590.0,2992.0,2991.6667,2333.5026
2021-09-02,134200,1,2899.0,3590.0,2416.0,2991.6667,2333.5026
2021-09-08,134200,1,3052.0,3590.0,2543.0,2991.6667,2333.5026
2021-09-10,134200,1,3052.0,3590.0,2543.0,2991.6667,2333.5026
2021-09-14,134200,1,3590.0,3590.0,2992.0,2991.6667,2333.5026
2021-09-15,134200,1,3590.0,3590.0,2992.0,2991.6667,2333.5026
2021-09-17,134200,1,3590.0,3590.0,2992.0,2991.6667,2333.5026
2021-09-20,134200,1,3052.0,3590.0,2543.0,2991.6667,2333.5026
2021-09-28,134200,1,3590.0,3590.0,2992.0,2991.6667,2333.5026
2021-09-29,134200,1,3590.0,3590.0,2992.0,2991.6667,2333.5026
2021-09-30,134200,1,3052.0,3590.0,2543.0,2991.6667,2333.5026
2021-10-01,134200,1,3052.0,3590.0,2543.0,2991.6667,2333.5026
2021-10-04,134200,1,3052.0,3590.0,2543.0,2991.6667,2333.5026
2021-10-06,134200,2,3321.0,3590.0,2767.5,2991.6667,2333.5026
2021-10-07,134200,3,3590.0,3590.0,2992.0,2991.6667,2333.5026
2021-10-09,134200,1,3052.0,3590.0,2543.0,2991.6667,2333.5026
2021-10-12,134200,6,3590.0,3590.0,2992.0,2991.6667,2333.5026
2021-10-14,134200,1,3590.0,3590.0,2992.0,2991.6667,2333.5026
2021-10-15,134200,1,3590.0,3590.0,2992.0,2991.6667,2333.5026
2021-10-19,134200,1,3052.0,3590.0,2543.0,2991.6667,2333.5026
2021-10-21,134200,1,3590.0,3590.0,2992.0,2991.6667,2333.5026
2021-10-27,134200,1,3590.0,3590.0,2992.0,2991.6667,2333.5026
2021-10-28,134200,1,2990.0,3590.0,2492.0,2991.6667,2333.5026
2021-10-29,134200,3,2990.0,3590.0,2492.0,2991.6667,2333.5026
2021-11-01,134200,5,2990.0,3590.0,2492.0,2991.6667,2333.5026
2021-11-02,134200,2,2990.0,3590.0,2492.0,2991.6667,2333.5026
2021-11-04,134200,1,3590.0,3590.0,2992.0,2991.6667,2333.5026
2021-11-05,134200,4,2990.0,3590.0,2492.0,2991.6667,2333.5026
2021-11-06,134200,1,3590.0,3590.0,2992.0,2991.6667,2333.5026
2021-11-08,134200,1,3590.0,3590.0,2992.0,2991.6667,2333.5026
2021-11-10,134200,2,3590.0,3590.0,2992.0,2991.6667,2333.5026
2021-11-11,134200,2,3590.0,3590.0,2992.0,2991.6667,2333.5026
2021-11-13,134200,2,3590.0,3590.0,2992.0,2991.6667,2333.5026
2021-11-15,134200,1,3590.0,3590.0,2992.0,2991.6667,2333.5026
2021-11-17,134200,4,3321.0,3590.0,2767.5,2991.6667,2333.5026
2021-11-18,134200,1,3590.0,3590.0,2992.0,2991.6667,2333.5026
2021-11-19,134200,1,3052.0,3590.0,2543.0,2991.6667,2333.5026
2021-11-22,134200,3,3052.0,3590.0,2543.0,2991.6667,2333.5026
2021-11-23,134200,1,3052.0,3590.0,2543.0,2991.6667,2333.5026
2021-11-24,134200,3,2872.0,3590.0,2393.0,2991.6667,2333.5026
2021-11-25,134200,2,3321.0,3590.0,2767.5,2991.6667,2333.5026
2021-11-26,134200,1,2872.0,3590.0,2393.0,2991.6667,2333.5026
2021-11-27,134200,3,2872.0,3590.0,2393.0,2991.6667,2333.5026
2021-11-29,134200,1,2872.0,3590.0,2393.0,2991.6667,2333.5026
2021-11-30,134200,3,2872.0,3590.0,2393.0,2991.6667,2333.5026
2021-12-02,134200,1,2872.0,3590.0,2393.0,2991.6667,2333.5026
2021-12-06,134200,1,3590.0,3590.0,2992.0,2991.6667,2333.5026
2021-12-07,134200,6,3590.0,3590.0,2992.0,2991.6667,2333.5026
2021-12-08,134200,1,3590.0,3590.0,2992.0,2991.6667,2333.5026
2021-12-14,134200,1,3590.0,3590.0,2992.0,2991.6667,2333.5026
2021-12-15,134200,1,3052.0,3590.0,2543.0,2991.6667,2333.5026
2021-12-16,134200,3,3052.0,3590.0,2543.0,2991.6667,2333.5026
2021-12-17,134200,1,3052.0,3590.0,2543.0,2991.6667,2333.5026
2021-12-18,134200,1,3590.0,3590.0,2992.0,2991.6667,2333.5026
2021-12-21,134200,1,3052.0,3590.0,2543.0,2991.6667,2333.5026
2021-12-23,134200,1,3590.0,3590.0,2992.0,2991.6667,2333.5026
2021-12-24,134200,3,3590.0,3590.0,2992.0,2991.6667,2333.5026
2021-12-25,134200,1,2513.0,3590.0,2094.0,2991.6667,2333.5026
2021-12-27,134200,4,2513.0,3590.0,2094.0,2991.6667,2333.5026
2021-12-28,134200,5,2513.0,3590.0,2094.0,2991.6667,2333.5026
2021-12-29,134200,9,2513.0,3590.0,2094.0,2991.6667,2333.5026
2021-12-30,134200,8,2513.0,3590.0,2094.0,2991.6667,2333.5026
2021-12-31,134200,7,2513.0,3590.0,2094.0,2991.6667,2333.5026
