sales_data.csv
sale_date,product_id,quantity,sales_price_tax,regular_price_tax,sales_price,regular_price,purchase_price
2021-01-15,132842,1,2490.0,3878.0,2075.0,3231.4815,1689.05
2021-01-27,132842,1,2490.0,3878.0,2075.0,3231.4815,1689.05
2021-02-03,132842,1,2490.0,3878.0,2075.0,3231.4815,1689.05
2021-02-05,132842,2,2490.0,3878.0,2075.0,3231.4815,1689.05
2021-02-08,132842,1,2490.0,3878.0,2075.0,3231.4815,1689.05
2021-02-12,132842,1,2490.0,3878.0,2075.0,3231.4815,1689.05
2021-02-16,132842,2,2421.0,3878.0,2017.5,3231.4815,1689.05
2021-02-23,132842,1,2490.0,3878.0,2075.0,3231.4815,1689.05
2021-02-24,132842,1,2213.0,3878.0,1844.0,3231.4815,1689.05
2021-02-25,132842,1,2352.0,3878.0,1960.0,3231.4815,1689.05
2021-02-26,132842,1,2075.0,3878.0,1729.0,3231.4815,1689.05
2021-02-27,132842,2,2144.0,3878.0,1786.5,3231.4815,1689.05
2021-03-04,132842,1,2352.0,3878.0,1960.0,3231.4815,1689.05
2021-03-09,132842,3,2075.0,3878.0,1729.0,3231.4815,1689.05
2021-03-10,132842,2,2075.0,3878.0,1729.0,3231.4815,1689.05
2021-03-11,132842,2,2075.0,3878.0,1729.0,3231.4815,1689.05
2021-03-12,132842,1,2075.0,3878.0,1729.0,3231.4815,1689.05
2021-03-13,132842,1,2075.0,3878.0,1729.0,3231.4815,1689.05
2021-03-15,132842,7,2075.0,3878.0,1729.0,3231.4815,1689.05
2021-03-16,132842,1,2075.0,3878.0,1729.0,3231.4815,1689.05
2021-03-17,132842,2,2332.5,3878.0,1943.5,3231.4815,1689.05
2021-03-18,132842,1,2590.0,3878.0,2158.0,3231.4815,1689.05
2021-03-19,132842,1,2590.0,3878.0,2158.0,3231.4815,1689.05
2021-03-22,132842,3,2590.0,3878.0,2158.0,3231.4815,1689.05
2021-03-24,132842,5,2490.0,3878.0,2075.0,3231.4815,1689.05
2021-03-26,132842,4,2490.0,3878.0,2075.0,3231.4815,1689.05
2021-03-27,132842,2,2490.0,3878.0,2075.0,3231.4815,1689.05
2021-03-29,132842,3,2490.0,3878.0,2075.0,3231.4815,1689.05
2021-03-30,132842,1,2490.0,3878.0,2075.0,3231.4815,1689.05
2021-03-31,132842,4,2213.0,3878.0,1844.0,3231.4815,1689.05
2021-04-01,132842,2,2351.5,3878.0,1959.5,3231.4815,1689.05
2021-04-02,132842,1,2490.0,3878.0,2075.0,3231.4815,1689.05
2021-04-06,132842,1,2490.0,3878.0,2075.0,3231.4815,1689.05
2021-04-07,132842,2,2351.5,3878.0,1959.5,3231.4815,1689.05
2021-04-14,132842,1,2490.0,3878.0,2075.0,3231.4815,1689.05
2021-04-15,132842,1,2242.0,3878.0,1868.0,3231.4815,1689.05
2021-04-16,132842,2,2490.0,3878.0,2075.0,3231.4824,1689.05
2021-04-19,132842,1,2490.0,3878.0,2075.0,3231.4815,1689.05
2021-04-20,132842,1,2350.0,3878.0,1958.0,3231.4815,1689.05
2021-04-21,132842,1,2490.0,3878.0,2075.0,3231.4815,1689.05
2021-04-22,132842,2,2490.0,3878.0,2075.0,3231.4815,1689.05
2021-04-23,132842,1,2490.0,3878.0,2075.0,3231.4815,1689.05
2021-04-26,132842,2,2490.0,3878.0,2075.0,3231.4815,1689.05
2021-04-29,132842,1,2490.0,3878.0,2075.0,3231.4815,1689.05
2021-05-05,132842,1,2490.0,3878.0,2075.0,3231.4815,1689.05
2021-05-13,132842,1,2590.0,3878.0,2158.0,3231.4815,1689.05
2021-05-14,132842,1,2590.0,3878.0,2158.0,3231.4815,1689.05
2021-05-17,132842,1,2590.0,3878.0,2158.0,3231.4815,1689.05
2021-05-19,132842,1,2590.0,3878.0,2158.0,3231.4815,1689.05
2021-05-24,132842,1,2590.0,3878.0,2158.0,3231.4815,1689.05
2021-05-25,132842,1,2590.0,3878.0,2158.0,3231.4815,1689.05
2021-05-26,132842,2,2590.0,3878.0,2158.0,3231.4815,1689.05
2021-05-27,132842,1,2590.0,3878.0,2158.0,3231.4815,1689.05
2021-05-28,132842,1,2590.0,3878.0,2158.0,3231.4815,1689.05
2021-05-31,132842,1,2590.0,3878.0,2158.0,3231.4815,1689.05
2021-06-02,132842,1,2590.0,3878.0,2158.0,3231.4815,1689.05
2021-06-03,132842,1,1868.0,3878.0,1557.0,3231.4815,1689.05
2021-06-08,132842,1,2075.0,3878.0,1729.0,3231.4833,1689.05
2021-06-10,132842,1,2075.0,3878.0,1729.0,3231.4815,1689.05
2021-06-17,132842,2,2282.5,3878.0,1902.0,3231.4815,1689.05
2021-06-23,132842,1,2490.0,3878.0,2075.0,3231.4815,1689.05
2021-06-28,132842,1,2490.0,3878.0,2075.0,3231.4815,1689.05
2021-06-29,132842,1,2490.0,3878.0,2075.0,3231.4815,1689.05
2021-06-30,132842,2,2490.0,3878.0,2075.0,3231.4815,1689.05
2021-07-05,132842,1,1990.0,3878.0,1658.0,3231.4815,1689.05
2021-07-09,132842,1,2490.0,3878.0,2075.0,3231.4815,1689.05
2021-07-12,132842,3,1990.0,3878.0,1658.0,3231.4815,1689.05
2021-07-13,132842,1,1990.0,3878.0,1658.0,3231.4815,1689.05
2021-07-16,132842,2,1990.0,3878.0,1658.0,3231.4815,1689.05
2021-07-17,132842,4,1990.0,3878.0,1658.0,3231.4815,1381.95
2021-07-18,132842,1,1990.0,3878.0,1658.0,3231.4815,1689.05
2021-07-19,132842,2,1990.0,3878.0,1658.0,3231.4815,1381.95
2021-07-20,132842,1,1990.0,3878.0,1658.0,3231.4815,1381.95
2021-07-21,132842,1,1990.0,3878.0,1658.0,3231.4815,1689.05
2021-07-23,132842,1,1990.0,3878.0,1658.0,3231.4815,1689.05
2021-07-26,132842,1,1990.0,3878.0,1658.0,3231.4815,1381.95
2021-07-29,132842,1,1990.0,3878.0,1658.0,3231.4815,1381.95
2021-07-30,132842,3,1990.0,3878.0,1658.0,3231.4815,1381.95
2021-08-03,132842,1,1990.0,3878.0,1658.0,3231.4833,1381.95
2021-08-04,132842,2,1990.0,3878.0,1658.0,3231.4815,1381.95
2021-08-05,132842,1,1990.0,3878.0,1658.0,3231.4815,1381.95
2021-08-06,132842,3,1990.0,3878.0,1658.0,3231.4815,1381.95
2021-08-07,132842,1,1990.0,3878.0,1658.0,3231.4815,1381.95
2021-08-08,132842,1,1990.0,3878.0,1658.0,3231.4815,1381.95
2021-08-09,132842,3,1990.0,3878.0,1658.0,3231.4815,1381.95
2021-08-11,132842,2,1990.0,3878.0,1658.0,3231.4815,1381.95
2021-08-12,132842,2,1990.0,3878.0,1658.0,3231.4815,1535.5
2021-08-14,132842,1,1990.0,3878.0,1658.0,3231.4815,1381.95
2021-08-16,132842,1,1990.0,3878.0,1658.0,3231.4815,1381.95
2021-08-18,132842,1,1990.0,3878.0,1658.0,3231.4815,1381.95
2021-08-20,132842,1,1990.0,3878.0,1658.0,3231.4815,1381.95
2021-08-21,132842,1,1990.0,3878.0,1658.0,3231.4815,1381.95
2021-08-23,132842,1,1990.0,3878.0,1658.0,3231.4815,1381.95
2021-08-24,132842,3,1990.0,3878.0,1658.0,3231.4815,1381.95
2021-08-25,132842,2,1990.0,3878.0,1658.0,3231.4815,1381.95
2021-08-26,132842,3,1990.0,3878.0,1658.0,3231.4815,1381.95
2021-08-27,132842,1,1990.0,3878.0,1658.0,3231.4815,1381.95
2021-08-31,132842,2,1990.0,3878.0,1658.0,3231.4815,1381.95
2021-09-01,132842,1,1891.0,3878.0,1576.0,3231.4815,1381.95
2021-09-02,132842,3,1990.0,3878.0,1658.0,3231.4815,1381.95
2021-09-05,132842,1,1990.0,3878.0,1658.0,3231.4815,1381.95
2021-09-07,132842,2,1990.0,3878.0,1658.0,3231.4815,1381.95
2021-09-08,132842,2,1990.0,3878.0,1658.0,3231.4815,1381.95
2021-09-10,132842,5,1990.0,3878.0,1658.0,3231.4815,1381.95
2021-09-13,132842,3,1990.0,3878.0,1658.0,3231.4815,1381.95
2021-09-14,132842,4,1990.0,3878.0,1658.0,3231.4815,1381.95
2021-09-15,132842,1,1990.0,3878.0,1658.0,3231.4815,1381.95
2021-09-17,132842,3,1990.0,3878.0,1658.0,3231.4815,1381.95
2021-09-20,132842,1,1990.0,3878.0,1658.0,3231.4815,1381.95
2021-09-21,132842,2,1990.0,3878.0,1658.0,3231.4815,1381.95
2021-09-22,132842,2,1990.0,3878.0,1658.0,3231.4815,1381.95
2021-09-23,132842,1,1990.0,3878.0,1658.0,3231.4815,1381.95
2021-09-24,132842,7,1990.0,3878.0,1658.0,3231.4815,1381.95
2021-09-28,132842,5,1990.0,3878.0,1658.0,3231.4815,1381.95
2021-09-29,132842,1,1990.0,3878.0,1658.0,3231.4815,1381.95
2021-09-30,132842,4,1990.0,3878.0,1658.0,3231.4815,1381.95
2021-10-04,132842,3,1990.0,3878.0,1658.0,3231.4815,1381.95
2021-10-05,132842,1,1990.0,3878.0,1658.0,3231.4815,1381.95
2021-10-06,132842,2,1990.0,3878.0,1658.0,3231.4815,1381.95
2021-10-11,132842,1,2490.0,3878.0,2075.0,3231.4815,1381.95
2021-10-14,132842,1,2490.0,3878.0,2075.0,3231.4815,1381.95
2021-10-20,132842,3,2490.0,3878.0,2075.0,3231.4815,1381.95
2021-10-21,132842,1,2490.0,3878.0,2075.0,3231.4815,1689.05
2021-10-26,132842,2,2490.0,3878.0,2075.0,3231.4815,1689.05
2021-11-01,132842,1,2490.0,3878.0,2075.0,3231.4815,1689.05
2021-11-02,132842,1,2490.0,3878.0,2075.0,3231.4815,1689.05
2021-11-03,132842,2,2490.0,3878.0,2075.0,3231.4815,1689.05
2021-11-10,132842,1,2490.0,3878.0,2075.0,3231.4833,1689.05
2021-11-15,132842,1,2490.0,3878.0,2075.0,3231.4815,1689.05
2021-11-16,132842,1,2908.0,3878.0,2423.0,3231.4815,1689.05
2021-11-17,132842,1,2490.0,3878.0,2075.0,3231.4815,1689.05
2021-11-19,132842,2,2490.0,3878.0,2075.0,3231.4815,1689.05
2021-11-23,132842,1,2490.0,3878.0,2075.0,3231.4815,1689.05
2021-11-24,132842,1,2490.0,3878.0,2075.0,3231.4815,1689.05
2021-11-25,132842,1,2490.0,3878.0,2075.0,3231.4815,1689.05
2021-11-27,132842,1,2490.0,3878.0,2075.0,3231.4815,1689.05
2021-11-28,132842,1,2490.0,3878.0,2075.0,3231.4815,1689.05
2021-11-30,132842,1,2490.0,3878.0,2075.0,3231.4815,1689.05
2021-12-01,132842,2,2490.0,3878.0,2075.0,3231.4815,1689.05
2021-12-02,132842,2,2490.0,3878.0,2075.0,3231.4815,1689.05
2021-12-06,132842,1,2490.0,3878.0,2075.0,3231.4815,1689.05
2021-12-07,132842,2,2490.0,3878.0,2075.0,3231.4815,1689.05
2021-12-13,132842,5,2490.0,3878.0,2075.0,3231.4815,1689.05
2021-12-14,132842,2,2490.0,3878.0,2075.0,3231.4815,1689.05
2021-12-15,132842,1,2490.0,3878.0,2075.0,3231.4815,1689.05
2021-12-20,132842,1,2490.0,3878.0,2075.0,3231.4815,1689.05
2021-12-22,132842,2,2490.0,3878.0,2075.0,3231.4815,1550.855
2021-12-24,132842,4,2490.0,3878.0,2075.0,3231.4815,1412.66
2021-12-28,132842,3,2490.0,3878.0,2075.0,3231.4815,1412.66
2021-12-29,132842,1,2490.0,3878.0,2075.0,3231.4815,1689.05
2021-12-31,132842,2,2490.0,3878.0,2075.0,3231.4815,1550.855
2021-02-01,110675,1,3649.0,4054.0,3041.0,3378.7037,1951.6982
2021-02-16,110675,1,3446.0,4054.0,2872.0,3378.7037,1984.6722
2021-03-19,110675,1,2990.0,4054.0,2492.0,3378.7037,1984.6722
2021-04-02,110675,1,3649.0,4054.0,3041.0,3378.7037,1951.6982
2021-04-15,110675,1,3041.0,4054.0,2534.0,3378.7037,1951.6982
2021-04-16,110675,1,3446.0,4054.0,2872.0,3378.7037,1951.6982
2021-04-20,110675,1,3649.0,4054.0,3041.0,3378.7037,1951.6982
2021-04-22,110675,1,3649.0,4054.0,3041.0,3378.7037,1951.6982
2021-04-26,110675,1,3649.0,4054.0,3041.0,3378.7037,1951.6982
2021-05-05,110675,1,3446.0,4054.0,2872.0,3378.7037,1951.6982
2021-05-10,110675,1,3649.0,4054.0,3041.0,3378.7037,1984.4444
2021-05-13,110675,1,3649.0,4054.0,3041.0,3378.7037,1984.4444
2021-05-25,110675,1,3649.0,4054.0,3041.0,3378.7037,1951.6982
2021-05-28,110675,1,3649.0,4054.0,3041.0,3378.7037,1984.4444
2021-06-02,110675,1,3649.0,4054.0,3041.0,3378.7037,1984.4444
2021-06-18,110675,1,2490.0,4054.0,2075.0,3378.7037,1984.4444
2021-06-20,110675,2,2490.0,4054.0,2075.0,3378.7037,1984.4444
2021-06-22,110675,1,2490.0,4054.0,2075.0,3378.7037,1984.4444
2021-06-26,110675,1,2490.0,4054.0,2075.0,3378.7037,1984.4444
2021-06-27,110675,1,2490.0,4054.0,2075.0,3378.7037,1984.4444
2021-06-28,110675,1,2490.0,4054.0,2075.0,3378.7037,1984.4444
2021-07-01,110675,1,2490.0,4054.0,2075.0,3378.7037,1984.4444
2021-07-02,110675,1,3649.0,4054.0,3041.0,3378.7037,1984.4444
2021-07-07,110675,2,3649.0,4054.0,3041.0,3378.7037,1968.0713
2021-07-10,110675,1,3649.0,4054.0,3041.0,3378.7037,1984.4444
2021-07-13,110675,2,3446.0,4054.0,2872.0,3378.7037,1984.4444
2021-07-19,110675,1,3649.0,4054.0,3041.0,3378.7037,1984.4444
2021-07-26,110675,1,3041.0,4054.0,2534.0,3378.7037,1984.4444
2021-10-15,110675,3,2799.0,3888.0,2332.0,3239.8148,1984.4444
2021-10-18,110675,2,2799.0,3888.0,2332.0,3239.8148,1951.6982
2021-10-19,110675,2,2799.0,3888.0,2332.0,3239.8148,1951.6982
2021-10-20,110675,2,2799.0,3888.0,2332.0,3239.8148,1951.6982
2021-10-21,110675,3,2799.0,3888.0,2332.0,3239.8148,1951.6982
2021-10-26,110675,2,2799.0,3888.0,2332.0,3239.8148,1951.6982
2021-10-27,110675,1,2799.0,3888.0,2332.0,3239.8148,1951.6982
2021-10-28,110675,4,2799.0,3888.0,2332.0,3239.8148,1951.6982
2021-10-29,110675,1,2799.0,3888.0,2332.0,3239.8148,1951.6982
2021-11-01,110675,2,2799.0,3888.0,2332.0,3239.8148,1951.6982
2021-11-03,110675,1,2799.0,3888.0,2332.0,3239.8148,1951.6982
2021-11-05,110675,2,3499.0,3888.0,2916.0,3239.8148,1951.6982
2021-11-06,110675,1,2916.0,3888.0,2430.0,3239.8148,1951.6982
2021-11-08,110675,1,2916.0,3888.0,2430.0,3239.8148,1951.6982
2021-11-09,110675,1,2799.0,3888.0,2332.0,3239.8148,1951.6982
2021-11-13,110675,1,2916.0,3888.0,2430.0,3239.8148,1951.6982
2021-11-15,110675,2,3110.0,3888.0,2591.5,3239.8148,1951.6982
2021-11-16,110675,3,2916.0,3888.0,2430.0,3239.8148,1951.6982
2021-11-17,110675,1,2916.0,3888.0,2430.0,3239.8148,1951.6982
2021-11-18,110675,1,2916.0,3888.0,2430.0,3239.8148,1951.6982
2021-11-19,110675,3,2916.0,3888.0,2430.0,3239.8148,1951.6982
2021-11-22,110675,2,3304.0,3888.0,2753.0,3239.8148,1951.6982
2021-11-23,110675,1,3304.0,3888.0,2753.0,3239.8148,1951.6982
2021-11-25,110675,7,1990.0,3888.0,1658.0,3239.8148,1951.6982
2021-11-26,110675,5,1990.0,3888.0,1658.0,3239.8148,1951.6982
2021-11-27,110675,7,1990.0,3888.0,1658.0,3239.8148,1951.6982
2021-11-28,110675,1,1990.0,3888.0,1658.0,3239.8148,1951.6982
2021-11-29,110675,11,1990.0,3888.0,1658.0,3239.8148,1951.6982
2021-11-30,110675,47,1990.0,3888.0,1658.0,3239.8148,1951.6982
2021-12-01,110675,29,1990.0,3888.0,1658.0,3239.8148,1951.6982
2021-12-02,110675,32,1990.0,3888.0,1658.0,3239.8148,1951.6982
2021-12-03,110675,16,1990.0,3888.0,1658.0,3239.8148,1951.6982
2021-12-05,110675,1,1990.0,3888.0,1658.0,3239.8148,1951.6982
2021-12-06,110675,9,1990.0,3888.0,1658.0,3239.8148,1951.6982
2021-12-07,110675,8,1990.0,3888.0,1658.0,3239.8148,1951.6982
2021-12-08,110675,3,1990.0,3888.0,1658.0,3239.8148,1951.6982
2021-12-09,110675,4,2453.0,3888.0,2044.0,3239.8148,1951.6982
2021-12-10,110675,16,1990.0,3888.0,1658.0,3239.8148,1951.6982
2021-12-11,110675,1,2916.0,3888.0,2430.0,3239.8148,1951.6982
2021-12-12,110675,1,2916.0,3888.0,2430.0,3239.8148,1951.6982
2021-12-13,110675,12,1990.0,3888.0,1658.0,3239.8148,1951.6982
2021-12-14,110675,4,1990.0,3888.0,1658.0,3239.8148,1951.6982
2021-12-17,110675,1,1990.0,3888.0,1658.0,3239.8148,1951.6982
2021-12-18,110675,1,1990.0,3888.0,1658.0,3239.8148,1951.6982
2021-12-20,110675,2,2453.0,3888.0,2044.0,3239.8148,1951.6982
2021-12-21,110675,1,1990.0,3888.0,1658.0,3239.8148,1951.6982
2021-12-22,110675,1,2916.0,3888.0,2430.0,3239.8148,1951.6982
2021-12-23,110675,1,2916.0,3888.0,2430.0,3239.8148,1951.6982
2021-12-24,110675,2,3207.5,3888.0,2673.0,3239.8148,1951.6982
2021-12-27,110675,1,2916.0,3888.0,2430.0,3239.8148,1951.6982
2021-12-28,110675,1,3499.0,3888.0,2916.0,3239.8148,1951.6982
2021-12-29,110675,2,2916.0,3888.0,2430.0,3239.8148,1951.6982
2021-12-30,110675,3,2916.0,3888.0,2430.0,3239.8148,1951.6982
2021-12-31,110675,2,2916.0,3888.0,2430.0,3239.8148,1951.6982
2021-02-05,106100,1,1790.0,1989.0,1492.0,1657.5,1100.0
2021-02-22,106100,1,1790.0,1989.0,1492.0,1657.5,1100.0
2021-03-15,106100,1,1790.0,1989.0,1492.0,1657.5,1100.0
2021-03-16,106100,2,1691.0,1989.0,1409.0,1657.5,1100.0
2021-03-24,106100,1,1790.0,1989.0,1492.0,1657.5,1100.0
2021-04-21,106100,1,1691.0,1989.0,1409.0,1657.5,1100.0
2021-04-22,106100,1,1790.0,1989.0,1492.0,1657.5,1100.0
2021-05-26,106100,1,1790.0,1989.0,1492.0,1657.5,1100.0
2021-06-04,106100,1,1790.0,1989.0,1492.0,1657.5,1100.0
2021-06-10,106100,1,1691.0,1989.0,1409.0,1657.5,1100.0
2021-06-14,106100,2,1691.0,1989.0,1409.0,1657.5,1290.0
2021-06-15,106100,2,1691.0,1989.0,1409.0,1657.5,1290.0
2021-06-19,106100,1,1790.0,1989.0,1492.0,1657.5,1150.0
2021-06-21,106100,26,1591.0,1989.0,1326.0,1657.5,1100.0
2021-06-22,106100,6,1591.0,1989.0,1326.0,1657.5,1100.0
2021-06-23,106100,18,1591.0,1989.0,1326.0,1657.5,1100.0
2021-06-24,106100,24,1591.0,1989.0,1326.0,1657.5,1290.0
2021-06-25,106100,30,1591.0,1989.0,1326.0,1657.5,1290.0
2021-06-26,106100,6,1591.0,1989.0,1326.0,1657.5,1290.0
2021-06-27,106100,1,1591.0,1989.0,1326.0,1657.5,1290.0
2021-06-28,106100,16,1591.0,1989.0,1326.0,1657.5,1100.0
2021-06-29,106100,11,1591.0,1989.0,1326.0,1657.5,1290.0
2021-06-30,106100,20,1591.0,1989.0,1326.0,1657.5,1290.0
2021-07-01,106100,10,1591.0,1989.0,1326.0,1657.5,1290.0
2021-07-02,106100,4,1591.0,1989.0,1326.0,1657.5,1290.0
2021-07-03,106100,1,1590.0,1989.0,1325.0,1657.5,1500.0
2021-07-04,106100,1,1590.0,1989.0,1325.0,1657.5,1290.0
2021-07-05,106100,24,1591.0,1989.0,1326.0,1657.5,1290.0
2021-07-06,106100,13,1591.0,1989.0,1326.0,1657.5,1290.0
2021-07-07,106100,5,1591.0,1989.0,1326.0,1657.5,1290.0
2021-07-08,106100,16,1590.0,1989.0,1325.0,1657.5,1290.0
2021-07-12,106100,3,1590.0,1989.0,1325.0,1657.5,1290.0
2021-07-13,106100,5,1590.0,1989.0,1325.0,1657.5,1395.0
2021-07-17,106100,3,1590.0,1989.0,1325.0,1657.5,1472.0
2021-07-20,106100,6,1590.0,1989.0,1325.0,1657.5,1290.0
2021-07-21,106100,1,1590.0,1989.0,1325.0,1657.5,1290.0
2021-07-22,106100,2,1590.5,1989.0,1325.5,1657.5,1290.0
2021-08-11,106100,1,1591.0,1989.0,1326.0,1657.5,1500.0
2021-08-12,106100,2,1590.0,1989.0,1325.0,1657.5,1290.0
2021-08-17,106100,4,1591.0,1989.0,1326.0,1657.5,1100.0
2021-08-20,106100,1,1790.0,1989.0,1492.0,1657.5,1100.0
2021-08-27,106100,1,1790.0,1989.0,1492.0,1657.5,1290.0
2021-08-30,106100,1,1790.0,1989.0,1492.0,1657.5,1500.0
2021-08-31,106100,3,1790.0,1989.0,1492.0,1657.5,1290.0
2021-09-10,106100,1,1790.0,1989.0,1492.0,1657.5,1290.0
2021-09-13,106100,1,1790.0,1989.0,1492.0,1657.5,1290.0
2021-09-16,106100,2,1790.0,1989.0,1492.0,1657.5,1290.0
2021-09-23,106100,1,1691.0,1989.0,1409.0,1657.5,1290.0
2021-09-28,106100,1,1790.0,1989.0,1492.0,1657.5,1290.0
2021-10-06,106100,1,1790.0,1989.0,1492.0,1657.5,1290.0
2021-10-09,106100,1,1591.0,1989.0,1326.0,1657.5,1290.0
2021-10-11,106100,1,1591.0,1989.0,1326.0,1657.5,1100.0
2021-11-11,106100,1,1790.0,1989.0,1492.0,1657.5,1100.0
