sales_data.csv
sale_date,product_id,quantity,sales_price_tax,regular_price_tax,sales_price,regular_price,purchase_price
2021-02-09,161147,1,4249.0,4999.0,3541.0,4165.7407,2200.0
2021-02-11,161147,1,4249.0,4999.0,3541.0,4165.7407,2200.0
2021-02-13,161147,1,4499.0,4999.0,3749.0,4165.7407,2200.0
2021-02-18,161147,1,4249.0,4999.0,3541.0,4165.7407,2200.0
2021-02-20,161147,1,3999.0,4999.0,3332.0,4165.7407,2200.0
2021-02-22,161147,1,4499.0,4999.0,3749.0,4165.7407,2200.0
2021-02-25,161147,1,3999.0,4999.0,3332.0,4165.7407,2200.0
2021-03-01,161147,1,3999.0,4999.0,3332.0,4165.7407,2200.0
2021-03-03,161147,1,4249.0,4999.0,3541.0,4165.7407,2200.0
2021-03-05,161147,1,3749.0,4999.0,3124.0,4165.7407,2200.0
2021-03-08,161147,1,4249.0,4999.0,3541.0,4165.7407,2200.0
2021-03-09,161147,4,3999.0,4999.0,3332.0,4165.7407,2200.0
2021-03-10,161147,1,3999.0,4999.0,3332.0,4165.7407,2200.0
2021-03-11,161147,1,3990.0,4999.0,3325.0,4165.7407,2200.0
2021-03-12,161147,1,3990.0,4999.0,3325.0,4165.7407,2200.0
2021-03-15,161147,4,3990.0,4999.0,3325.0,4165.7407,2200.0
2021-03-18,161147,1,3990.0,4999.0,3325.0,4165.7407,2200.0
2021-03-19,161147,2,3990.0,4999.0,3325.0,4165.7407,2200.0
2021-03-24,161147,3,4499.0,4999.0,3749.0,4165.7407,2200.0
2021-03-26,161147,3,3999.0,4999.0,3332.0,4165.7407,2200.0
2021-03-29,161147,3,3749.0,4999.0,3124.0,4165.7407,2200.0
2021-03-31,161147,2,3999.0,4999.0,3332.0,4165.7407,2200.0
2021-04-05,161147,1,4499.0,4999.0,3749.0,4165.7407,2200.0
2021-04-07,161147,1,4499.0,4443.0,3749.0,3702.7778,2200.0
2021-04-08,161147,1,3332.0,4443.0,2777.0,3702.7778,2200.0
2021-04-09,161147,2,3915.5,4443.0,3263.0,3702.7778,2200.0
2021-04-12,161147,2,3332.0,4999.0,2777.0,4165.7407,2200.0
2021-04-13,161147,2,3699.5,4999.0,3083.0,4165.7407,2200.0
2021-04-14,161147,3,3332.0,4999.0,2777.0,4165.7407,2200.0
2021-04-15,161147,3,3999.0,4999.0,3332.0,4165.7407,2200.0
2021-04-17,161147,1,3749.0,4999.0,3124.0,4165.7407,2200.0
2021-04-19,161147,1,4249.0,4999.0,3541.0,4165.7407,2200.0
2021-04-21,161147,2,3619.5,4999.0,3016.0,4165.7407,2200.0
2021-04-22,161147,3,3749.0,4999.0,3124.0,4165.7407,2200.0
2021-04-27,161147,3,3490.0,4999.0,2908.0,4165.7407,2200.0
2021-04-28,161147,5,3490.0,4999.0,2908.0,4165.7407,2200.0
2021-04-29,161147,2,3490.0,4999.0,2908.0,4165.7407,2200.0
2021-05-03,161147,1,3490.0,4999.0,2908.0,4165.7407,2200.0
2021-05-05,161147,4,3490.0,4999.0,2908.0,4165.7407,2200.0
2021-05-06,161147,1,3490.0,4999.0,2908.0,4165.7407,2200.0
2021-05-07,161147,2,3490.0,4999.0,2908.0,4165.7407,2200.0
2021-05-10,161147,1,4499.0,4999.0,3749.0,4165.7407,2200.0
2021-05-14,161147,1,4499.0,4999.0,3749.0,4165.7407,2200.0
2021-05-17,161147,1,4499.0,4999.0,3749.0,4165.7407,2200.0
2021-05-23,161147,1,3749.0,4999.0,3124.0,4165.7407,2200.0
2021-05-24,161147,2,3749.0,4999.0,3124.0,4165.7407,2200.0
2021-05-25,161147,2,3749.0,4999.0,3124.0,4165.7407,2200.0
2021-05-26,161147,1,3749.0,4999.0,3124.0,4165.7407,2200.0
2021-05-27,161147,1,3749.0,4999.0,3124.0,4165.7407,2200.0
2021-06-01,161147,1,4249.0,4443.0,3541.0,3702.7778,2200.0
2021-06-02,161147,3,3332.0,4443.0,2777.0,3702.7778,2200.0
2021-06-03,161147,2,3332.0,4443.0,2777.0,3702.7778,2200.0
2021-06-04,161147,1,3332.0,4443.0,2777.0,3702.7778,2200.0
2021-06-07,161147,1,3777.0,4443.0,3148.0,3702.7778,2200.0
2021-06-08,161147,1,3332.0,4443.0,2777.0,3702.7778,2200.0
2021-06-09,161147,1,3332.0,4443.0,2777.0,3702.7778,2200.0
2021-06-17,161147,1,3999.0,4443.0,3332.0,3702.7778,2200.0
2021-06-23,161147,2,3999.0,4443.0,3332.0,3702.7778,2200.0
2021-06-24,161147,1,3999.0,4443.0,3332.0,3702.7778,2200.0
2021-07-09,161147,1,3999.0,4443.0,3332.0,3702.7778,2200.0
2021-07-12,161147,1,3999.0,4443.0,3332.0,3702.7778,2200.0
2021-07-22,161147,1,3999.0,4443.0,3332.0,3702.7778,2200.0
2021-07-28,161147,1,3999.0,4443.0,3332.0,3702.7778,2200.0
2021-07-29,161147,2,3332.0,4443.0,2777.0,3702.7778,2300.0
2021-07-30,161147,2,3554.5,4443.0,2962.5,3702.7778,2200.0
2021-07-31,161147,1,3332.0,4443.0,2777.0,3702.7778,2200.0
2021-08-05,161147,1,3332.0,4443.0,2777.0,3702.7778,2200.0
2021-08-10,161147,1,3777.0,4443.0,3148.0,3702.7778,2200.0
2021-08-12,161147,1,3999.0,4443.0,3332.0,3702.7778,2200.0
2021-08-16,161147,1,3332.0,4443.0,2777.0,3702.7778,2200.0
2021-08-17,161147,1,3399.0,4443.0,2832.0,3702.7778,2200.0
2021-08-18,161147,3,3332.0,4443.0,2777.0,3702.7778,2200.0
2021-08-19,161147,2,3332.0,4443.0,2777.0,3702.7778,2200.0
2021-08-20,161147,2,3332.0,4443.0,2777.0,3702.7778,2200.0
2021-08-26,161147,3,3332.0,4443.0,2777.0,3702.7778,2300.0
2021-08-27,161147,1,3332.0,4443.0,2777.0,3702.7778,2200.0
2021-08-30,161147,1,3332.0,4443.0,2777.0,3702.7778,2200.0
2021-09-01,161147,1,3332.0,4443.0,2777.0,3702.7778,2200.0
2021-09-03,161147,1,3777.0,4443.0,3148.0,3702.7778,2200.0
2021-09-04,161147,1,3332.0,4443.0,2777.0,3702.7778,2400.0
2021-09-06,161147,1,3777.0,4443.0,3148.0,3702.7778,2200.0
2021-09-09,161147,2,3332.0,4443.0,2777.0,3702.7778,2200.0
2021-09-10,161147,1,3332.0,4443.0,2777.0,3702.7778,2200.0
2021-09-25,161147,1,3190.0,4443.0,2658.0,3702.7778,2400.0
2021-09-27,161147,1,3190.0,4443.0,2658.0,3702.7778,2200.0
2021-09-30,161147,4,3190.0,4443.0,2658.0,3702.7778,2200.0
2021-10-01,161147,2,3262.5,4443.0,2718.5,3702.7778,2300.0
2021-10-07,161147,1,3190.0,4443.0,2658.0,3702.7778,2200.0
2021-10-10,161147,1,3999.0,4443.0,3332.0,3702.7778,2400.0
2021-10-11,161147,1,3999.0,4443.0,3332.0,3702.7778,2200.0
2021-10-12,161147,1,3777.0,4443.0,3148.0,3702.7778,2200.0
2021-10-13,161147,3,3777.0,4443.0,3148.0,3702.7778,2200.0
2021-10-15,161147,1,3777.0,4443.0,3148.0,3702.7778,2200.0
2021-10-18,161147,3,3332.0,4443.0,2777.0,3702.7778,2400.0
2021-10-19,161147,2,3888.0,4443.0,3240.0,3702.7778,2200.0
2021-10-21,161147,1,3332.0,4443.0,2777.0,3702.7778,2200.0
2021-10-22,161147,3,3332.0,4443.0,2777.0,3702.7778,2400.0
2021-10-23,161147,1,3332.0,4443.0,2777.0,3702.7778,2400.0
2021-10-24,161147,1,3332.0,4443.0,2777.0,3702.7778,2400.0
2021-10-25,161147,1,3332.0,4443.0,2777.0,3702.7778,2400.0
2021-10-27,161147,2,3332.0,4443.0,2777.0,3702.7778,2300.0
2021-10-28,161147,2,3332.0,4443.0,2777.0,3702.7778,2300.0
2021-10-29,161147,2,3332.0,4443.0,2777.0,3702.7778,2200.0
2021-10-30,161147,2,3332.0,4443.0,2777.0,3702.7778,2400.0
2021-11-01,161147,1,3332.0,4443.0,2777.0,3702.7778,2200.0
2021-11-03,161147,2,3665.5,4443.0,3054.5,3702.7778,2300.0
2021-11-04,161147,1,3332.0,4443.0,2777.0,3702.7778,2400.0
2021-11-05,161147,5,3332.0,4443.0,2777.0,3702.7778,2200.0
2021-11-06,161147,1,3332.0,4443.0,2777.0,3702.7778,2400.0
2021-11-07,161147,1,3332.0,4443.0,2777.0,3702.7778,2400.0
2021-11-10,161147,1,3332.0,4443.0,2777.0,3702.7778,2400.0
2021-11-13,161147,1,3332.0,4443.0,2777.0,3702.7778,2200.0
2021-11-15,161147,1,3332.0,4443.0,2777.0,3702.7778,2400.0
2021-11-16,161147,1,3332.0,4443.0,2777.0,3702.7778,2400.0
2021-11-17,161147,1,3777.0,4443.0,3148.0,3702.7778,2400.0
2021-11-18,161147,2,3366.0,4443.0,2805.0,3702.7778,2400.0
2021-11-21,161147,1,3332.0,4443.0,2777.0,3702.7778,2400.0
2021-11-23,161147,1,3290.0,4443.0,2742.0,3702.7778,2200.0
2021-12-16,161147,1,3777.0,4443.0,3148.0,3702.7778,2400.0
2021-12-17,161147,1,3555.0,4443.0,2962.0,3702.7778,2400.0
2021-12-20,161147,2,3555.0,4443.0,2962.0,3702.7778,2400.0
2021-12-26,161147,1,3110.0,4443.0,2592.0,3702.7778,2400.0
2021-12-27,161147,1,3555.0,4443.0,2962.0,3702.7778,2400.0
2021-12-28,161147,1,3110.0,4443.0,2592.0,3702.7778,2400.0
2021-12-31,161147,1,3110.0,4443.0,2592.0,3702.7778,2400.0
2021-02-10,126707,1,2490.0,4999.0,2075.0,4165.7407,1930.0
2021-02-18,126707,1,3799.0,4999.0,3166.0,4165.7407,1930.0
2021-03-10,126707,1,2490.0,4999.0,2075.0,4165.7407,1930.0
2021-03-27,126707,1,3999.0,4999.0,3332.0,4165.7407,1930.0
2021-04-08,126707,1,2490.0,4999.0,2075.0,4165.7407,1930.0
2021-05-17,126707,1,4499.0,4999.0,3749.0,4165.7407,1930.0
2021-09-21,126707,1,4499.0,4999.0,3749.0,4165.7407,1930.0
2021-09-23,126707,1,3799.0,4999.0,3166.0,4165.7407,1930.0
2021-09-24,126707,1,3190.0,4999.0,2658.0,4165.7407,2200.0
2021-09-30,126707,1,3190.0,4999.0,2658.0,4165.7407,2200.0
2021-10-21,126707,5,2490.0,4999.0,2075.0,4165.7407,1930.0
2021-11-01,126707,1,3749.0,4999.0,3124.0,4165.7407,1930.0
2021-11-05,126707,1,3749.0,4999.0,3124.0,4165.7407,1930.0
2021-11-08,126707,1,3749.0,4999.0,3124.0,4165.7407,2200.0
2021-11-09,126707,2,3749.0,4999.0,3124.0,4165.7407,1930.0
2021-11-10,126707,1,3749.0,4999.0,3124.0,4165.7407,2000.0
2021-11-15,126707,3,3749.0,4999.0,3124.0,4165.7407,2000.0
2021-11-19,126707,2,3749.0,4999.0,3124.0,4165.7407,2000.0
2021-11-21,126707,1,3749.0,4999.0,3124.0,4165.7407,2000.0
2021-11-24,126707,4,2790.0,4999.0,2325.0,4165.7407,2000.0
2021-11-25,126707,7,2790.0,4999.0,2325.0,4165.7407,2000.0
2021-11-26,126707,4,3269.5,4999.0,2724.5,4165.7407,1930.0
2021-11-27,126707,8,2790.0,4999.0,2325.0,4165.7407,1930.0
2021-11-28,126707,2,2790.0,4999.0,2325.0,4165.7407,2000.0
2021-11-29,126707,26,2790.0,4999.0,2325.0,4165.7407,1930.0
2021-11-30,126707,24,2790.0,4999.0,2325.0,4165.7407,2000.0
2021-12-01,126707,8,2790.0,4999.0,2325.0,4165.7407,2000.0
2021-12-02,126707,26,2790.0,4999.0,2325.0,4165.7407,2000.0
2021-12-03,126707,8,2790.0,4999.0,2325.0,4165.7407,2000.0
2021-12-04,126707,5,2790.0,4999.0,2325.0,4165.7407,2000.0
2021-12-05,126707,2,2790.0,4999.0,2325.0,4165.7407,2000.0
2021-12-06,126707,17,2790.0,4999.0,2325.0,4165.7407,2000.0
2021-12-07,126707,10,2790.0,4999.0,2325.0,4165.7407,2000.0
2021-12-08,126707,5,2790.0,4999.0,2325.0,4165.7407,2000.0
2021-12-09,126707,3,2790.0,4999.0,2325.0,4165.7407,2000.0
2021-12-10,126707,2,2790.0,4999.0,2325.0,4165.7407,2000.0
2021-12-11,126707,3,2790.0,4999.0,2325.0,4165.7407,2000.0
2021-12-14,126707,2,2790.0,4999.0,2325.0,4165.7407,2000.0
2021-12-15,126707,1,2790.0,4999.0,2325.0,4165.7407,2000.0
2021-12-16,126707,1,2790.0,4999.0,2325.0,4165.7407,2000.0
2021-12-19,126707,1,4999.0,4999.0,4166.0,4165.7407,2000.0
2021-12-20,126707,1,4499.0,4999.0,3749.0,4165.7407,2000.0
2021-12-21,126707,1,3999.0,4999.0,3332.0,4165.7407,2000.0
2021-12-22,126707,2,3644.5,4999.0,3037.0,4165.7407,1965.0
2021-12-23,126707,1,3749.0,4999.0,3124.0,4165.7407,2000.0
2021-12-24,126707,6,3999.0,4999.0,3332.0,4165.7407,2200.0
2021-12-25,126707,4,3499.0,4999.0,2916.0,4165.7407,2000.0
2021-12-26,126707,4,3499.0,4999.0,2916.0,4165.7407,2000.0
2021-12-27,126707,7,3499.0,4999.0,2916.0,4165.7407,2000.0
2021-12-28,126707,2,3499.0,4999.0,2916.0,4165.7407,2100.0
2021-12-29,126707,8,3499.0,4999.0,2916.0,4165.7407,2100.0
2021-12-30,126707,14,3499.0,4999.0,2916.0,4165.7407,2100.0
2021-12-31,126707,6,3499.0,4999.0,2916.0,4165.7407,2000.0
2021-03-22,162102,2,24990.0,33322.0,20825.0,27768.5185,22000.0
2021-03-24,162102,3,24990.0,33322.0,20825.0,27768.5185,22000.0
2021-03-25,162102,1,24990.0,33322.0,20825.0,27768.5185,22000.0
2021-03-27,162102,4,25824.0,33322.0,21520.0,27768.5185,22000.0
2021-03-29,162102,4,25824.0,33322.0,21520.0,27768.5185,22000.0
2021-03-30,162102,4,24990.0,33322.0,20825.0,27768.5185,22000.0
2021-05-13,162102,2,28323.0,33322.0,23602.0,27768.5185,22000.0
2021-05-31,162102,1,28323.0,33322.0,23602.0,27768.5185,22000.0
2021-06-05,162102,1,20990.0,33322.0,17492.0,27768.5185,22000.0
2021-06-06,162102,3,20990.0,33322.0,17492.0,27768.5185,22000.0
2021-06-07,162102,2,20990.0,33322.0,17492.0,27768.5185,22000.0
2021-06-08,162102,5,20990.0,33322.0,17492.0,27768.5185,22000.0
2021-06-09,162102,2,20990.0,33322.0,17492.0,27768.5185,22500.00005
2021-06-10,162102,9,20990.0,33322.0,17492.0,27768.5185,22000.0
2021-06-11,162102,7,20990.0,33322.0,17492.0,27768.5185,22000.0
2021-06-12,162102,8,20990.0,33322.0,17492.0,27768.5185,23000.00005
2021-06-13,162102,1,20990.0,33322.0,17492.0,27768.5185,23000.0001
2021-06-14,162102,6,20990.0,33322.0,17492.0,27768.5185,23000.0
2021-06-15,162102,7,20990.0,33322.0,17492.0,27768.5185,23000.0
2021-06-16,162102,5,20990.0,33322.0,17492.0,27768.5185,23000.0
2021-06-17,162102,7,20990.0,33322.0,17492.0,27768.5185,23000.0
2021-06-18,162102,7,20990.0,33322.0,17492.0,27768.5185,23000.0
2021-06-20,162102,2,20990.0,33322.0,17492.0,27768.5185,23000.00005
2021-06-21,162102,15,20990.0,33322.0,17492.0,27768.5185,23000.0
2021-06-22,162102,2,20990.0,33322.0,17492.0,27768.5185,23000.0
2021-06-23,162102,9,20990.0,33322.0,17492.0,27768.5185,23000.0
2021-06-24,162102,14,20990.0,33322.0,17492.0,27768.5185,22000.0
2021-06-25,162102,4,20990.0,33322.0,17492.0,27768.5185,22000.0
2021-06-28,162102,1,20990.0,33322.0,17492.0,27768.5185,22000.0
2021-07-01,162102,1,20990.0,33322.0,17492.0,27768.5185,22000.0
2021-07-03,162102,1,29990.0,33322.0,24992.0,27768.5185,22000.0
2021-07-07,162102,3,28990.0,33322.0,24158.5,27768.5185,22000.0
2021-07-08,162102,1,29990.0,33322.0,24992.0,27768.5185,23000.0001
2021-07-09,162102,1,20990.0,33322.0,17492.0,27768.5185,22000.0
2021-07-12,162102,1,20990.0,33322.0,17492.0,27768.5185,22000.0
2021-07-13,162102,1,29990.0,33322.0,24992.0,27768.5185,22000.0
2021-07-14,162102,1,27990.0,33322.0,23325.0,27768.5185,22000.0
2021-07-17,162102,2,24490.0,33322.0,20408.5,27768.5185,22000.0
2021-07-19,162102,2,24490.0,33322.0,20408.5,27768.5185,22000.0
2021-07-21,162102,1,26658.0,33322.0,22215.0,27768.5185,23000.0001
2021-07-22,162102,3,26658.0,33322.0,22215.0,27768.5185,23000.0001
2021-07-26,162102,2,28324.0,33322.0,23603.5,27768.5185,22000.0
2021-07-27,162102,2,26658.0,33322.0,22215.0,27768.5185,22000.0
2021-07-28,162102,1,27990.0,33322.0,23325.0,27768.5185,22000.0
2021-07-31,162102,1,28323.0,33322.0,23602.0,27768.5185,22000.0
2021-08-12,162102,2,26907.0,33322.0,22422.0,27768.5185,24000.0
2021-08-16,162102,2,28323.0,33322.0,23602.0,27768.5185,24000.0
2021-08-17,162102,1,28990.0,33322.0,24158.0,27768.5185,23000.0001
2021-08-20,162102,1,28990.0,33322.0,24158.0,27768.5185,24000.0
2021-08-24,162102,1,28990.0,33322.0,24158.0,27768.5185,24000.0
2021-08-25,162102,1,28990.0,33322.0,24158.0,27768.5185,24000.0
2021-08-26,162102,1,28990.0,33322.0,24158.0,27768.5185,24000.0
2021-08-31,162102,1,28323.0,36656.0,23602.0,30546.2963,23000.0001
2021-09-02,162102,1,29990.0,36656.0,24992.0,30546.2963,23000.0
2021-09-03,162102,1,32990.0,36656.0,27492.0,30546.2963,24500.0
2021-09-07,162102,1,32990.0,36656.0,27492.0,30546.2963,24000.0
2021-09-26,162102,1,29990.0,36656.0,24992.0,30546.2963,23999.9999
2021-09-27,162102,1,31156.0,36656.0,25963.0,30546.2963,22500.0001
2021-09-30,162102,1,29990.0,36656.0,24992.0,30546.2963,22500.0
2021-10-02,162102,1,29990.0,36656.0,24992.0,30546.2963,22500.0001
2021-10-07,162102,1,29990.0,36656.0,24992.0,30546.2963,23000.0001
2021-10-08,162102,1,29990.0,36656.0,24992.0,30546.2963,23000.0001
2021-10-10,162102,1,29990.0,36656.0,24992.0,30546.2963,22500.0001
2021-10-16,162102,1,29990.0,36656.0,24992.0,30546.2963,22500.0
2021-10-19,162102,3,29990.0,36656.0,24992.0,30546.2963,22500.0
2021-10-20,162102,2,29990.0,36656.0,24992.0,30546.3,23250.0
2021-10-21,162102,1,29990.0,36656.0,24992.0,30546.2963,22500.0
2021-10-22,162102,1,29990.0,36656.0,24992.0,30546.2963,22500.0
2021-10-23,162102,1,29990.0,36656.0,24992.0,30546.2963,23000.0001
2021-10-31,162102,1,29990.0,36656.0,24992.0,30546.2963,22500.0
2021-11-02,162102,2,32990.0,36656.0,27492.0,30546.2963,23249.99995
2021-11-23,162102,3,29325.0,36656.0,24438.0,30546.2963,22500.0
2021-11-24,162102,1,29990.0,36656.0,24992.0,30546.2963,22500.0001
2021-11-25,162102,2,29990.0,36656.0,24992.0,30546.2963,22500.0001
2021-11-27,162102,1,32990.0,36656.0,27492.0,30546.2963,22500.0001
2021-11-28,162102,1,29990.0,36656.0,24992.0,30546.2963,22500.0
2021-11-30,162102,4,29990.0,36656.0,24992.0,30546.2963,22500.0
2021-12-02,162102,4,29990.0,36656.0,24992.0,30546.2963,22500.0
2021-12-04,162102,1,26990.0,36656.0,22492.0,30546.2963,22500.0001
2021-12-06,162102,1,26990.0,36656.0,22492.0,30546.3,22500.0
2021-12-07,162102,1,29990.0,36656.0,24992.0,30546.2963,23000.0
2021-12-08,162102,1,26990.0,36656.0,22492.0,30546.2963,23999.9999
2021-12-09,162102,2,26990.0,36656.0,22492.0,30546.2963,22500.00005
2021-12-10,162102,1,26990.0,36656.0,22492.0,30546.2963,22500.0001
2021-12-11,162102,2,26990.0,36656.0,22492.0,30546.2963,22500.00005
2021-12-13,162102,1,26990.0,36656.0,22492.0,30546.2963,22500.0001
2021-12-14,162102,2,28490.0,36656.0,23742.0,30546.2963,22500.0001
2021-12-15,162102,1,26990.0,36656.0,22492.0,30546.2963,22500.0001
2021-12-16,162102,1,26990.0,36656.0,22492.0,30546.3,22500.0
2021-12-17,162102,1,26990.0,36656.0,22492.0,30546.2963,23999.9999
2021-12-20,162102,3,26990.0,36656.0,22492.0,30546.2963,22500.0001
2021-12-21,162102,1,26990.0,36656.0,22492.0,30546.2963,22500.0001
2021-12-22,162102,2,26990.0,36656.0,22492.0,30546.2963,22500.00005
2021-12-23,162102,5,26990.0,36656.0,22492.0,30546.2963,22500.000025
2021-12-24,162102,2,26990.0,36656.0,22492.0,30546.2963,22500.0
2021-12-27,162102,3,26990.0,36656.0,22492.0,30546.2963,22500.0
2021-12-28,162102,3,26990.0,36656.0,22492.0,30546.2963,22500.0
2021-12-29,162102,1,26990.0,36656.0,22492.0,30546.2963,22500.0001
2021-12-30,162102,1,26990.0,36656.0,22492.0,30546.2963,22500.0001
2021-12-31,162102,7,26990.0,36656.0,22492.0,30546.2963,22500.0
