sales_data.csv
sale_date,product_id,quantity,sales_price_tax,regular_price_tax,sales_price,regular_price,purchase_price
2021-03-31,149301,1,17990.0,19989.0,14992.0,16657.4083,9750.0
2021-05-31,149301,1,18990.0,22211.0,15825.0,18509.2593,13500.0
2021-06-04,149301,1,15992.0,22211.0,13327.0,18509.2593,13150.0
2021-06-07,149301,1,14990.0,22211.0,12492.0,18509.2593,13500.0
2021-06-08,149301,1,17769.0,22211.0,14808.0,18509.2593,13500.0
2021-06-09,149301,1,14990.0,22211.0,12492.0,18509.2593,13500.0
2021-06-10,149301,3,14990.0,22211.0,12492.0,18509.2593,13500.0
2021-06-11,149301,2,14990.0,22211.0,12492.0,18509.2593,13500.0
2021-06-14,149301,3,14990.0,22211.0,12492.0,18509.2593,13500.0
2021-06-15,149301,1,14990.0,22211.0,12492.0,18509.2593,13500.0
2021-06-16,149301,2,14990.0,22211.0,12492.0,18509.2593,13500.0
2021-06-17,149301,7,14990.0,22211.0,12492.0,18509.2593,13500.0
2021-06-18,149301,13,14990.0,22211.0,12492.0,18509.2593,14870.0
2021-06-19,149301,5,14990.0,22211.0,12492.0,18509.2593,14870.0
2021-06-20,149301,1,14990.0,22211.0,12492.0,18509.2593,14870.0
2021-06-21,149301,4,14990.0,22211.0,12492.0,18509.2593,14870.0
2021-06-22,149301,4,14990.0,22211.0,12492.0,18509.2593,14870.0
2021-06-23,149301,3,14990.0,22211.0,12492.0,18509.2593,13500.0
2021-06-24,149301,5,14990.0,22211.0,12492.0,18509.2593,13500.0
2021-06-29,149301,1,14990.0,22211.0,12492.0,18509.2593,14870.0
2021-07-01,149301,3,14990.0,22211.0,12492.0,18509.2593,14870.0
2021-07-09,149301,1,14990.0,22211.0,12492.0,18509.2593,13500.0001
2021-07-26,149301,1,17990.0,22211.0,14992.0,18509.2593,13500.0
2021-08-23,149301,1,17990.0,22211.0,14992.0,18509.2593,13500.0
2021-08-30,149301,1,17990.0,22211.0,14992.0,18509.2593,13500.0
2021-09-06,149301,1,19990.0,22211.0,16658.0,18509.2593,14870.0
2021-09-24,149301,1,18879.0,22211.0,15732.0,18509.2593,14870.0
2021-10-11,149301,1,19990.0,22211.0,16658.0,18509.2593,14000.0
2021-10-18,149301,1,18879.0,22211.0,15732.0,18509.2593,14000.0
2021-11-24,149301,2,14990.0,22211.0,12492.0,18509.2593,11700.0
2021-11-25,149301,6,14990.0,22211.0,12492.0,18509.2593,11700.0
2021-11-26,149301,4,14990.0,22211.0,12492.0,18509.2593,12600.0
2021-11-27,149301,4,14990.0,22211.0,12492.0,18509.2593,11700.0
2021-11-28,149301,3,14990.0,22211.0,12492.0,18509.2593,9750.0
2021-11-29,149301,11,14990.0,22211.0,12492.0,18509.2593,9750.0
2021-11-30,149301,26,14990.0,22211.0,12492.0,18509.2593,9750.0
2021-12-01,149301,18,14990.0,22211.0,12492.0,18509.2593,9750.0
2021-12-02,149301,16,14990.0,22211.0,12492.0,18509.2593,9750.0
2021-12-03,149301,4,14990.0,22211.0,12492.0,18509.2593,9750.0
2021-12-06,149301,7,14990.0,22211.0,12492.0,18509.2593,9750.0
2021-12-07,149301,4,14990.0,22211.0,12492.0,18509.2593,11700.0
2021-12-09,149301,2,14990.0,22211.0,12492.0,18509.2593,11700.0
2021-12-10,149301,11,14990.0,22211.0,12492.0,18509.2593,9750.0
2021-12-13,149301,1,14990.0,22211.0,12492.0,18509.2593,11700.0
2021-12-14,149301,2,14990.0,22211.0,12492.0,18509.2593,9750.0
2021-12-22,149301,1,15990.0,22211.0,13325.0,18509.2593,12500.0
2021-12-27,149301,1,15490.0,22211.0,12908.0,18509.2593,9750.0
2021-12-28,149301,1,15990.0,22211.0,13325.0,18509.2593,12500.0
2021-04-02,112582,1,23991.0,29989.0,19992.0,24990.7407,18909.0001
2021-04-14,112582,2,25684.5,32211.0,21403.5,26842.5917,18909.0
2021-04-15,112582,2,23991.0,32211.0,19992.0,26842.5917,18909.0
2021-04-19,112582,1,23991.0,32211.0,19992.0,26842.5917,18909.0
2021-04-22,112582,1,23990.0,32211.0,19992.0,26842.5917,18909.0
2021-04-23,112582,2,23990.0,32211.0,19992.0,26842.5917,18909.0
2021-05-03,112582,1,23990.0,31100.0,19992.0,25916.6667,18909.0
2021-05-04,112582,2,23990.0,31100.0,19992.0,25916.6667,18909.0
2021-05-05,112582,3,23990.0,31100.0,19992.0,25916.6667,18909.0
2021-05-06,112582,3,23740.0,31100.0,19783.5,25916.6667,18909.0
2021-05-11,112582,1,26434.0,31100.0,22028.0,25916.6667,18909.0
2021-05-13,112582,2,26434.0,31100.0,22028.0,25916.6667,18909.0
2021-05-21,112582,1,27378.0,31100.0,22815.0,25916.6667,18909.0
2021-05-26,112582,1,25190.0,31100.0,20992.0,25916.6667,18909.0
2021-05-28,112582,2,25190.0,31100.0,20992.0,25916.6667,18909.00005
2021-05-31,112582,1,25190.0,31100.0,20992.0,25916.6667,18909.0
2021-06-02,112582,1,25190.0,31100.0,20992.0,25916.6667,18909.0
2021-06-03,112582,2,25090.0,31100.0,20908.5,25916.6667,18909.0
2021-06-04,112582,1,25190.0,31100.0,20992.0,25916.6667,18909.0
2021-06-05,112582,1,24990.0,31100.0,20825.0,25916.6667,18909.0
2021-06-07,112582,2,25090.0,31100.0,20908.5,25916.6667,18909.00005
2021-06-08,112582,1,24990.0,31100.0,20825.0,25916.6667,18909.0
2021-06-12,112582,1,24990.0,31100.0,20825.0,25916.6667,18909.0
2021-06-14,112582,1,24990.0,31100.0,20825.0,25916.6667,18909.0
2021-06-17,112582,4,21990.0,31100.0,18325.0,25916.6667,18909.0
2021-06-18,112582,1,24990.0,31100.0,20825.0,25916.6667,18909.0
2021-06-19,112582,4,23435.0,31100.0,19529.0,25916.6667,18909.0
2021-06-20,112582,2,21990.0,31100.0,18325.0,25916.6667,18909.00005
2021-06-21,112582,4,21990.0,31100.0,18325.0,25916.6667,18909.0
2021-06-22,112582,9,21990.0,31100.0,18325.0,25916.6667,18909.0
2021-06-23,112582,23,21990.0,31100.0,18325.0,25916.6667,18909.0
2021-06-24,112582,18,21990.0,31100.0,18325.0,25916.6667,18909.0
2021-06-25,112582,56,21990.0,31100.0,18325.0,25916.6667,18909.0
2021-06-26,112582,8,21990.0,31100.0,18325.0,25916.6667,18909.0
2021-06-27,112582,1,21990.0,31100.0,18325.0,25916.6667,18909.0001
2021-06-28,112582,21,21990.0,31100.0,18325.0,25916.6667,18909.0
2021-06-29,112582,63,21990.0,31100.0,18325.0,25916.6667,18909.0
2021-06-30,112582,20,21990.0,31100.0,18325.0,25916.6667,18909.0
2021-07-01,112582,32,21990.0,31100.0,18325.0,25916.6667,18909.0
2021-07-02,112582,23,21990.0,31100.0,18325.0,25916.6667,18909.0
2021-07-03,112582,5,21990.0,31100.0,18325.0,25916.6667,18909.0
2021-07-05,112582,64,21990.0,31100.0,18325.0,25916.6667,18909.0
2021-07-06,112582,30,21990.0,31100.0,18325.0,25916.6667,18909.0
2021-07-07,112582,28,21990.0,31100.0,18325.0,25916.6667,18909.0
2021-07-08,112582,10,22490.0,31100.0,18741.5,25916.6667,18909.0
2021-07-09,112582,11,22990.0,31100.0,19158.0,25916.6667,18909.0
2021-07-10,112582,4,22990.0,31100.0,19158.0,25916.6667,18909.0
2021-07-12,112582,10,22990.0,31100.0,19158.0,25916.6667,18909.0
2021-07-13,112582,11,22990.0,31100.0,19158.0,25916.6667,18909.0
2021-07-14,112582,4,24712.0,31100.0,20593.0,25916.6667,18909.0
2021-07-15,112582,26,22990.0,31100.0,19158.0,25916.6667,18909.0
2021-07-17,112582,18,22990.0,31100.0,19158.0,25916.6667,18909.0
2021-07-19,112582,8,22990.0,31100.0,19158.0,25916.6667,18909.0
2021-07-20,112582,8,22990.0,31100.0,19158.0,25916.6667,19406.5649
2021-07-21,112582,4,24712.0,31100.0,20593.0,25916.6667,19904.1298
2021-07-22,112582,2,25490.0,31100.0,21241.5,25916.6667,19904.1298
2021-07-23,112582,1,26434.0,31100.0,22028.0,25916.6667,19904.1298
2021-07-25,112582,1,27990.0,31100.0,23325.0,25916.6667,19904.1299
2021-07-27,112582,1,22990.0,31100.0,19158.0,25916.6667,19904.1298
2021-07-28,112582,5,22990.0,31100.0,19158.0,25916.6667,19904.1298
2021-07-29,112582,1,27990.0,31100.0,23325.0,25916.6667,19904.1299
2021-07-30,112582,3,27990.0,31100.0,23325.0,25916.6667,19904.1298
2021-07-31,112582,1,27990.0,31100.0,23325.0,25916.6667,19904.1298
2021-08-02,112582,4,24880.0,31100.0,20733.0,25916.6667,19904.12985
2021-08-03,112582,5,24880.0,31100.0,20733.0,25916.6667,19904.1298
2021-08-04,112582,3,24880.0,31100.0,20733.0,25916.6667,19904.1298
2021-08-06,112582,2,24880.0,31100.0,20733.0,25916.6667,19904.12985
2021-08-09,112582,2,24880.0,31100.0,20733.0,25916.6667,19904.1298
2021-08-11,112582,3,24880.0,31100.0,20733.0,25916.6667,19904.1298
2021-08-12,112582,1,27990.0,31100.0,23325.0,25916.6667,19904.1298
2021-08-13,112582,3,24990.0,31100.0,20825.0,25916.6667,19904.1298
2021-08-14,112582,2,25657.0,31100.0,21380.5,25916.6667,19904.1298
2021-08-16,112582,1,26434.0,31100.0,22028.0,25916.6667,19904.1298
2021-08-17,112582,4,26434.0,31100.0,22028.0,25916.6667,19904.1298
2021-08-18,112582,6,27212.0,31100.0,22676.5,25916.6667,19704.5649
2021-08-19,112582,1,27990.0,31100.0,23325.0,25916.6667,19904.1298
2021-08-27,112582,1,22990.0,31100.0,19158.0,25916.6667,19904.1298
2021-08-31,112582,1,27990.0,31100.0,23325.0,25916.6667,19904.1298
2021-09-02,112582,2,26435.0,31100.0,22029.0,25916.6667,19704.5649
2021-09-03,112582,1,22990.0,31100.0,19158.0,25916.6667,19904.1299
2021-09-10,112582,2,24990.0,31100.0,20825.0,25916.6667,19904.1298
2021-09-16,112582,2,26435.0,31100.0,22029.0,25916.6667,19704.5649
2021-09-17,112582,5,24880.0,31100.0,20733.0,25916.6667,19904.0
2021-09-18,112582,1,27990.0,31100.0,23325.0,25916.6667,19904.0
2021-09-28,112582,1,21990.0,31100.0,18325.0,25916.6667,19904.0
2021-10-08,112582,11,21990.0,31100.0,18325.0,25916.6667,19904.1298
2021-10-12,112582,1,24880.0,31100.0,20733.0,25916.6667,19904.0
2021-10-15,112582,1,26434.0,31100.0,22028.0,25916.6667,18909.0
2021-11-03,112582,1,24880.0,31100.0,20733.0,25916.6667,19904.0
2021-11-25,112582,1,29990.0,33322.0,24992.0,27768.5185,19904.0
2021-05-12,163385,1,59990.0,77777.0,49992.0,64813.8889,45499.35
2021-05-13,163385,1,59990.0,77777.0,49992.0,64813.8889,45499.35
2021-05-14,163385,1,59990.0,77777.0,49992.0,64813.8889,45499.35
2021-05-18,163385,1,59990.0,77777.0,49992.0,64813.8889,45499.35
2021-05-19,163385,2,59990.0,77777.0,49992.0,64813.8903,45499.35
2021-05-21,163385,2,59990.0,77777.0,49992.0,64813.8889,45499.35
2021-05-24,163385,1,59990.0,77777.0,49992.0,64813.8889,45499.35
2021-05-25,163385,1,59990.0,77777.0,49992.0,64813.8889,45499.35
2021-05-26,163385,1,59990.0,77777.0,49992.0,64813.8889,45499.35
2021-05-27,163385,1,59990.0,77777.0,49992.0,64813.8889,45499.35
2021-05-28,163385,2,59990.0,77777.0,49992.0,64813.8903,45499.35
2021-05-29,163385,1,59990.0,77777.0,49992.0,64813.8917,45499.35
2021-05-31,163385,1,59990.0,77777.0,49992.0,64813.8917,45499.35
2021-06-01,163385,1,59990.0,79767.0,49992.0,66472.2222,45499.35
2021-06-02,163385,1,59999.0,79767.0,49999.0,66472.2222,45499.35
2021-06-03,163385,3,59990.0,79767.0,49992.0,66472.2222,45499.35
2021-06-04,163385,2,59994.5,79767.0,49995.5,66472.2222,45499.35
2021-06-10,163385,3,59999.0,79767.0,49999.0,66472.2222,45499.35
2021-06-11,163385,6,59999.0,79767.0,49999.0,66472.2222,45499.35
2021-06-13,163385,1,59999.0,79767.0,49999.0,66472.2222,45499.35
2021-06-16,163385,1,53999.0,79767.0,44999.0,66472.2222,45499.35
2021-06-17,163385,2,59999.0,79767.0,49999.0,66472.2222,45499.35
2021-06-19,163385,1,59999.0,79767.0,49999.0,66472.2222,45499.35
2021-06-21,163385,1,53999.0,79767.0,44999.0,66472.2222,45499.35
2021-06-22,163385,1,59999.0,79767.0,49999.0,66472.2222,45499.35
2021-06-29,163385,2,59999.0,79767.0,49999.0,66472.2222,45499.35
2021-07-02,163385,2,59994.5,79767.0,49995.5,66472.2222,45499.35
2021-07-07,163385,1,59990.0,79767.0,49992.0,66472.2222,45499.35
2021-07-08,163385,3,59990.0,79767.0,49992.0,66472.2222,45499.35
2021-07-09,163385,3,59990.0,79767.0,49992.0,66472.2222,45499.35
2021-07-13,163385,1,59990.0,79767.0,49992.0,66472.2222,45499.35
2021-07-14,163385,1,59990.0,79767.0,49992.0,66472.2222,45499.35
2021-07-17,163385,2,59990.0,79767.0,49992.0,66472.2222,45499.35
2021-07-19,163385,2,59990.0,79767.0,49992.0,66472.2222,45499.35
2021-07-22,163385,2,59990.0,79767.0,49992.0,66472.2222,45499.35
2021-07-23,163385,2,59990.0,79767.0,49992.0,66472.2222,45499.35
2021-07-26,163385,1,59990.0,79767.0,49992.0,66472.2222,45499.35
2021-07-27,163385,1,59990.0,79767.0,49992.0,66472.2222,45499.35
2021-07-29,163385,1,59990.0,79767.0,49992.0,66472.2222,45499.35
2021-07-30,163385,2,59990.0,79767.0,49992.0,66472.2222,45499.35
2021-07-31,163385,1,59990.0,79767.0,49992.0,66472.2222,45499.35
2021-08-04,163385,1,59990.0,77777.0,49992.0,64813.8889,45499.35
2021-08-09,163385,1,66107.0,77777.0,55089.0,64813.8889,45499.35
2021-08-11,163385,1,66107.0,77777.0,55089.0,64813.8889,45499.35
2021-08-12,163385,1,66107.0,77777.0,55089.0,64813.8889,45499.35
2021-08-13,163385,1,66107.0,77777.0,55089.0,64813.8889,45499.35
2021-08-14,163385,1,62999.0,77777.0,52499.0,64813.8889,45499.35
2021-08-17,163385,1,59999.0,77777.0,49999.0,64813.8889,45499.35
2021-08-18,163385,2,68053.0,77777.0,56710.5,64813.8889,45499.35
2021-08-19,163385,1,59999.0,77777.0,49999.0,64813.8889,45499.35
2021-08-20,163385,4,59999.0,77777.0,49999.0,64813.8889,45499.3485
2021-08-21,163385,1,59999.0,77777.0,49999.0,64813.8889,45499.347
2021-08-23,163385,1,59999.0,77777.0,49999.0,64813.8889,45499.35
2021-08-24,163385,1,59999.0,77777.0,49999.0,64813.8889,45499.35
2021-08-26,163385,1,59999.0,77777.0,49999.0,64813.8889,45499.35
2021-08-28,163385,1,59999.0,77777.0,49999.0,64813.8889,45499.35
2021-09-01,163385,1,59999.0,77777.0,49999.0,64813.8889,45499.35
2021-09-02,163385,2,63053.0,77777.0,52544.0,64813.8889,45499.3485
2021-09-03,163385,2,59994.5,77777.0,49995.5,64813.8889,45499.347
2021-09-06,163385,1,59990.0,77777.0,49992.0,64813.8889,45499.35
2021-09-07,163385,1,59990.0,77777.0,49992.0,64813.8889,45499.347
2021-09-08,163385,1,59990.0,77777.0,49992.0,64813.8889,45499.35
2021-09-09,163385,3,59990.0,77777.0,49992.0,64813.8889,45499.35
2021-09-14,163385,2,59990.0,77777.0,49992.0,64813.8889,45499.3485
2021-09-16,163385,2,59990.0,77777.0,49992.0,64813.8889,43026.7076
2021-09-17,163385,1,59990.0,77777.0,49992.0,64813.8889,45499.35
2021-09-18,163385,2,59990.0,77777.0,49992.0,64813.8889,43026.7091
2021-09-21,163385,1,59990.0,77777.0,49992.0,64813.8889,40554.0682
2021-09-28,163385,1,59990.0,77777.0,49992.0,64813.8889,45499.347
2021-10-01,163385,2,55011.0,77777.0,45842.5,64813.8889,40554.0682
2021-10-07,163385,1,58379.0,77777.0,48649.0,64813.8889,40554.0682
2021-10-14,163385,1,59999.0,77777.0,49999.0,64813.8889,45499.347
2021-10-22,163385,2,59999.0,77777.0,49999.0,64813.8889,45499.347
2021-10-25,163385,1,59999.0,77777.0,49999.0,64813.8889,40554.0682
2021-11-01,163385,1,59999.0,77777.0,49999.0,64813.8889,45499.35
2021-11-02,163385,1,58330.0,77777.0,48608.0,64813.8889,45499.347
2021-11-03,163385,6,58330.0,77777.0,48608.0,64813.8889,43116.9601
2021-11-04,163385,1,58330.0,77777.0,48608.0,64813.8889,45499.347
2021-11-06,163385,3,58330.0,77777.0,48608.0,64813.8889,40661.578
2021-11-07,163385,2,58330.0,77777.0,48608.0,64813.8889,45499.35
2021-11-08,163385,1,58330.0,77777.0,48608.0,64813.8889,40661.578
2021-11-09,163385,1,58330.0,77777.0,48608.0,64813.8889,40661.578
2021-11-10,163385,2,58330.0,77777.0,48608.0,64813.8889,40661.578
2021-11-11,163385,1,58330.0,77777.0,48608.0,64813.8889,40554.0682
2021-11-13,163385,3,58330.0,77777.0,48608.0,64813.8889,40661.578
2021-11-14,163385,1,58330.0,77777.0,48608.0,64813.8889,45499.347
2021-11-15,163385,2,59164.5,77777.0,49303.5,64813.8889,43080.4625
2021-11-16,163385,1,59999.0,77777.0,49999.0,64813.8889,40661.578
2021-11-17,163385,1,59999.0,77777.0,49999.0,64813.8889,40554.0682
2021-11-18,163385,2,59999.0,77777.0,49999.0,64813.8889,43080.4625
2021-11-19,163385,2,59999.0,77777.0,49999.0,64813.8889,43026.7076
2021-11-22,163385,2,59999.0,77777.0,49999.0,64813.8889,40661.578
2021-11-23,163385,1,59999.0,77777.0,49999.0,64813.8889,40661.578
2021-11-24,163385,5,54990.0,77777.0,45825.0,64813.8889,40737.6309
2021-11-25,163385,3,54990.0,77777.0,45825.0,64813.8889,45499.35
2021-11-26,163385,15,54990.0,77777.0,45825.0,64813.8889,45499.35
2021-11-27,163385,10,54990.0,77777.0,45825.0,64813.8889,45499.35
2021-11-28,163385,5,54990.0,77777.0,45825.0,64813.8889,40737.6309
2021-11-29,163385,16,54990.0,77777.0,45825.0,64813.8889,40737.6309
2021-11-30,163385,10,54990.0,77777.0,45825.0,64813.8889,43118.48895
2021-12-01,163385,6,54990.0,77777.0,45825.0,64813.8889,40737.6309
2021-12-02,163385,8,54990.0,77777.0,45825.0,64813.8889,40737.6309
2021-12-03,163385,6,54990.0,77777.0,45825.0,64813.8889,40645.84955
2021-12-04,163385,4,54990.0,77777.0,45825.0,64813.8889,40554.0682
2021-12-05,163385,1,54990.0,77777.0,45825.0,64813.8889,40737.6309
2021-12-06,163385,1,54990.0,77777.0,45825.0,64813.8889,40737.6309
2021-12-07,163385,3,54990.0,77777.0,45825.0,64813.8889,40554.0682
2021-12-08,163385,3,54990.0,77777.0,45825.0,64813.8889,40737.6309
2021-12-09,163385,2,54990.0,77777.0,45825.0,64813.8889,43118.49045
2021-12-10,163385,3,59999.0,77777.0,49999.0,64813.8889,40737.6309
2021-12-13,163385,2,57494.5,77777.0,47912.0,64813.8889,40699.6046
2021-12-14,163385,2,57494.5,77777.0,47912.0,64813.8889,43118.49045
2021-12-15,163385,1,59999.0,77777.0,49999.0,64813.8889,40737.6309
2021-12-17,163385,2,57494.5,77777.0,47912.0,64813.8889,40737.6309
2021-12-18,163385,1,59999.0,77777.0,49999.0,64813.8889,44633.5836
2021-12-20,163385,1,59999.0,77777.0,49999.0,64813.8889,40661.5783
2021-12-22,163385,2,59999.0,77777.0,49999.0,64813.8889,44633.5836
2021-12-23,163385,1,59999.0,77777.0,49999.0,64813.8889,44633.5836
2021-12-24,163385,5,59999.0,77777.0,49999.0,64813.8889,44633.5836
2021-12-25,163385,1,59999.0,77777.0,49999.0,64813.8889,44633.5836
2021-12-26,163385,1,59999.0,77777.0,49999.0,64813.8889,45499.3468
2021-12-27,163385,4,59999.0,77777.0,49999.0,64813.8889,45066.4652
2021-12-28,163385,1,59999.0,77777.0,49999.0,64813.8889,44633.5836
2021-12-29,163385,1,59999.0,77777.0,49999.0,64813.8889,45499.347
2021-12-30,163385,4,59999.0,77777.0,49999.0,64813.8889,44633.5836
2021-12-31,163385,4,59999.0,77777.0,49999.0,64813.8889,44633.5836
