sales_data.csv
sale_date,product_id,quantity,sales_price_tax,regular_price_tax,sales_price,regular_price,purchase_price
2021-05-31,164725,1,25990.0,28878.0,21658.0,24064.8148,18800.0
2021-06-14,164725,1,21657.0,28878.0,18048.0,24064.8148,18800.0
2021-06-16,164725,1,24990.0,28878.0,20825.0,24064.8148,18800.0
2021-06-17,164725,1,21657.0,28878.0,18048.0,24064.8148,18800.0
2021-06-18,164725,1,21657.0,28878.0,18048.0,24064.8148,18800.0
2021-06-20,164725,4,21657.0,28878.0,18048.0,24064.8148,18800.0
2021-06-21,164725,2,22380.0,28878.0,18650.0,24064.8148,18800.0
2021-06-22,164725,6,22380.0,28878.0,18650.0,24064.8148,18800.0
2021-06-23,164725,4,22380.0,28878.0,18650.0,24064.8148,18800.0
2021-06-24,164725,7,21657.0,28878.0,18048.0,24064.8148,18800.0
2021-06-25,164725,8,23103.0,28878.0,19252.0,24064.8148,18800.00005
2021-06-26,164725,7,23103.0,28878.0,19252.0,24064.8148,18800.0001
2021-06-27,164725,2,23103.0,28878.0,19252.0,24064.8148,18800.0001
2021-06-28,164725,18,23103.0,28878.0,19252.0,24064.8148,18800.0
2021-06-29,164725,27,23103.0,28878.0,19252.0,24064.8148,18800.0
2021-06-30,164725,22,23103.0,28878.0,19252.0,24064.8148,18800.0
2021-07-01,164725,18,23103.0,28878.0,19252.0,24064.8148,18800.0
2021-07-02,164725,8,23103.0,28878.0,19252.0,24064.8148,18800.0
2021-07-03,164725,1,23103.0,28878.0,19252.0,24064.8148,18800.0
2021-07-05,164725,4,23103.0,28878.0,19252.0,24064.8148,18800.0
2021-07-06,164725,6,23103.0,28878.0,19252.0,24064.8148,18800.0
2021-07-07,164725,7,23103.0,28878.0,19252.0,24064.8148,18800.0
2021-07-08,164725,2,24546.5,28878.0,20455.0,24064.8148,18800.0
2021-07-09,164725,2,24546.5,28878.0,20455.0,24064.8148,18800.00005
2021-07-10,164725,2,24546.5,28878.0,20455.0,24064.8148,18800.0
2021-07-12,164725,3,25990.0,28878.0,21658.0,24064.8148,18800.0
2021-07-13,164725,3,23103.0,28878.0,19252.0,24064.8148,18800.0
2021-07-14,164725,1,23103.0,28878.0,19252.0,24064.8148,18800.0
2021-07-17,164725,2,23103.0,28878.0,19252.0,24064.8148,18800.0
2021-07-19,164725,2,23103.0,28878.0,19252.0,24064.8148,18800.0
2021-07-20,164725,2,25267.5,28878.0,21056.0,24064.8148,18800.0
2021-07-21,164725,3,25990.0,28878.0,21658.0,24064.8148,18800.0
2021-07-22,164725,2,24546.5,28878.0,20455.0,24064.8148,18800.0
2021-07-23,164725,2,25990.0,28878.0,21658.0,24064.8148,19033.33335
2021-07-24,164725,1,25990.0,28878.0,21658.0,24064.8148,19499.9999
2021-07-27,164725,2,25267.5,28878.0,21056.0,24064.8148,19149.99995
2021-07-29,164725,4,24546.5,28878.0,20455.0,24064.8148,19033.3333165
2021-07-30,164725,1,24545.0,28878.0,20454.0,24064.8148,18800.0
2021-07-31,164725,1,23103.0,28878.0,19252.0,24064.8148,19500.0
2021-08-04,164725,1,24000.0,28878.0,20000.0,24064.8148,19500.0
2021-08-11,164725,1,24545.0,28878.0,20454.0,24064.8148,19499.9999
2021-08-13,164725,1,25990.0,28878.0,21658.0,24064.8148,18800.0
2021-08-22,164725,1,25990.0,28878.0,21658.0,24064.8148,18800.0
2021-08-26,164725,1,25990.0,28878.0,21658.0,24064.8148,19500.0
2021-09-20,164725,1,25990.0,28878.0,21658.0,24064.8148,18800.0
2021-10-08,164725,1,23103.0,28878.0,19252.0,24064.8148,18800.0
2021-06-05,162101,3,17990.0,31100.0,14992.0,25916.6667,20500.0
2021-06-06,162101,1,17990.0,31100.0,14992.0,25916.6667,20499.9999
2021-06-07,162101,4,17990.0,31100.0,14992.0,25916.6667,20500.0
2021-06-08,162101,1,17990.0,31100.0,14992.0,25916.6667,20500.0
2021-06-09,162101,3,17990.0,31100.0,14992.0,25916.6667,20500.0
2021-06-10,162101,4,17990.0,31100.0,14992.0,25916.6667,20499.99995
2021-06-11,162101,12,17990.0,31100.0,14992.0,25916.6667,20500.0
2021-06-12,162101,6,17990.0,31100.0,14992.0,25916.6667,20499.99995
2021-06-14,162101,9,17990.0,31100.0,14992.0,25916.6667,20500.0
2021-06-15,162101,3,17990.0,31100.0,14992.0,25916.6667,20500.0
2021-06-16,162101,7,17990.0,31100.0,14992.0,25916.6667,20500.0
2021-06-17,162101,11,17990.0,31100.0,14992.0,25916.6667,20500.0
2021-06-18,162101,12,17990.0,31100.0,14992.0,25916.6667,20500.0
2021-06-19,162101,7,17990.0,31100.0,14992.0,25916.6667,20500.0
2021-06-21,162101,8,17990.0,31100.0,14992.0,25916.6667,20500.0
2021-06-22,162101,2,16191.0,31100.0,13492.0,25916.6667,20500.0
2021-06-23,162101,12,17990.0,31100.0,14992.0,25916.6667,20500.0
2021-06-24,162101,8,17990.0,31100.0,14992.0,25916.6667,20500.0
2021-06-25,162101,7,17990.0,31100.0,14992.0,25916.6667,20500.0
2021-06-28,162101,2,17990.0,31100.0,14992.0,25916.6667,20500.0
2021-06-29,162101,10,17990.0,31100.0,14992.0,25916.6667,20500.0
2021-07-01,162101,7,17990.0,31100.0,14992.0,25916.6667,20500.0
2021-07-02,162101,1,17990.0,31100.0,14992.0,25916.6667,20500.0
2021-07-05,162101,2,17990.0,31100.0,14992.0,25916.6667,20500.0
2021-07-08,162101,2,20590.5,31100.0,17158.5,25916.6667,20500.0
2021-07-10,162101,4,21490.0,31100.0,17908.5,25916.6667,20499.9999165
2021-07-12,162101,1,24990.0,31100.0,20825.0,25916.6667,20499.9999
2021-07-13,162101,2,24990.0,31100.0,20825.0,25916.6667,20499.9999
2021-07-14,162101,3,24990.0,31100.0,20825.0,25916.6667,20999.49995
2021-07-15,162101,1,24990.0,31100.0,20825.0,25916.6667,20499.9999
2021-07-20,162101,1,24990.0,31100.0,20825.0,25916.6667,22500.0
2021-07-22,162101,1,24990.0,31100.0,20825.0,25916.6667,20499.9999
2021-07-27,162101,1,24990.0,31100.0,20825.0,25916.6667,20499.9999
2021-07-28,162101,1,24990.0,31100.0,20825.0,25916.6667,21500.0
2021-07-31,162101,1,14988.0,31100.0,12490.0,25916.6667,21500.0
2021-08-02,162101,1,24990.0,31100.0,20825.0,25916.6667,21500.0
2021-08-06,162101,1,24990.0,31100.0,20825.0,25916.6667,21500.0
2021-08-11,162101,1,24990.0,31100.0,20825.0,25916.6667,21500.0
2021-08-12,162101,1,26434.0,31100.0,22028.0,25916.6667,21500.0
2021-08-13,162101,1,14988.0,31100.0,12490.0,25916.6667,21500.0
2021-09-02,162101,1,27990.0,31100.0,23325.0,25916.6667,21500.0
2021-09-04,162101,1,27990.0,31100.0,23325.0,25916.6667,21500.0
2021-09-11,162101,1,27990.0,31100.0,23325.0,25916.6667,21500.0
2021-09-21,162101,1,26434.0,31100.0,22028.0,25916.6667,21500.0
2021-09-30,162101,1,27990.0,31100.0,23325.0,25916.6667,21500.0
2021-10-04,162101,1,26990.0,31100.0,22492.0,25916.6667,21499.9999
2021-10-07,162101,2,24880.0,31100.0,20733.0,25916.6667,21000.0
2021-10-08,162101,1,24990.0,31100.0,20825.0,25916.6667,21000.0
2021-10-16,162101,1,26990.0,31100.0,22492.0,25916.6667,21499.9999
2021-10-17,162101,1,26990.0,31100.0,22492.0,25916.6667,21499.9999
2021-10-18,162101,1,26990.0,31100.0,22492.0,25916.6667,21000.0
2021-10-21,162101,1,27990.0,31100.0,23325.0,25916.6667,21000.0
2021-10-27,162101,1,27990.0,31100.0,23325.0,25916.6667,21000.0
2021-11-01,162101,2,24990.0,31100.0,20825.0,25916.6667,20999.9999
2021-11-02,162101,1,24990.0,31100.0,20825.0,25916.6667,21499.9999
2021-11-03,162101,2,25490.0,31100.0,21241.5,25916.6667,21000.0
2021-11-05,162101,2,24990.0,31100.0,20825.0,25916.6667,21000.0
2021-11-08,162101,1,24990.0,31100.0,20825.0,25916.6667,21000.0
2021-11-09,162101,2,24990.0,31100.0,20825.0,25916.6667,21000.0
2021-11-14,162101,1,24990.0,31100.0,20825.0,25916.6667,21000.0001
2021-11-15,162101,1,24990.0,31100.0,20825.0,25916.6667,21000.0001
2021-11-18,162101,3,24990.0,31100.0,20825.0,25916.6667,21000.0001
2021-11-19,162101,3,24990.0,31100.0,20825.0,25916.6667,21000.0
2021-11-22,162101,1,24990.0,31100.0,20825.0,25916.6667,21000.0
2021-11-23,162101,7,24990.0,31100.0,20825.0,25916.6667,21000.000066
2021-11-25,162101,3,24990.0,31100.0,20825.0,25916.6667,21000.0001
2021-11-26,162101,1,24990.0,31100.0,20825.0,25916.6667,21000.0001
2021-11-27,162101,1,24990.0,31100.0,20825.0,25916.6667,21000.0001
2021-11-28,162101,2,24990.0,31100.0,20825.0,25916.6667,21000.00005
2021-11-29,162101,1,24990.0,31100.0,20825.0,25916.6667,21000.0
2021-11-30,162101,5,24990.0,31100.0,20825.0,25916.6667,21000.0
2021-12-02,162101,1,24990.0,31100.0,20825.0,25916.6667,21000.0001
2021-12-06,162101,2,24990.0,31100.0,20825.0,25916.6667,21000.0
2021-12-07,162101,2,24990.0,31100.0,20825.0,25916.6667,21000.00005
2021-12-13,162101,2,24990.0,31100.0,20825.0,25916.6667,21000.0001
2021-12-14,162101,2,24990.0,31100.0,20825.0,25916.6667,21000.0
2021-12-15,162101,2,24990.0,31100.0,20825.0,25916.6667,21000.0
2021-12-16,162101,1,24990.0,31100.0,20825.0,25916.6667,21000.0
2021-12-20,162101,2,24990.0,31100.0,20825.0,25916.6667,21000.0
2021-12-27,162101,2,24990.0,31100.0,20825.0,25916.6667,21250.0
2021-12-29,162101,2,24990.0,31100.0,20825.0,25916.6667,21000.0
2021-12-31,162101,2,24990.0,31100.0,20825.0,25916.6667,21249.99995
2021-06-23,160649,4,15102.0,18878.0,12585.0,15731.4815,8955.4159
2021-06-28,160649,1,15102.0,18878.0,12585.0,15731.4815,8955.4159
2021-06-29,160649,3,16990.0,18878.0,14158.0,15731.4815,8955.4159
2021-07-02,160649,3,16990.0,18878.0,14158.0,15731.4815,8955.4159
2021-07-03,160649,6,16990.0,18878.0,14158.0,15731.4815,8955.4159
2021-07-06,160649,21,16990.0,18878.0,14158.0,15731.4815,8955.4159
2021-07-07,160649,6,16990.0,18878.0,14158.0,15731.4824,8955.4159
2021-07-08,160649,16,16990.0,18878.0,14158.0,15731.4815,8955.4159
2021-07-09,160649,6,16990.0,18878.0,14158.0,15731.4815,8955.4159
2021-07-10,160649,10,16990.0,18878.0,14158.0,15731.4815,8955.4159
2021-07-11,160649,1,16990.0,18878.0,14158.0,15731.4815,8955.4159
2021-07-12,160649,58,16990.0,18878.0,14158.0,15731.4815,8955.4159
2021-07-13,160649,13,16990.0,18878.0,14158.0,15731.4815,8955.4159
2021-07-14,160649,2,16990.0,18878.0,14158.0,15731.4815,8955.4159
2021-07-15,160649,3,16990.0,18878.0,14158.0,15731.4815,8955.4159
2021-07-16,160649,6,15102.0,18878.0,12585.0,15731.4815,8955.4159
2021-07-17,160649,1,16990.0,18878.0,14158.0,15731.4815,8955.4159
2021-07-19,160649,3,16990.0,18878.0,14158.0,15731.4815,8955.4159
2021-07-20,160649,1,16990.0,18878.0,14158.0,15731.4815,8955.4159
2021-07-21,160649,1,16990.0,18878.0,14158.0,15731.4815,8955.4159
2021-07-22,160649,14,16990.0,18878.0,14158.0,15731.4815,8955.4159
2021-07-23,160649,7,16990.0,18878.0,14158.0,15731.4815,8955.4159
2021-07-26,160649,2,16990.0,18878.0,14158.0,15731.4815,8955.4159
2021-07-27,160649,1,16990.0,18878.0,14158.0,15731.4815,8955.4159
2021-07-30,160649,3,16990.0,18878.0,14158.0,15731.4815,8955.4159
2021-08-02,160649,1,16990.0,18878.0,14158.0,15731.4815,8955.4159
2021-08-10,160649,1,16990.0,18878.0,14158.0,15731.4815,8955.4159
2021-08-11,160649,2,16517.5,18878.0,13764.5,15731.4815,8955.4159
2021-08-14,160649,1,16990.0,18878.0,14158.0,15731.4815,8955.4159
2021-08-17,160649,3,15102.0,18878.0,12585.0,15731.4815,8955.4159
2021-08-24,160649,1,15102.0,18878.0,12585.0,15731.4815,8955.4159
2021-08-27,160649,1,12990.0,18878.0,10825.0,15731.4815,8955.4159
2021-09-06,160649,1,12990.0,18878.0,10825.0,15731.4815,8955.4159
2021-09-14,160649,1,12990.0,18878.0,10825.0,15731.4815,8955.4159
2021-09-23,160649,1,12990.0,18878.0,10825.0,15731.4815,8422.963
2021-12-31,160649,1,16990.0,18878.0,14158.0,15731.4815,8955.4159
2021-11-24,177925,3,10990.0,22211.0,9158.0,18509.2593,7035.6001
2021-11-25,177925,12,10990.0,22211.0,9158.0,18509.2593,7035.6001
2021-11-26,177925,8,8990.0,22211.0,7492.0,18509.2593,7035.6001
2021-11-27,177925,10,8990.0,22211.0,7492.0,18509.2593,7035.6001
2021-11-28,177925,9,8990.0,22211.0,7492.0,18509.2593,7035.6001
2021-11-29,177925,19,8990.0,22211.0,7492.0,18509.2593,7035.6001
2021-11-30,177925,22,8990.0,22211.0,7492.0,18509.2593,7035.6001
2021-12-01,177925,6,8990.0,22211.0,7492.0,18509.2593,7035.6
2021-12-02,177925,3,9990.0,22211.0,8325.0,18509.2593,7035.600025
2021-12-03,177925,2,9490.0,22211.0,7908.5,18509.2593,7035.60005
2021-12-04,177925,4,9990.0,22211.0,8325.0,18509.2593,7035.6001
2021-12-05,177925,1,9990.0,22211.0,8325.0,18509.2593,7035.6001
2021-12-06,177925,6,8990.0,22211.0,7492.0,18509.2593,7035.6
2021-12-07,177925,15,8990.0,22211.0,7492.0,18509.2593,7035.6
2021-12-08,177925,21,8990.0,22211.0,7492.0,18509.2593,7035.6
2021-12-09,177925,15,8990.0,22211.0,7492.0,18509.2593,7035.6
2021-12-10,177925,11,8990.0,22211.0,7492.0,18509.2593,7035.6
2021-12-11,177925,4,9490.0,22211.0,7908.5,18509.2593,7035.6
2021-12-12,177925,3,9990.0,22211.0,8325.0,18509.2593,7035.6001
2021-12-13,177925,28,8990.0,22211.0,7492.0,18509.2593,7035.6
2021-12-14,177925,11,8990.0,22211.0,7492.0,18509.2593,7035.6001
2021-12-15,177925,13,9990.0,22211.0,8325.0,18509.2593,7035.6001
2021-12-16,177925,15,8990.0,22211.0,7492.0,18509.2593,7035.6001
2021-12-17,177925,3,9990.0,22211.0,8325.0,18509.2593,7035.6001
2021-12-18,177925,1,9990.0,22211.0,8325.0,18509.2593,7035.6001
2021-12-20,177925,18,8990.0,22211.0,7492.0,18509.2593,7035.6001
2021-12-21,177925,12,8990.0,22211.0,7492.0,18509.2593,7035.6001
2021-12-22,177925,5,8990.0,22211.0,7492.0,18509.2593,7035.6001
2021-12-23,177925,7,9990.0,22211.0,8325.0,18509.2593,7035.6001
2021-12-24,177925,5,9990.0,22211.0,8325.0,18509.2593,7035.6001
2021-12-25,177925,2,9990.0,22211.0,8325.0,18509.2593,7035.60005
2021-12-26,177925,2,9990.0,22211.0,8325.0,18509.2593,7035.6001
2021-12-27,177925,18,9990.0,22211.0,8325.0,18509.2593,7035.6
2021-12-28,177925,7,9990.0,22211.0,8325.0,18509.2593,7035.6
2021-12-29,177925,4,9990.0,22211.0,8325.0,18509.2593,7035.6
2021-12-30,177925,7,9990.0,22211.0,8325.0,18509.2593,7035.6001
2021-12-31,177925,15,9990.0,22211.0,8325.0,18509.2593,7035.6
